[
  [0,0,null,null,["faint"]],
  [0,3,null,null,[]],
  [0,4,null,null,["bold","faint"]],
  [0,59,null,null,[]],
  [0,60,null,null,["faint"]],
  [0,64,null,null,[]],
  [1,0,null,null,["faint"]],
  [1,1,null,null,[]],
  [1,63,null,null,["faint"]],
  [1,64,null,null,[]],
  [2,0,null,null,["faint"]],
  [2,1,null,null,[]],
  [2,3,null,null,["faint"]],
  [2,57,null,null,[]],
  [2,63,null,null,["faint"]],
  [2,64,null,null,[]],
  [3,0,null,null,["faint"]],
  [3,1,null,null,[]],
  [3,3,null,null,["faint"]],
  [3,40,null,null,[]],
  [3,63,null,null,["faint"]],
  [3,64,null,null,[]],
  [4,0,null,null,["faint"]],
  [4,1,null,null,[]],
  [4,63,null,null,["faint"]],
  [4,64,null,null,[]],
  [5,0,null,null,["faint"]],
  [5,1,null,null,["faint"]],
  [5,51,null,null,[]],
  [5,52,null,null,["bold","faint"]],
  [5,57,null,null,[]],
  [5,58,null,null,["bold","faint"]],
  [5,60,null,null,[]],
  [5,61,null,null,["faint"]],
  [5,63,null,null,["faint"]],
  [5,64,null,null,[]]
]