╭──    ────────────────────────────────────────────────────────────────────╮
│ /golden/stub/path                                                        │
├───────── Estrutura ─────────┬───────────────── Arquivos ─────────────────┤
│  001                        │● vault0                 0 B  01/01/24 12:00│
│                             │● vault1                 0 B  01/01/24 12:00│
│                             │● vault2                 0 B  01/01/24 12:00│
│                             │● vault3                 0 B  01/01/24 12:00│
│                             │● vault4                 0 B  01/01/24 12:00│
│                             │                                            │
│                             │                                            │
│                             │                                            │
│                             │                                            │
│                             │                                            │
│                             │                                            │
│                             │                                            │
│                             │                                            │
│                             │                                            │
│                             │                                            │
╰──  Enter Abrir ─────────────┴─────────────────────────── Esc Cancelar  ──╯