╭──  Salvar cofre  ────────────────────────────────────────────────────────╮
│ /golden/stub/path                                                        │
├───────── Estrutura ─────────┬───────────────── Arquivos ─────────────────┤
│  001                        │                                            │
│                             │                                            │
│                             │                                            │
│                             │                                            │
│                             │                                            │
│                             │                                            │
│                             │        Nenhum cofre neste diretório        │
│                             │                                            │
│                             │                                            │
│                             │                                            │
│                             │                                            │
│                             │                                            │
├─────────────────────────────┴────────────────────────────────────────────┤
│ Arquivo: ▌                                                               │
╰──  Enter Salvar ──────────────────────────────────────── Esc Cancelar  ──╯