╭── Ajuda — Atalhos e Ações ─────────────╮
│                                        │
│    F4  Salvar cofre atual              ↑
│    F5  Fechar cofre                    │
│    F6  Exportar cofre                  │
│  Edição                                │
│    ⌃N  Novo segredo                    │
│    ⌃D  Duplicar segredo                │
│    ⌃X  Cortar segredo                  ■
│    ⌃V  Colar segredo                   │
│    Delete  Excluir segredo             │
│  Geral                                 │
│    ⌃C  Copiar valor                    │
│    ⌃S  Salvar alterações               ↓
│                                        │
╰─────────────────────────── Esc Fechar ─╯