╭── Ajuda — Atalhos e Ações ─╮
│                   │
│    F2  Novo     
cofre            │
│    F3  Abrir    
cofre            │
│    F4  Salvar   
cofre            │
│                   │
│                   │
│                   │
│                   │
│                   │
│                   │
╰────── Esc Fechar ─╯