[
  [0,0,null,null,["faint"]],
  [0,3,null,null,[]],
  [0,4,null,null,["bold","faint"]],
  [0,22,null,null,[]],
  [0,23,null,null,["faint"]],
  [0,50,null,null,[]],
  [1,0,null,null,["faint"]],
  [1,1,null,null,[]],
  [1,49,null,null,["faint"]],
  [1,50,null,null,[]],
  [2,0,null,null,["faint"]],
  [2,1,null,null,[]],
  [2,3,null,null,["bold","faint"]],
  [2,13,null,null,[]],
  [2,49,null,null,["faint"]],
  [2,50,null,null,[]],
  [3,0,null,null,["faint"]],
  [3,1,null,null,[]],
  [3,3,"#000000","#000000",["faint"]],
  [3,47,null,null,[]],
  [3,49,null,null,["faint"]],
  [3,50,null,null,[]],
  [4,0,null,null,["faint"]],
  [4,1,null,null,[]],
  [4,49,null,null,["faint"]],
  [4,50,null,null,[]],
  [5,0,null,null,["faint"]],
  [5,1,null,null,[]],
  [5,3,"#000000",null,["faint"]],
  [5,14,null,null,[]],
  [5,49,null,null,["faint"]],
  [5,50,null,null,[]],
  [6,0,null,null,["faint"]],
  [6,1,null,null,[]],
  [6,3,"#000000","#000000",["faint"]],
  [6,47,null,null,[]],
  [6,49,null,null,["faint"]],
  [6,50,null,null,[]],
  [7,0,null,null,["faint"]],
  [7,1,null,null,[]],
  [7,49,null,null,["faint"]],
  [7,50,null,null,[]],
  [8,0,null,null,["faint"]],
  [8,1,null,null,[]],
  [8,3,"#000000",null,["faint"]],
  [8,10,null,"#00ffff",["faint"]],
  [8,15,null,null,[]],
  [8,49,null,null,["faint"]],
  [8,50,null,null,[]],
  [9,0,null,null,["faint"]],
  [9,1,null,null,[]],
  [9,49,null,null,["faint"]],
  [9,50,null,null,[]],
  [10,0,null,null,["faint"]],
  [10,1,null,null,["faint"]],
  [10,3,null,null,[]],
  [10,4,null,null,["bold","faint"]],
  [10,9,"#000000",null,["faint"]],
  [10,19,null,null,[]],
  [10,20,null,null,["faint"]],
  [10,33,null,null,[]],
  [10,34,null,null,["faint"]],
  [10,37,"#000000",null,["faint"]],
  [10,46,null,null,[]],
  [10,47,null,null,["faint"]],
  [10,49,null,null,["faint"]],
  [10,50,null,null,[]]
]