=== RUN   TestActionManager_DispatchScopeLocal
--- PASS: TestActionManager_DispatchScopeLocal (0.00s)
=== RUN   TestActionManager_DispatchScopeGlobal
--- PASS: TestActionManager_DispatchScopeGlobal (0.00s)
=== RUN   TestActionManager_DispatchEnabled
--- PASS: TestActionManager_DispatchEnabled (0.00s)
=== RUN   TestActionManager_ActiveOwnerPriority
--- PASS: TestActionManager_ActiveOwnerPriority (0.00s)
=== RUN   TestActionManager_ClearOwned
--- PASS: TestActionManager_ClearOwned (0.00s)
=== RUN   TestActionManager_Visible
--- PASS: TestActionManager_Visible (0.00s)
=== RUN   TestActionManager_All
--- PASS: TestActionManager_All (0.00s)
=== RUN   TestActionManager_Dispatch_MultiKey
--- PASS: TestActionManager_Dispatch_MultiKey (0.00s)
=== RUN   TestActionManager_Dispatch_MultiKey_InFlowOrModal
--- PASS: TestActionManager_Dispatch_MultiKey_InFlowOrModal (0.00s)
=== RUN   TestActionManager_Visible_HidesFromBar
--- PASS: TestActionManager_Visible_HidesFromBar (0.00s)
=== RUN   TestActionManager_Visible_DisabledExcluded
--- PASS: TestActionManager_Visible_DisabledExcluded (0.00s)
=== RUN   TestRenderCommandBar_MultiKeyShowsFirst
--- PASS: TestRenderCommandBar_MultiKeyShowsFirst (0.00s)
=== RUN   TestRenderCommandBar_TruncatesLowestPriority
--- PASS: TestRenderCommandBar_TruncatesLowestPriority (0.00s)
=== RUN   TestRenderCommandBar_NarrowTerminal_F1Only
--- PASS: TestRenderCommandBar_NarrowTerminal_F1Only (0.00s)
=== RUN   TestRenderCommandBar_Golden
=== RUN   TestRenderCommandBar_Golden/no-actions-30
=== RUN   TestRenderCommandBar_Golden/no-actions-60
=== RUN   TestRenderCommandBar_Golden/f1-only-30
    actions_test.go:413: golden mismatch for testdata\golden\commandbar-f1-only-30.json.golden:
        want:
        [
          [0,22,null,null,["bold","faint"]],
          [0,24,null,null,[]],
          [0,25,null,null,["faint"]],
          [0,30,null,null,[]]
        ]
        got:
        [
          [0,22,null,null,["bold","faint"]],
          [0,24,null,null,[]],
          [0,25,null,null,["faint"]],
          [0,30,null,null,[]]
        ]
=== RUN   TestRenderCommandBar_Golden/f1-only-60
    actions_test.go:413: golden mismatch for testdata\golden\commandbar-f1-only-60.json.golden:
        want:
        [
          [0,52,null,null,["bold","faint"]],
          [0,54,null,null,[]],
          [0,55,null,null,["faint"]],
          [0,60,null,null,[]]
        ]
        got:
        [
          [0,52,null,null,["bold","faint"]],
          [0,54,null,null,[]],
          [0,55,null,null,["faint"]],
          [0,60,null,null,[]]
        ]
=== RUN   TestRenderCommandBar_Golden/typical-30
    actions_test.go:413: golden mismatch for testdata\golden\commandbar-typical-30.json.golden:
        want:
        [
          [0,2,null,null,["bold","faint"]],
          [0,4,null,null,[]],
          [0,5,null,null,["faint"]],
          [0,11,null,null,["faint"]],
          [0,14,null,null,["bold","faint"]],
          [0,16,null,null,[]],
          [0,17,null,null,["faint"]],
          [0,21,null,null,[]],
          [0,22,null,null,["bold","faint"]],
          [0,24,null,null,[]],
          [0,25,null,null,["faint"]],
          [0,30,null,null,[]]
        ]
        got:
        [
          [0,2,null,null,["bold","faint"]],
          [0,4,null,null,[]],
          [0,5,null,null,["faint"]],
          [0,11,"#000000",null,["faint"]],
          [0,14,null,null,["bold","faint"]],
          [0,16,null,null,[]],
          [0,17,null,null,["faint"]],
          [0,21,null,null,[]],
          [0,22,null,null,["bold","faint"]],
          [0,24,null,null,[]],
          [0,25,null,null,["faint"]],
          [0,30,null,null,[]]
        ]
=== RUN   TestRenderCommandBar_Golden/typical-60
    actions_test.go:413: golden mismatch for testdata\golden\commandbar-typical-60.json.golden:
        want:
        [
          [0,2,null,null,["bold","faint"]],
          [0,4,null,null,[]],
          [0,5,null,null,["faint"]],
          [0,11,null,null,["faint"]],
          [0,14,null,null,["bold","faint"]],
          [0,16,null,null,[]],
          [0,17,null,null,["faint"]],
          [0,21,null,null,["faint"]],
          [0,24,null,null,["bold","faint"]],
          [0,26,null,null,[]],
          [0,27,null,null,["faint"]],
          [0,32,null,null,["faint"]],
          [0,35,null,null,["bold","faint"]],
          [0,37,null,null,[]],
          [0,38,null,null,["faint"]],
          [0,45,null,null,[]],
          [0,52,null,null,["bold","faint"]],
          [0,54,null,null,[]],
          [0,55,null,null,["faint"]],
          [0,60,null,null,[]]
        ]
        got:
        [
          [0,2,null,null,["bold","faint"]],
          [0,4,null,null,[]],
          [0,5,null,null,["faint"]],
          [0,11,"#000000",null,["faint"]],
          [0,14,null,null,["bold","faint"]],
          [0,16,null,null,[]],
          [0,17,null,null,["faint"]],
          [0,21,"#000000",null,["faint"]],
          [0,24,null,null,["bold","faint"]],
          [0,26,null,null,[]],
          [0,27,null,null,["faint"]],
          [0,32,"#000000",null,["faint"]],
          [0,35,null,null,["bold","faint"]],
          [0,37,null,null,[]],
          [0,38,null,null,["faint"]],
          [0,45,null,null,[]],
          [0,52,null,null,["bold","faint"]],
          [0,54,null,null,[]],
          [0,55,null,null,["faint"]],
          [0,60,null,null,[]]
        ]
=== RUN   TestRenderCommandBar_Golden/unsorted-30
    actions_test.go:413: golden mismatch for testdata\golden\commandbar-unsorted-30.json.golden:
        want:
        [
          [0,2,null,null,["bold","faint"]],
          [0,4,null,null,[]],
          [0,5,null,null,["faint"]],
          [0,11,null,null,["faint"]],
          [0,14,null,null,["bold","faint"]],
          [0,16,null,null,[]],
          [0,17,null,null,["faint"]],
          [0,21,null,null,[]],
          [0,22,null,null,["bold","faint"]],
          [0,24,null,null,[]],
          [0,25,null,null,["faint"]],
          [0,30,null,null,[]]
        ]
        got:
        [
          [0,2,null,null,["bold","faint"]],
          [0,4,null,null,[]],
          [0,5,null,null,["faint"]],
          [0,11,"#000000",null,["faint"]],
          [0,14,null,null,["bold","faint"]],
          [0,16,null,null,[]],
          [0,17,null,null,["faint"]],
          [0,21,null,null,[]],
          [0,22,null,null,["bold","faint"]],
          [0,24,null,null,[]],
          [0,25,null,null,["faint"]],
          [0,30,null,null,[]]
        ]
=== RUN   TestRenderCommandBar_Golden/unsorted-60
    actions_test.go:413: golden mismatch for testdata\golden\commandbar-unsorted-60.json.golden:
        want:
        [
          [0,2,null,null,["bold","faint"]],
          [0,4,null,null,[]],
          [0,5,null,null,["faint"]],
          [0,11,null,null,["faint"]],
          [0,14,null,null,["bold","faint"]],
          [0,16,null,null,[]],
          [0,17,null,null,["faint"]],
          [0,21,null,null,["faint"]],
          [0,24,null,null,["bold","faint"]],
          [0,26,null,null,[]],
          [0,27,null,null,["faint"]],
          [0,32,null,null,["faint"]],
          [0,35,null,null,["bold","faint"]],
          [0,37,null,null,[]],
          [0,38,null,null,["faint"]],
          [0,45,null,null,[]],
          [0,52,null,null,["bold","faint"]],
          [0,54,null,null,[]],
          [0,55,null,null,["faint"]],
          [0,60,null,null,[]]
        ]
        got:
        [
          [0,2,null,null,["bold","faint"]],
          [0,4,null,null,[]],
          [0,5,null,null,["faint"]],
          [0,11,"#000000",null,["faint"]],
          [0,14,null,null,["bold","faint"]],
          [0,16,null,null,[]],
          [0,17,null,null,["faint"]],
          [0,21,"#000000",null,["faint"]],
          [0,24,null,null,["bold","faint"]],
          [0,26,null,null,[]],
          [0,27,null,null,["faint"]],
          [0,32,"#000000",null,["faint"]],
          [0,35,null,null,["bold","faint"]],
          [0,37,null,null,[]],
          [0,38,null,null,["faint"]],
          [0,45,null,null,[]],
          [0,52,null,null,["bold","faint"]],
          [0,54,null,null,[]],
          [0,55,null,null,["faint"]],
          [0,60,null,null,[]]
        ]
=== RUN   TestRenderCommandBar_Golden/many-30
    actions_test.go:413: golden mismatch for testdata\golden\commandbar-many-30.json.golden:
        want:
        [
          [0,2,null,null,["bold","faint"]],
          [0,4,null,null,[]],
          [0,5,null,null,["faint"]],
          [0,9,null,null,["faint"]],
          [0,12,null,null,["bold","faint"]],
          [0,14,null,null,[]],
          [0,15,null,null,["faint"]],
          [0,20,null,null,[]],
          [0,22,null,null,["bold","faint"]],
          [0,24,null,null,[]],
          [0,25,null,null,["faint"]],
          [0,30,null,null,[]]
        ]
        got:
        [
          [0,2,null,null,["bold","faint"]],
          [0,4,null,null,[]],
          [0,5,null,null,["faint"]],
          [0,9,"#000000",null,["faint"]],
          [0,12,null,null,["bold","faint"]],
          [0,14,null,null,[]],
          [0,15,null,null,["faint"]],
          [0,20,null,null,[]],
          [0,22,null,null,["bold","faint"]],
          [0,24,null,null,[]],
          [0,25,null,null,["faint"]],
          [0,30,null,null,[]]
        ]
=== RUN   TestRenderCommandBar_Golden/many-60
    actions_test.go:413: golden mismatch for testdata\golden\commandbar-many-60.json.golden:
        want:
        [
          [0,2,null,null,["bold","faint"]],
          [0,4,null,null,[]],
          [0,5,null,null,["faint"]],
          [0,9,null,null,["faint"]],
          [0,12,null,null,["bold","faint"]],
          [0,14,null,null,[]],
          [0,15,null,null,["faint"]],
          [0,20,null,null,["faint"]],
          [0,23,null,null,["bold","faint"]],
          [0,25,null,null,[]],
          [0,26,null,null,["faint"]],
          [0,32,null,null,["faint"]],
          [0,35,null,null,["bold","faint"]],
          [0,37,null,null,[]],
          [0,38,null,null,["faint"]],
          [0,44,null,null,[]],
          [0,52,null,null,["bold","faint"]],
          [0,54,null,null,[]],
          [0,55,null,null,["faint"]],
          [0,60,null,null,[]]
        ]
        got:
        [
          [0,2,null,null,["bold","faint"]],
          [0,4,null,null,[]],
          [0,5,null,null,["faint"]],
          [0,9,"#000000",null,["faint"]],
          [0,12,null,null,["bold","faint"]],
          [0,14,null,null,[]],
          [0,15,null,null,["faint"]],
          [0,20,"#000000",null,["faint"]],
          [0,23,null,null,["bold","faint"]],
          [0,25,null,null,[]],
          [0,26,null,null,["faint"]],
          [0,32,"#000000",null,["faint"]],
          [0,35,null,null,["bold","faint"]],
          [0,37,null,null,[]],
          [0,38,null,null,["faint"]],
          [0,44,null,null,[]],
          [0,52,null,null,["bold","faint"]],
          [0,54,null,null,[]],
          [0,55,null,null,["faint"]],
          [0,60,null,null,[]]
        ]
--- FAIL: TestRenderCommandBar_Golden (0.01s)
    --- PASS: TestRenderCommandBar_Golden/no-actions-30 (0.00s)
    --- PASS: TestRenderCommandBar_Golden/no-actions-60 (0.00s)
    --- FAIL: TestRenderCommandBar_Golden/f1-only-30 (0.00s)
    --- FAIL: TestRenderCommandBar_Golden/f1-only-60 (0.00s)
    --- FAIL: TestRenderCommandBar_Golden/typical-30 (0.00s)
    --- FAIL: TestRenderCommandBar_Golden/typical-60 (0.00s)
    --- FAIL: TestRenderCommandBar_Golden/unsorted-30 (0.00s)
    --- FAIL: TestRenderCommandBar_Golden/unsorted-60 (0.00s)
    --- FAIL: TestRenderCommandBar_Golden/many-30 (0.00s)
    --- FAIL: TestRenderCommandBar_Golden/many-60 (0.00s)
=== RUN   TestDecisionDialog_MatrixViewRenders
=== RUN   TestDecisionDialog_MatrixViewRenders/Dest┬À1_Acknowledge
=== RUN   TestDecisionDialog_MatrixViewRenders/Dest┬À2_Confirm
=== RUN   TestDecisionDialog_MatrixViewRenders/Dest┬À3_Confirm_3
=== RUN   TestDecisionDialog_MatrixViewRenders/Err┬À1_Acknowledge
=== RUN   TestDecisionDialog_MatrixViewRenders/Err┬À2_Confirm
=== RUN   TestDecisionDialog_MatrixViewRenders/Err┬À3_Confirm_3
=== RUN   TestDecisionDialog_MatrixViewRenders/Ale┬À1_Acknowledge
=== RUN   TestDecisionDialog_MatrixViewRenders/Ale┬À2_Confirm
=== RUN   TestDecisionDialog_MatrixViewRenders/Ale┬À3_Confirm_3
=== RUN   TestDecisionDialog_MatrixViewRenders/Inf┬À1_Acknowledge
=== RUN   TestDecisionDialog_MatrixViewRenders/Inf┬À2_Confirm
=== RUN   TestDecisionDialog_MatrixViewRenders/Inf┬À3_Confirm_3
=== RUN   TestDecisionDialog_MatrixViewRenders/Neu┬À1_Acknowledge
=== RUN   TestDecisionDialog_MatrixViewRenders/Neu┬À2_Confirm
=== RUN   TestDecisionDialog_MatrixViewRenders/Neu┬À3_Confirm_3
--- PASS: TestDecisionDialog_MatrixViewRenders (0.00s)
    --- PASS: TestDecisionDialog_MatrixViewRenders/Dest┬À1_Acknowledge (0.00s)
    --- PASS: TestDecisionDialog_MatrixViewRenders/Dest┬À2_Confirm (0.00s)
    --- PASS: TestDecisionDialog_MatrixViewRenders/Dest┬À3_Confirm_3 (0.00s)
    --- PASS: TestDecisionDialog_MatrixViewRenders/Err┬À1_Acknowledge (0.00s)
    --- PASS: TestDecisionDialog_MatrixViewRenders/Err┬À2_Confirm (0.00s)
    --- PASS: TestDecisionDialog_MatrixViewRenders/Err┬À3_Confirm_3 (0.00s)
    --- PASS: TestDecisionDialog_MatrixViewRenders/Ale┬À1_Acknowledge (0.00s)
    --- PASS: TestDecisionDialog_MatrixViewRenders/Ale┬À2_Confirm (0.00s)
    --- PASS: TestDecisionDialog_MatrixViewRenders/Ale┬À3_Confirm_3 (0.00s)
    --- PASS: TestDecisionDialog_MatrixViewRenders/Inf┬À1_Acknowledge (0.00s)
    --- PASS: TestDecisionDialog_MatrixViewRenders/Inf┬À2_Confirm (0.00s)
    --- PASS: TestDecisionDialog_MatrixViewRenders/Inf┬À3_Confirm_3 (0.00s)
    --- PASS: TestDecisionDialog_MatrixViewRenders/Neu┬À1_Acknowledge (0.00s)
    --- PASS: TestDecisionDialog_MatrixViewRenders/Neu┬À2_Confirm (0.00s)
    --- PASS: TestDecisionDialog_MatrixViewRenders/Neu┬À3_Confirm_3 (0.00s)
=== RUN   TestDecisionDialog_SymbolPresence
=== RUN   TestDecisionDialog_SymbolPresence/Informativo_contains_Ôä╣
=== RUN   TestDecisionDialog_SymbolPresence/Alerta_contains_ÔÜá
=== RUN   TestDecisionDialog_SymbolPresence/Destrutivo_contains_ÔÜá
=== RUN   TestDecisionDialog_SymbolPresence/Erro_contains_Ô£ò
=== RUN   TestDecisionDialog_SymbolPresence/Neutro_has_no_symbol
--- PASS: TestDecisionDialog_SymbolPresence (0.00s)
    --- PASS: TestDecisionDialog_SymbolPresence/Informativo_contains_Ôä╣ (0.00s)
    --- PASS: TestDecisionDialog_SymbolPresence/Alerta_contains_ÔÜá (0.00s)
    --- PASS: TestDecisionDialog_SymbolPresence/Destrutivo_contains_ÔÜá (0.00s)
    --- PASS: TestDecisionDialog_SymbolPresence/Erro_contains_Ô£ò (0.00s)
    --- PASS: TestDecisionDialog_SymbolPresence/Neutro_has_no_symbol (0.00s)
=== RUN   TestDecisionDialog_BorderChars
--- PASS: TestDecisionDialog_BorderChars (0.00s)
=== RUN   TestDecisionDialog_EnterTriggersDefault
--- PASS: TestDecisionDialog_EnterTriggersDefault (0.00s)
=== RUN   TestDecisionDialog_EscTriggersCancel
--- PASS: TestDecisionDialog_EscTriggersCancel (0.00s)
=== RUN   TestDecisionDialog_UnknownKeyIgnored
--- PASS: TestDecisionDialog_UnknownKeyIgnored (0.00s)
=== RUN   TestDecisionDialog_LongBodyWraps
--- PASS: TestDecisionDialog_LongBodyWraps (0.00s)
=== RUN   TestDecisionDialog_ShortBodyFits
--- PASS: TestDecisionDialog_ShortBodyFits (0.00s)
=== RUN   TestDecisionDialog_AcknowledgeHasNoCancel
--- PASS: TestDecisionDialog_AcknowledgeHasNoCancel (0.00s)
=== RUN   TestDecisionDialog_SmallSizeUsesMinWidth
--- PASS: TestDecisionDialog_SmallSizeUsesMinWidth (0.00s)
=== RUN   TestDecisionDialog_Golden
=== RUN   TestDecisionDialog_Golden/destructive-1action-short-30x24
    decision_test.go:619: golden mismatch for testdata\golden\decision-destructive-1action-short-30x24.txt.golden:
        want:
        Ôò¡ÔöÇÔöÇ ÔÜá  Excluir segredo ÔöÇÔöÇÔöÇÔöÇÔöÇÔöÇÔöÇÔöÇÔöÇÔöÇÔöÇÔöÇÔöÇÔöÇÔöÇÔöÇÔò«
        Ôöé                                      Ôöé
        Ôöé  Gmail ser├í exclu├¡do                 Ôöé
        Ôöé  permanentemente.                    Ôöé
        Ôöé                                      Ôöé
        Ôò░ÔöÇÔöÇÔöÇÔöÇÔöÇÔöÇÔöÇÔöÇÔöÇÔöÇÔöÇÔöÇÔöÇÔöÇÔöÇÔöÇÔöÇÔöÇÔöÇÔöÇÔöÇ Enter Excluir ÔöÇÔöÇÔò»
        got:
        Ôò¡ÔöÇÔöÇ ÔÜá  Excluir segredo ÔöÇÔöÇÔöÇÔöÇÔöÇÔöÇÔöÇÔöÇÔöÇÔöÇÔöÇÔöÇÔöÇÔöÇÔöÇÔöÇÔò«
        Ôöé                                      Ôöé
        Ôöé  Gmail ser├í exclu├¡do                 Ôöé
        Ôöé  permanentemente.                    Ôöé
        Ôöé                                      Ôöé
        Ôò░ÔöÇÔöÇÔöÇÔöÇÔöÇÔöÇÔöÇÔöÇÔöÇÔöÇÔöÇÔöÇÔöÇÔöÇÔöÇÔöÇÔöÇÔöÇÔöÇÔöÇÔöÇ Enter Excluir ÔöÇÔöÇÔò»
    decision_test.go:627: golden mismatch for testdata\golden\decision-destructive-1action-short-30x24.json.golden:
        want:
        [
          [0,0,null,"#0000ff",["faint"]],
          [0,3,null,null,[]],
          [0,4,null,"#0000ff",["bold","faint"]],
          [0,22,null,null,[]],
          [0,23,null,"#0000ff",["faint"]],
          [0,40,null,null,[]],
          [1,0,null,"#0000ff",["faint"]],
          [1,1,null,null,[]],
          [1,39,null,"#0000ff",["faint"]],
          [1,40,null,null,[]],
          [2,0,null,"#0000ff",["faint"]],
          [2,1,null,null,[]],
          [2,3,null,null,["faint"]],
          [2,22,null,null,[]],
          [2,39,null,"#0000ff",["faint"]],
          [2,40,null,null,[]],
          [3,0,null,"#0000ff",["faint"]],
          [3,1,null,null,[]],
          [3,3,null,null,["faint"]],
          [3,19,null,null,[]],
          [3,39,null,"#0000ff",["faint"]],
          [3,40,null,null,[]],
          [4,0,null,"#0000ff",["faint"]],
          [4,1,null,null,[]],
          [4,39,null,"#0000ff",["faint"]],
          [4,40,null,null,[]],
          [5,0,null,"#0000ff",["faint"]],
          [5,1,null,"#0000ff",["faint"]],
          [5,22,null,null,[]],
          [5,23,null,null,["bold","faint"]],
          [5,28,null,null,[]],
          [5,29,null,null,["bold","faint"]],
          [5,36,null,null,[]],
          [5,37,null,"#0000ff",["faint"]],
          [5,39,null,"#0000ff",["faint"]],
          [5,40,null,null,[]]
        ]
        got:
        [
          [0,0,null,"#0000ff",["faint"]],
          [0,3,null,null,[]],
          [0,4,null,"#0000ff",["bold","faint"]],
          [0,22,null,null,[]],
          [0,23,null,"#0000ff",["faint"]],
          [0,40,null,null,[]],
          [1,0,null,"#0000ff",["faint"]],
          [1,1,null,null,[]],
          [1,39,null,"#0000ff",["faint"]],
          [1,40,null,null,[]],
          [2,0,null,"#0000ff",["faint"]],
          [2,1,null,null,[]],
          [2,3,null,null,["faint"]],
          [2,22,null,null,[]],
          [2,39,null,"#0000ff",["faint"]],
          [2,40,null,null,[]],
          [3,0,null,"#0000ff",["faint"]],
          [3,1,null,null,[]],
          [3,3,null,null,["faint"]],
          [3,19,null,null,[]],
          [3,39,null,"#0000ff",["faint"]],
          [3,40,null,null,[]],
          [4,0,null,"#0000ff",["faint"]],
          [4,1,null,null,[]],
          [4,39,null,"#0000ff",["faint"]],
          [4,40,null,null,[]],
          [5,0,null,"#0000ff",["faint"]],
          [5,1,null,"#0000ff",["faint"]],
          [5,22,null,null,[]],
          [5,23,null,null,["bold","faint"]],
          [5,28,null,null,[]],
          [5,29,null,null,["bold","faint"]],
          [5,36,null,null,[]],
          [5,37,null,"#0000ff",["faint"]],
          [5,39,null,"#0000ff",["faint"]],
          [5,40,null,null,[]]
        ]
=== RUN   TestDecisionDialog_Golden/destructive-1action-short-60x24
    decision_test.go:619: golden mismatch for testdata\golden\decision-destructive-1action-short-60x24.txt.golden:
        want:
        Ôò¡ÔöÇÔöÇ ÔÜá  Excluir segredo ÔöÇÔöÇÔöÇÔöÇÔöÇÔöÇÔöÇÔöÇÔöÇÔöÇÔöÇÔöÇÔöÇÔöÇÔöÇÔöÇÔöÇÔöÇÔöÇÔöÇÔöÇÔöÇÔöÇÔöÇÔò«
        Ôöé                                              Ôöé
        Ôöé  Gmail ser├í exclu├¡do permanentemente.        Ôöé
        Ôöé                                              Ôöé
        Ôò░ÔöÇÔöÇÔöÇÔöÇÔöÇÔöÇÔöÇÔöÇÔöÇÔöÇÔöÇÔöÇÔöÇÔöÇÔöÇÔöÇÔöÇÔöÇÔöÇÔöÇÔöÇÔöÇÔöÇÔöÇÔöÇÔöÇÔöÇÔöÇÔöÇ Enter Excluir ÔöÇÔöÇÔò»
        got:
        Ôò¡ÔöÇÔöÇ ÔÜá  Excluir segredo ÔöÇÔöÇÔöÇÔöÇÔöÇÔöÇÔöÇÔöÇÔöÇÔöÇÔöÇÔöÇÔöÇÔöÇÔöÇÔöÇÔöÇÔöÇÔöÇÔöÇÔöÇÔöÇÔöÇÔöÇÔò«
        Ôöé                                              Ôöé
        Ôöé  Gmail ser├í exclu├¡do permanentemente.        Ôöé
        Ôöé                                              Ôöé
        Ôò░ÔöÇÔöÇÔöÇÔöÇÔöÇÔöÇÔöÇÔöÇÔöÇÔöÇÔöÇÔöÇÔöÇÔöÇÔöÇÔöÇÔöÇÔöÇÔöÇÔöÇÔöÇÔöÇÔöÇÔöÇÔöÇÔöÇÔöÇÔöÇÔöÇ Enter Excluir ÔöÇÔöÇÔò»
    decision_test.go:627: golden mismatch for testdata\golden\decision-destructive-1action-short-60x24.json.golden:
        want:
        [
          [0,0,null,"#0000ff",["faint"]],
          [0,3,null,null,[]],
          [0,4,null,"#0000ff",["bold","faint"]],
          [0,22,null,null,[]],
          [0,23,null,"#0000ff",["faint"]],
          [0,48,null,null,[]],
          [1,0,null,"#0000ff",["faint"]],
          [1,1,null,null,[]],
          [1,47,null,"#0000ff",["faint"]],
          [1,48,null,null,[]],
          [2,0,null,"#0000ff",["faint"]],
          [2,1,null,null,[]],
          [2,3,null,null,["faint"]],
          [2,39,null,null,[]],
          [2,47,null,"#0000ff",["faint"]],
          [2,48,null,null,[]],
          [3,0,null,"#0000ff",["faint"]],
          [3,1,null,null,[]],
          [3,47,null,"#0000ff",["faint"]],
          [3,48,null,null,[]],
          [4,0,null,"#0000ff",["faint"]],
          [4,1,null,"#0000ff",["faint"]],
          [4,30,null,null,[]],
          [4,31,null,null,["bold","faint"]],
          [4,36,null,null,[]],
          [4,37,null,null,["bold","faint"]],
          [4,44,null,null,[]],
          [4,45,null,"#0000ff",["faint"]],
          [4,47,null,"#0000ff",["faint"]],
          [4,48,null,null,[]]
        ]
        got:
        [
          [0,0,null,"#0000ff",["faint"]],
          [0,3,null,null,[]],
          [0,4,null,"#0000ff",["bold","faint"]],
          [0,22,null,null,[]],
          [0,23,null,"#0000ff",["faint"]],
          [0,48,null,null,[]],
          [1,0,null,"#0000ff",["faint"]],
          [1,1,null,null,[]],
          [1,47,null,"#0000ff",["faint"]],
          [1,48,null,null,[]],
          [2,0,null,"#0000ff",["faint"]],
          [2,1,null,null,[]],
          [2,3,null,null,["faint"]],
          [2,39,null,null,[]],
          [2,47,null,"#0000ff",["faint"]],
          [2,48,null,null,[]],
          [3,0,null,"#0000ff",["faint"]],
          [3,1,null,null,[]],
          [3,47,null,"#0000ff",["faint"]],
          [3,48,null,null,[]],
          [4,0,null,"#0000ff",["faint"]],
          [4,1,null,"#0000ff",["faint"]],
          [4,30,null,null,[]],
          [4,31,null,null,["bold","faint"]],
          [4,36,null,null,[]],
          [4,37,null,null,["bold","faint"]],
          [4,44,null,null,[]],
          [4,45,null,"#0000ff",["faint"]],
          [4,47,null,"#0000ff",["faint"]],
          [4,48,null,null,[]]
        ]
=== RUN   TestDecisionDialog_Golden/destructive-2action-long-30x24
    decision_test.go:619: golden mismatch for testdata\golden\decision-destructive-2action-long-30x24.txt.golden:
        want:
        Ôò¡ÔöÇÔöÇ ÔÜá  Excluir permanentemente este segredo do cofre atual? ÔöÇÔöÇÔöÇÔò«
        Ôöé                                      Ôöé
        Ôöé  Esta a├º├úo n├úo pode ser desfeita.    Ôöé
        Ôöé  Todos os dados associados ser├úo     Ôöé
        Ôöé  removidos.                          Ôöé
        Ôöé                                      Ôöé
        Ôò░ÔöÇÔöÇ Enter Excluir ÔöÇÔöÇÔöÇÔöÇÔöÇ Esc Cancelar ÔöÇÔöÇÔò»
        got:
        Ôò¡ÔöÇÔöÇ ÔÜá  Excluir permanentemente este segredo do cofre atual? ÔöÇÔöÇÔöÇÔò«
        Ôöé                                      Ôöé
        Ôöé  Esta a├º├úo n├úo pode ser desfeita.    Ôöé
        Ôöé  Todos os dados associados ser├úo     Ôöé
        Ôöé  removidos.                          Ôöé
        Ôöé                                      Ôöé
        Ôò░ÔöÇÔöÇ Enter Excluir ÔöÇÔöÇÔöÇÔöÇÔöÇ Esc Cancelar ÔöÇÔöÇÔò»
    decision_test.go:627: golden mismatch for testdata\golden\decision-destructive-2action-long-30x24.json.golden:
        want:
        [
          [0,0,null,"#0000ff",["faint"]],
          [0,3,null,null,[]],
          [0,4,null,"#0000ff",["bold","faint"]],
          [0,59,null,null,[]],
          [0,60,null,"#0000ff",["faint"]],
          [0,64,null,null,[]],
          [1,0,null,"#0000ff",["faint"]],
          [1,1,null,null,[]],
          [1,39,null,"#0000ff",["faint"]],
          [1,40,null,null,[]],
          [2,0,null,"#0000ff",["faint"]],
          [2,1,null,null,[]],
          [2,3,null,null,["faint"]],
          [2,35,null,null,[]],
          [2,39,null,"#0000ff",["faint"]],
          [2,40,null,null,[]],
          [3,0,null,"#0000ff",["faint"]],
          [3,1,null,null,[]],
          [3,3,null,null,["faint"]],
          [3,34,null,null,[]],
          [3,39,null,"#0000ff",["faint"]],
          [3,40,null,null,[]],
          [4,0,null,"#0000ff",["faint"]],
          [4,1,null,null,[]],
          [4,3,null,null,["faint"]],
          [4,13,null,null,[]],
          [4,39,null,"#0000ff",["faint"]],
          [4,40,null,null,[]],
          [5,0,null,"#0000ff",["faint"]],
          [5,1,null,null,[]],
          [5,39,null,"#0000ff",["faint"]],
          [5,40,null,null,[]],
          [6,0,null,"#0000ff",["faint"]],
          [6,1,null,"#0000ff",["faint"]],
          [6,3,null,null,[]],
          [6,4,null,null,["bold","faint"]],
          [6,9,null,null,[]],
          [6,10,null,null,["bold","faint"]],
          [6,17,null,null,[]],
          [6,18,null,"#0000ff",["faint"]],
          [6,23,null,null,[]],
          [6,24,null,"#0000ff",["faint"]],
          [6,27,null,null,[]],
          [6,28,null,"#0000ff",["faint"]],
          [6,36,null,null,[]],
          [6,37,null,"#0000ff",["faint"]],
          [6,39,null,"#0000ff",["faint"]],
          [6,40,null,null,[]]
        ]
        got:
        [
          [0,0,null,"#0000ff",["faint"]],
          [0,3,null,null,[]],
          [0,4,null,"#0000ff",["bold","faint"]],
          [0,59,null,null,[]],
          [0,60,null,"#0000ff",["faint"]],
          [0,64,null,null,[]],
          [1,0,null,"#0000ff",["faint"]],
          [1,1,null,null,[]],
          [1,39,null,"#0000ff",["faint"]],
          [1,40,null,null,[]],
          [2,0,null,"#0000ff",["faint"]],
          [2,1,null,null,[]],
          [2,3,null,null,["faint"]],
          [2,35,null,null,[]],
          [2,39,null,"#0000ff",["faint"]],
          [2,40,null,null,[]],
          [3,0,null,"#0000ff",["faint"]],
          [3,1,null,null,[]],
          [3,3,null,null,["faint"]],
          [3,34,null,null,[]],
          [3,39,null,"#0000ff",["faint"]],
          [3,40,null,null,[]],
          [4,0,null,"#0000ff",["faint"]],
          [4,1,null,null,[]],
          [4,3,null,null,["faint"]],
          [4,13,null,null,[]],
          [4,39,null,"#0000ff",["faint"]],
          [4,40,null,null,[]],
          [5,0,null,"#0000ff",["faint"]],
          [5,1,null,null,[]],
          [5,39,null,"#0000ff",["faint"]],
          [5,40,null,null,[]],
          [6,0,null,"#0000ff",["faint"]],
          [6,1,null,"#0000ff",["faint"]],
          [6,3,null,null,[]],
          [6,4,null,null,["bold","faint"]],
          [6,9,null,null,[]],
          [6,10,null,null,["bold","faint"]],
          [6,17,null,null,[]],
          [6,18,null,"#0000ff",["faint"]],
          [6,23,null,null,[]],
          [6,24,null,"#0000ff",["faint"]],
          [6,27,null,null,[]],
          [6,28,null,"#0000ff",["faint"]],
          [6,36,null,null,[]],
          [6,37,null,"#0000ff",["faint"]],
          [6,39,null,"#0000ff",["faint"]],
          [6,40,null,null,[]]
        ]
=== RUN   TestDecisionDialog_Golden/destructive-2action-long-60x24
    decision_test.go:619: golden mismatch for testdata\golden\decision-destructive-2action-long-60x24.txt.golden:
        want:
        Ôò¡ÔöÇÔöÇ ÔÜá  Excluir permanentemente este segredo do cofre atual? ÔöÇÔöÇÔöÇÔò«
        Ôöé                                              Ôöé
        Ôöé  Esta a├º├úo n├úo pode ser desfeita. Todos os   Ôöé
        Ôöé  dados associados ser├úo removidos.           Ôöé
        Ôöé                                              Ôöé
        Ôò░ÔöÇÔöÇ Enter Excluir ÔöÇÔöÇÔöÇÔöÇÔöÇÔöÇÔöÇÔöÇÔöÇÔöÇÔöÇÔöÇÔöÇ Esc Cancelar ÔöÇÔöÇÔò»
        got:
        Ôò¡ÔöÇÔöÇ ÔÜá  Excluir permanentemente este segredo do cofre atual? ÔöÇÔöÇÔöÇÔò«
        Ôöé                                              Ôöé
        Ôöé  Esta a├º├úo n├úo pode ser desfeita. Todos os   Ôöé
        Ôöé  dados associados ser├úo removidos.           Ôöé
        Ôöé                                              Ôöé
        Ôò░ÔöÇÔöÇ Enter Excluir ÔöÇÔöÇÔöÇÔöÇÔöÇÔöÇÔöÇÔöÇÔöÇÔöÇÔöÇÔöÇÔöÇ Esc Cancelar ÔöÇÔöÇÔò»
    decision_test.go:627: golden mismatch for testdata\golden\decision-destructive-2action-long-60x24.json.golden:
        want:
        [
          [0,0,null,"#0000ff",["faint"]],
          [0,3,null,null,[]],
          [0,4,null,"#0000ff",["bold","faint"]],
          [0,59,null,null,[]],
          [0,60,null,"#0000ff",["faint"]],
          [0,64,null,null,[]],
          [1,0,null,"#0000ff",["faint"]],
          [1,1,null,null,[]],
          [1,47,null,"#0000ff",["faint"]],
          [1,48,null,null,[]],
          [2,0,null,"#0000ff",["faint"]],
          [2,1,null,null,[]],
          [2,3,null,null,["faint"]],
          [2,44,null,null,[]],
          [2,47,null,"#0000ff",["faint"]],
          [2,48,null,null,[]],
          [3,0,null,"#0000ff",["faint"]],
          [3,1,null,null,[]],
          [3,3,null,null,["faint"]],
          [3,36,null,null,[]],
          [3,47,null,"#0000ff",["faint"]],
          [3,48,null,null,[]],
          [4,0,null,"#0000ff",["faint"]],
          [4,1,null,null,[]],
          [4,47,null,"#0000ff",["faint"]],
          [4,48,null,null,[]],
          [5,0,null,"#0000ff",["faint"]],
          [5,1,null,"#0000ff",["faint"]],
          [5,3,null,null,[]],
          [5,4,null,null,["bold","faint"]],
          [5,9,null,null,[]],
          [5,10,null,null,["bold","faint"]],
          [5,17,null,null,[]],
          [5,18,null,"#0000ff",["faint"]],
          [5,31,null,null,[]],
          [5,32,null,"#0000ff",["faint"]],
          [5,35,null,null,[]],
          [5,36,null,"#0000ff",["faint"]],
          [5,44,null,null,[]],
          [5,45,null,"#0000ff",["faint"]],
          [5,47,null,"#0000ff",["faint"]],
          [5,48,null,null,[]]
        ]
        got:
        [
          [0,0,null,"#0000ff",["faint"]],
          [0,3,null,null,[]],
          [0,4,null,"#0000ff",["bold","faint"]],
          [0,59,null,null,[]],
          [0,60,null,"#0000ff",["faint"]],
          [0,64,null,null,[]],
          [1,0,null,"#0000ff",["faint"]],
          [1,1,null,null,[]],
          [1,47,null,"#0000ff",["faint"]],
          [1,48,null,null,[]],
          [2,0,null,"#0000ff",["faint"]],
          [2,1,null,null,[]],
          [2,3,null,null,["faint"]],
          [2,44,null,null,[]],
          [2,47,null,"#0000ff",["faint"]],
          [2,48,null,null,[]],
          [3,0,null,"#0000ff",["faint"]],
          [3,1,null,null,[]],
          [3,3,null,null,["faint"]],
          [3,36,null,null,[]],
          [3,47,null,"#0000ff",["faint"]],
          [3,48,null,null,[]],
          [4,0,null,"#0000ff",["faint"]],
          [4,1,null,null,[]],
          [4,47,null,"#0000ff",["faint"]],
          [4,48,null,null,[]],
          [5,0,null,"#0000ff",["faint"]],
          [5,1,null,"#0000ff",["faint"]],
          [5,3,null,null,[]],
          [5,4,null,null,["bold","faint"]],
          [5,9,null,null,[]],
          [5,10,null,null,["bold","faint"]],
          [5,17,null,null,[]],
          [5,18,null,"#0000ff",["faint"]],
          [5,31,null,null,[]],
          [5,32,null,"#0000ff",["faint"]],
          [5,35,null,null,[]],
          [5,36,null,"#0000ff",["faint"]],
          [5,44,null,null,[]],
          [5,45,null,"#0000ff",["faint"]],
          [5,47,null,"#0000ff",["faint"]],
          [5,48,null,null,[]]
        ]
=== RUN   TestDecisionDialog_Golden/error-3action-short-30x24
    decision_test.go:619: golden mismatch for testdata\golden\decision-error-3action-short-30x24.txt.golden:
        want:
        Ôò¡ÔöÇÔöÇ Ô£ò  Cofre corrompido ÔöÇÔöÇÔöÇÔöÇÔöÇÔöÇÔöÇÔöÇÔöÇÔöÇÔöÇÔöÇÔöÇÔöÇÔöÇÔò«
        Ôöé                                      Ôöé
        Ôöé  O arquivo est├í corrompido. Deseja   Ôöé
        Ôöé  tentar recuperar?                   Ôöé
        Ôöé                                      Ôöé
        Ôò░ÔöÇÔöÇ Enter Recuperar ÔöÇÔöÇ A Abrir backup ÔöÇ Esc Cancelar ÔöÇÔöÇÔò»
        got:
        Ôò¡ÔöÇÔöÇ Ô£ò  Cofre corrompido ÔöÇÔöÇÔöÇÔöÇÔöÇÔöÇÔöÇÔöÇÔöÇÔöÇÔöÇÔöÇÔöÇÔöÇÔöÇÔò«
        Ôöé                                      Ôöé
        Ôöé  O arquivo est├í corrompido. Deseja   Ôöé
        Ôöé  tentar recuperar?                   Ôöé
        Ôöé                                      Ôöé
        Ôò░ÔöÇÔöÇ Enter Recuperar ÔöÇÔöÇ A Abrir backup ÔöÇ Esc Cancelar ÔöÇÔöÇÔò»
    decision_test.go:627: golden mismatch for testdata\golden\decision-error-3action-short-30x24.json.golden:
        want:
        [
          [0,0,null,null,["faint"]],
          [0,3,null,null,[]],
          [0,4,null,null,["bold","faint"]],
          [0,23,null,null,[]],
          [0,24,null,null,["faint"]],
          [0,40,null,null,[]],
          [1,0,null,null,["faint"]],
          [1,1,null,null,[]],
          [1,39,null,null,["faint"]],
          [1,40,null,null,[]],
          [2,0,null,null,["faint"]],
          [2,1,null,null,[]],
          [2,3,null,null,["faint"]],
          [2,36,null,null,[]],
          [2,39,null,null,["faint"]],
          [2,40,null,null,[]],
          [3,0,null,null,["faint"]],
          [3,1,null,null,[]],
          [3,3,null,null,["faint"]],
          [3,20,null,null,[]],
          [3,39,null,null,["faint"]],
          [3,40,null,null,[]],
          [4,0,null,null,["faint"]],
          [4,1,null,null,[]],
          [4,39,null,null,["faint"]],
          [4,40,null,null,[]],
          [5,0,null,null,["faint"]],
          [5,1,null,null,["faint"]],
          [5,3,null,null,[]],
          [5,4,null,null,["bold","faint"]],
          [5,9,null,null,[]],
          [5,10,null,null,["bold","faint"]],
          [5,19,null,null,[]],
          [5,20,null,null,["faint"]],
          [5,22,null,null,[]],
          [5,23,null,null,["faint"]],
          [5,24,null,null,[]],
          [5,25,null,null,["faint"]],
          [5,37,null,null,[]],
          [5,38,null,null,["faint"]],
          [5,39,null,null,[]],
          [5,40,null,null,["faint"]],
          [5,43,null,null,[]],
          [5,44,null,null,["faint"]],
          [5,52,null,null,[]],
          [5,53,null,null,["faint"]],
          [5,55,null,null,["faint"]],
          [5,56,null,null,[]]
        ]
        got:
        [
          [0,0,null,null,["faint"]],
          [0,3,null,null,[]],
          [0,4,null,null,["bold","faint"]],
          [0,23,null,null,[]],
          [0,24,null,null,["faint"]],
          [0,40,null,null,[]],
          [1,0,null,null,["faint"]],
          [1,1,null,null,[]],
          [1,39,null,null,["faint"]],
          [1,40,null,null,[]],
          [2,0,null,null,["faint"]],
          [2,1,null,null,[]],
          [2,3,null,null,["faint"]],
          [2,36,null,null,[]],
          [2,39,null,null,["faint"]],
          [2,40,null,null,[]],
          [3,0,null,null,["faint"]],
          [3,1,null,null,[]],
          [3,3,null,null,["faint"]],
          [3,20,null,null,[]],
          [3,39,null,null,["faint"]],
          [3,40,null,null,[]],
          [4,0,null,null,["faint"]],
          [4,1,null,null,[]],
          [4,39,null,null,["faint"]],
          [4,40,null,null,[]],
          [5,0,null,null,["faint"]],
          [5,1,null,null,["faint"]],
          [5,3,null,null,[]],
          [5,4,null,null,["bold","faint"]],
          [5,9,null,null,[]],
          [5,10,null,null,["bold","faint"]],
          [5,19,null,null,[]],
          [5,20,null,null,["faint"]],
          [5,22,null,null,[]],
          [5,23,null,null,["faint"]],
          [5,24,null,null,[]],
          [5,25,null,null,["faint"]],
          [5,37,null,null,[]],
          [5,38,null,null,["faint"]],
          [5,39,null,null,[]],
          [5,40,null,null,["faint"]],
          [5,43,null,null,[]],
          [5,44,null,null,["faint"]],
          [5,52,null,null,[]],
          [5,53,null,null,["faint"]],
          [5,55,null,null,["faint"]],
          [5,56,null,null,[]]
        ]
=== RUN   TestDecisionDialog_Golden/error-3action-short-60x24
    decision_test.go:619: golden mismatch for testdata\golden\decision-error-3action-short-60x24.txt.golden:
        want:
        Ôò¡ÔöÇÔöÇ Ô£ò  Cofre corrompido ÔöÇÔöÇÔöÇÔöÇÔöÇÔöÇÔöÇÔöÇÔöÇÔöÇÔöÇÔöÇÔöÇÔöÇÔöÇÔöÇÔöÇÔöÇÔöÇÔöÇÔöÇÔöÇÔöÇÔò«
        Ôöé                                              Ôöé
        Ôöé  O arquivo est├í corrompido. Deseja tentar    Ôöé
        Ôöé  recuperar?                                  Ôöé
        Ôöé                                              Ôöé
        Ôò░ÔöÇÔöÇ Enter Recuperar ÔöÇÔöÇ A Abrir backup ÔöÇ Esc Cancelar ÔöÇÔöÇÔò»
        got:
        Ôò¡ÔöÇÔöÇ Ô£ò  Cofre corrompido ÔöÇÔöÇÔöÇÔöÇÔöÇÔöÇÔöÇÔöÇÔöÇÔöÇÔöÇÔöÇÔöÇÔöÇÔöÇÔöÇÔöÇÔöÇÔöÇÔöÇÔöÇÔöÇÔöÇÔò«
        Ôöé                                              Ôöé
        Ôöé  O arquivo est├í corrompido. Deseja tentar    Ôöé
        Ôöé  recuperar?                                  Ôöé
        Ôöé                                              Ôöé
        Ôò░ÔöÇÔöÇ Enter Recuperar ÔöÇÔöÇ A Abrir backup ÔöÇ Esc Cancelar ÔöÇÔöÇÔò»
    decision_test.go:627: golden mismatch for testdata\golden\decision-error-3action-short-60x24.json.golden:
        want:
        [
          [0,0,null,null,["faint"]],
          [0,3,null,null,[]],
          [0,4,null,null,["bold","faint"]],
          [0,23,null,null,[]],
          [0,24,null,null,["faint"]],
          [0,48,null,null,[]],
          [1,0,null,null,["faint"]],
          [1,1,null,null,[]],
          [1,47,null,null,["faint"]],
          [1,48,null,null,[]],
          [2,0,null,null,["faint"]],
          [2,1,null,null,[]],
          [2,3,null,null,["faint"]],
          [2,43,null,null,[]],
          [2,47,null,null,["faint"]],
          [2,48,null,null,[]],
          [3,0,null,null,["faint"]],
          [3,1,null,null,[]],
          [3,3,null,null,["faint"]],
          [3,13,null,null,[]],
          [3,47,null,null,["faint"]],
          [3,48,null,null,[]],
          [4,0,null,null,["faint"]],
          [4,1,null,null,[]],
          [4,47,null,null,["faint"]],
          [4,48,null,null,[]],
          [5,0,null,null,["faint"]],
          [5,1,null,null,["faint"]],
          [5,3,null,null,[]],
          [5,4,null,null,["bold","faint"]],
          [5,9,null,null,[]],
          [5,10,null,null,["bold","faint"]],
          [5,19,null,null,[]],
          [5,20,null,null,["faint"]],
          [5,22,null,null,[]],
          [5,23,null,null,["faint"]],
          [5,24,null,null,[]],
          [5,25,null,null,["faint"]],
          [5,37,null,null,[]],
          [5,38,null,null,["faint"]],
          [5,39,null,null,[]],
          [5,40,null,null,["faint"]],
          [5,43,null,null,[]],
          [5,44,null,null,["faint"]],
          [5,52,null,null,[]],
          [5,53,null,null,["faint"]],
          [5,55,null,null,["faint"]],
          [5,56,null,null,[]]
        ]
        got:
        [
          [0,0,null,null,["faint"]],
          [0,3,null,null,[]],
          [0,4,null,null,["bold","faint"]],
          [0,23,null,null,[]],
          [0,24,null,null,["faint"]],
          [0,48,null,null,[]],
          [1,0,null,null,["faint"]],
          [1,1,null,null,[]],
          [1,47,null,null,["faint"]],
          [1,48,null,null,[]],
          [2,0,null,null,["faint"]],
          [2,1,null,null,[]],
          [2,3,null,null,["faint"]],
          [2,43,null,null,[]],
          [2,47,null,null,["faint"]],
          [2,48,null,null,[]],
          [3,0,null,null,["faint"]],
          [3,1,null,null,[]],
          [3,3,null,null,["faint"]],
          [3,13,null,null,[]],
          [3,47,null,null,["faint"]],
          [3,48,null,null,[]],
          [4,0,null,null,["faint"]],
          [4,1,null,null,[]],
          [4,47,null,null,["faint"]],
          [4,48,null,null,[]],
          [5,0,null,null,["faint"]],
          [5,1,null,null,["faint"]],
          [5,3,null,null,[]],
          [5,4,null,null,["bold","faint"]],
          [5,9,null,null,[]],
          [5,10,null,null,["bold","faint"]],
          [5,19,null,null,[]],
          [5,20,null,null,["faint"]],
          [5,22,null,null,[]],
          [5,23,null,null,["faint"]],
          [5,24,null,null,[]],
          [5,25,null,null,["faint"]],
          [5,37,null,null,[]],
          [5,38,null,null,["faint"]],
          [5,39,null,null,[]],
          [5,40,null,null,["faint"]],
          [5,43,null,null,[]],
          [5,44,null,null,["faint"]],
          [5,52,null,null,[]],
          [5,53,null,null,["faint"]],
          [5,55,null,null,["faint"]],
          [5,56,null,null,[]]
        ]
=== RUN   TestDecisionDialog_Golden/error-1action-long-30x24
    decision_test.go:619: golden mismatch for testdata\golden\decision-error-1action-long-30x24.txt.golden:
        want:
        Ôò¡ÔöÇÔöÇ Ô£ò  Erro cr├¡tico ao acessar o cofre ÔÇö arquivo danificado ÔöÇÔöÇÔöÇÔò«
        Ôöé                                      Ôöé
        Ôöé  N├úo foi poss├¡vel decodificar o      Ôöé
        Ôöé  arquivo. Verifique se o disco est├í  Ôöé
        Ôöé  ├¡ntegro e tente novamente.          Ôöé
        Ôöé                                      Ôöé
        Ôò░ÔöÇÔöÇÔöÇÔöÇÔöÇÔöÇÔöÇÔöÇÔöÇÔöÇÔöÇÔöÇÔöÇÔöÇÔöÇÔöÇÔöÇÔöÇÔöÇÔöÇÔöÇÔöÇÔöÇÔöÇÔöÇÔöÇ Enter OK ÔöÇÔöÇÔò»
        got:
        Ôò¡ÔöÇÔöÇ Ô£ò  Erro cr├¡tico ao acessar o cofre ÔÇö arquivo danificado ÔöÇÔöÇÔöÇÔò«
        Ôöé                                      Ôöé
        Ôöé  N├úo foi poss├¡vel decodificar o      Ôöé
        Ôöé  arquivo. Verifique se o disco est├í  Ôöé
        Ôöé  ├¡ntegro e tente novamente.          Ôöé
        Ôöé                                      Ôöé
        Ôò░ÔöÇÔöÇÔöÇÔöÇÔöÇÔöÇÔöÇÔöÇÔöÇÔöÇÔöÇÔöÇÔöÇÔöÇÔöÇÔöÇÔöÇÔöÇÔöÇÔöÇÔöÇÔöÇÔöÇÔöÇÔöÇÔöÇ Enter OK ÔöÇÔöÇÔò»
    decision_test.go:627: golden mismatch for testdata\golden\decision-error-1action-long-30x24.json.golden:
        want:
        [
          [0,0,null,null,["faint"]],
          [0,3,null,null,[]],
          [0,4,null,null,["bold","faint"]],
          [0,59,null,null,[]],
          [0,60,null,null,["faint"]],
          [0,64,null,null,[]],
          [1,0,null,null,["faint"]],
          [1,1,null,null,[]],
          [1,39,null,null,["faint"]],
          [1,40,null,null,[]],
          [2,0,null,null,["faint"]],
          [2,1,null,null,[]],
          [2,3,null,null,["faint"]],
          [2,33,null,null,[]],
          [2,39,null,null,["faint"]],
          [2,40,null,null,[]],
          [3,0,null,null,["faint"]],
          [3,1,null,null,[]],
          [3,3,null,null,["faint"]],
          [3,37,null,null,[]],
          [3,39,null,null,["faint"]],
          [3,40,null,null,[]],
          [4,0,null,null,["faint"]],
          [4,1,null,null,[]],
          [4,3,null,null,["faint"]],
          [4,29,null,null,[]],
          [4,39,null,null,["faint"]],
          [4,40,null,null,[]],
          [5,0,null,null,["faint"]],
          [5,1,null,null,[]],
          [5,39,null,null,["faint"]],
          [5,40,null,null,[]],
          [6,0,null,null,["faint"]],
          [6,1,null,null,["faint"]],
          [6,27,null,null,[]],
          [6,28,null,null,["bold","faint"]],
          [6,33,null,null,[]],
          [6,34,null,null,["bold","faint"]],
          [6,36,null,null,[]],
          [6,37,null,null,["faint"]],
          [6,39,null,null,["faint"]],
          [6,40,null,null,[]]
        ]
        got:
        [
          [0,0,null,null,["faint"]],
          [0,3,null,null,[]],
          [0,4,null,null,["bold","faint"]],
          [0,59,null,null,[]],
          [0,60,null,null,["faint"]],
          [0,64,null,null,[]],
          [1,0,null,null,["faint"]],
          [1,1,null,null,[]],
          [1,39,null,null,["faint"]],
          [1,40,null,null,[]],
          [2,0,null,null,["faint"]],
          [2,1,null,null,[]],
          [2,3,null,null,["faint"]],
          [2,33,null,null,[]],
          [2,39,null,null,["faint"]],
          [2,40,null,null,[]],
          [3,0,null,null,["faint"]],
          [3,1,null,null,[]],
          [3,3,null,null,["faint"]],
          [3,37,null,null,[]],
          [3,39,null,null,["faint"]],
          [3,40,null,null,[]],
          [4,0,null,null,["faint"]],
          [4,1,null,null,[]],
          [4,3,null,null,["faint"]],
          [4,29,null,null,[]],
          [4,39,null,null,["faint"]],
          [4,40,null,null,[]],
          [5,0,null,null,["faint"]],
          [5,1,null,null,[]],
          [5,39,null,null,["faint"]],
          [5,40,null,null,[]],
          [6,0,null,null,["faint"]],
          [6,1,null,null,["faint"]],
          [6,27,null,null,[]],
          [6,28,null,null,["bold","faint"]],
          [6,33,null,null,[]],
          [6,34,null,null,["bold","faint"]],
          [6,36,null,null,[]],
          [6,37,null,null,["faint"]],
          [6,39,null,null,["faint"]],
          [6,40,null,null,[]]
        ]
=== RUN   TestDecisionDialog_Golden/error-1action-long-60x24
    decision_test.go:619: golden mismatch for testdata\golden\decision-error-1action-long-60x24.txt.golden:
        want:
        Ôò¡ÔöÇÔöÇ Ô£ò  Erro cr├¡tico ao acessar o cofre ÔÇö arquivo danificado ÔöÇÔöÇÔöÇÔò«
        Ôöé                                              Ôöé
        Ôöé  N├úo foi poss├¡vel decodificar o arquivo.     Ôöé
        Ôöé  Verifique se o disco est├í ├¡ntegro e tente   Ôöé
        Ôöé  novamente.                                  Ôöé
        Ôöé                                              Ôöé
        Ôò░ÔöÇÔöÇÔöÇÔöÇÔöÇÔöÇÔöÇÔöÇÔöÇÔöÇÔöÇÔöÇÔöÇÔöÇÔöÇÔöÇÔöÇÔöÇÔöÇÔöÇÔöÇÔöÇÔöÇÔöÇÔöÇÔöÇÔöÇÔöÇÔöÇÔöÇÔöÇÔöÇÔöÇÔöÇ Enter OK ÔöÇÔöÇÔò»
        got:
        Ôò¡ÔöÇÔöÇ Ô£ò  Erro cr├¡tico ao acessar o cofre ÔÇö arquivo danificado ÔöÇÔöÇÔöÇÔò«
        Ôöé                                              Ôöé
        Ôöé  N├úo foi poss├¡vel decodificar o arquivo.     Ôöé
        Ôöé  Verifique se o disco est├í ├¡ntegro e tente   Ôöé
        Ôöé  novamente.                                  Ôöé
        Ôöé                                              Ôöé
        Ôò░ÔöÇÔöÇÔöÇÔöÇÔöÇÔöÇÔöÇÔöÇÔöÇÔöÇÔöÇÔöÇÔöÇÔöÇÔöÇÔöÇÔöÇÔöÇÔöÇÔöÇÔöÇÔöÇÔöÇÔöÇÔöÇÔöÇÔöÇÔöÇÔöÇÔöÇÔöÇÔöÇÔöÇÔöÇ Enter OK ÔöÇÔöÇÔò»
    decision_test.go:627: golden mismatch for testdata\golden\decision-error-1action-long-60x24.json.golden:
        want:
        [
          [0,0,null,null,["faint"]],
          [0,3,null,null,[]],
          [0,4,null,null,["bold","faint"]],
          [0,59,null,null,[]],
          [0,60,null,null,["faint"]],
          [0,64,null,null,[]],
          [1,0,null,null,["faint"]],
          [1,1,null,null,[]],
          [1,47,null,null,["faint"]],
          [1,48,null,null,[]],
          [2,0,null,null,["faint"]],
          [2,1,null,null,[]],
          [2,3,null,null,["faint"]],
          [2,42,null,null,[]],
          [2,47,null,null,["faint"]],
          [2,48,null,null,[]],
          [3,0,null,null,["faint"]],
          [3,1,null,null,[]],
          [3,3,null,null,["faint"]],
          [3,44,null,null,[]],
          [3,47,null,null,["faint"]],
          [3,48,null,null,[]],
          [4,0,null,null,["faint"]],
          [4,1,null,null,[]],
          [4,3,null,null,["faint"]],
          [4,13,null,null,[]],
          [4,47,null,null,["faint"]],
          [4,48,null,null,[]],
          [5,0,null,null,["faint"]],
          [5,1,null,null,[]],
          [5,47,null,null,["faint"]],
          [5,48,null,null,[]],
          [6,0,null,null,["faint"]],
          [6,1,null,null,["faint"]],
          [6,35,null,null,[]],
          [6,36,null,null,["bold","faint"]],
          [6,41,null,null,[]],
          [6,42,null,null,["bold","faint"]],
          [6,44,null,null,[]],
          [6,45,null,null,["faint"]],
          [6,47,null,null,["faint"]],
          [6,48,null,null,[]]
        ]
        got:
        [
          [0,0,null,null,["faint"]],
          [0,3,null,null,[]],
          [0,4,null,null,["bold","faint"]],
          [0,59,null,null,[]],
          [0,60,null,null,["faint"]],
          [0,64,null,null,[]],
          [1,0,null,null,["faint"]],
          [1,1,null,null,[]],
          [1,47,null,null,["faint"]],
          [1,48,null,null,[]],
          [2,0,null,null,["faint"]],
          [2,1,null,null,[]],
          [2,3,null,null,["faint"]],
          [2,42,null,null,[]],
          [2,47,null,null,["faint"]],
          [2,48,null,null,[]],
          [3,0,null,null,["faint"]],
          [3,1,null,null,[]],
          [3,3,null,null,["faint"]],
          [3,44,null,null,[]],
          [3,47,null,null,["faint"]],
          [3,48,null,null,[]],
          [4,0,null,null,["faint"]],
          [4,1,null,null,[]],
          [4,3,null,null,["faint"]],
          [4,13,null,null,[]],
          [4,47,null,null,["faint"]],
          [4,48,null,null,[]],
          [5,0,null,null,["faint"]],
          [5,1,null,null,[]],
          [5,47,null,null,["faint"]],
          [5,48,null,null,[]],
          [6,0,null,null,["faint"]],
          [6,1,null,null,["faint"]],
          [6,35,null,null,[]],
          [6,36,null,null,["bold","faint"]],
          [6,41,null,null,[]],
          [6,42,null,null,["bold","faint"]],
          [6,44,null,null,[]],
          [6,45,null,null,["faint"]],
          [6,47,null,null,["faint"]],
          [6,48,null,null,[]]
        ]
=== RUN   TestDecisionDialog_Golden/alert-2action-short-30x24
    decision_test.go:619: golden mismatch for testdata\golden\decision-alert-2action-short-30x24.txt.golden:
        want:
        Ôò¡ÔöÇÔöÇ ÔÜá  Sobrescrever? ÔöÇÔöÇÔöÇÔöÇÔöÇÔöÇÔöÇÔöÇÔöÇÔöÇÔöÇÔöÇÔöÇÔöÇÔöÇÔöÇÔöÇÔöÇÔò«
        Ôöé                                      Ôöé
        Ôöé  J├í existe um segredo com este       Ôöé
        Ôöé  nome. Deseja substituir o           Ôöé
        Ôöé  existente?                          Ôöé
        Ôöé                                      Ôöé
        Ôò░ÔöÇÔöÇ Enter Sim ÔöÇÔöÇÔöÇÔöÇÔöÇÔöÇÔöÇÔöÇÔöÇÔöÇÔöÇÔöÇÔöÇÔöÇ Esc N├úo ÔöÇÔöÇÔò»
        got:
        Ôò¡ÔöÇÔöÇ ÔÜá  Sobrescrever? ÔöÇÔöÇÔöÇÔöÇÔöÇÔöÇÔöÇÔöÇÔöÇÔöÇÔöÇÔöÇÔöÇÔöÇÔöÇÔöÇÔöÇÔöÇÔò«
        Ôöé                                      Ôöé
        Ôöé  J├í existe um segredo com este       Ôöé
        Ôöé  nome. Deseja substituir o           Ôöé
        Ôöé  existente?                          Ôöé
        Ôöé                                      Ôöé
        Ôò░ÔöÇÔöÇ Enter Sim ÔöÇÔöÇÔöÇÔöÇÔöÇÔöÇÔöÇÔöÇÔöÇÔöÇÔöÇÔöÇÔöÇÔöÇ Esc N├úo ÔöÇÔöÇÔò»
    decision_test.go:627: golden mismatch for testdata\golden\decision-alert-2action-short-30x24.json.golden:
        want:
        [
          [0,0,null,"#0000ff",["faint"]],
          [0,3,null,null,[]],
          [0,4,null,"#0000ff",["bold","faint"]],
          [0,20,null,null,[]],
          [0,21,null,"#0000ff",["faint"]],
          [0,40,null,null,[]],
          [1,0,null,"#0000ff",["faint"]],
          [1,1,null,null,[]],
          [1,39,null,"#0000ff",["faint"]],
          [1,40,null,null,[]],
          [2,0,null,"#0000ff",["faint"]],
          [2,1,null,null,[]],
          [2,3,null,null,["faint"]],
          [2,32,null,null,[]],
          [2,39,null,"#0000ff",["faint"]],
          [2,40,null,null,[]],
          [3,0,null,"#0000ff",["faint"]],
          [3,1,null,null,[]],
          [3,3,null,null,["faint"]],
          [3,28,null,null,[]],
          [3,39,null,"#0000ff",["faint"]],
          [3,40,null,null,[]],
          [4,0,null,"#0000ff",["faint"]],
          [4,1,null,null,[]],
          [4,3,null,null,["faint"]],
          [4,13,null,null,[]],
          [4,39,null,"#0000ff",["faint"]],
          [4,40,null,null,[]],
          [5,0,null,"#0000ff",["faint"]],
          [5,1,null,null,[]],
          [5,39,null,"#0000ff",["faint"]],
          [5,40,null,null,[]],
          [6,0,null,"#0000ff",["faint"]],
          [6,1,null,"#0000ff",["faint"]],
          [6,3,null,null,[]],
          [6,4,null,null,["bold","faint"]],
          [6,9,null,null,[]],
          [6,10,null,null,["bold","faint"]],
          [6,13,null,null,[]],
          [6,14,null,"#0000ff",["faint"]],
          [6,28,null,null,[]],
          [6,29,null,"#0000ff",["faint"]],
          [6,32,null,null,[]],
          [6,33,null,"#0000ff",["faint"]],
          [6,36,null,null,[]],
          [6,37,null,"#0000ff",["faint"]],
          [6,39,null,"#0000ff",["faint"]],
          [6,40,null,null,[]]
        ]
        got:
        [
          [0,0,null,"#0000ff",["faint"]],
          [0,3,null,null,[]],
          [0,4,null,"#0000ff",["bold","faint"]],
          [0,20,null,null,[]],
          [0,21,null,"#0000ff",["faint"]],
          [0,40,null,null,[]],
          [1,0,null,"#0000ff",["faint"]],
          [1,1,null,null,[]],
          [1,39,null,"#0000ff",["faint"]],
          [1,40,null,null,[]],
          [2,0,null,"#0000ff",["faint"]],
          [2,1,null,null,[]],
          [2,3,null,null,["faint"]],
          [2,32,null,null,[]],
          [2,39,null,"#0000ff",["faint"]],
          [2,40,null,null,[]],
          [3,0,null,"#0000ff",["faint"]],
          [3,1,null,null,[]],
          [3,3,null,null,["faint"]],
          [3,28,null,null,[]],
          [3,39,null,"#0000ff",["faint"]],
          [3,40,null,null,[]],
          [4,0,null,"#0000ff",["faint"]],
          [4,1,null,null,[]],
          [4,3,null,null,["faint"]],
          [4,13,null,null,[]],
          [4,39,null,"#0000ff",["faint"]],
          [4,40,null,null,[]],
          [5,0,null,"#0000ff",["faint"]],
          [5,1,null,null,[]],
          [5,39,null,"#0000ff",["faint"]],
          [5,40,null,null,[]],
          [6,0,null,"#0000ff",["faint"]],
          [6,1,null,"#0000ff",["faint"]],
          [6,3,null,null,[]],
          [6,4,null,null,["bold","faint"]],
          [6,9,null,null,[]],
          [6,10,null,null,["bold","faint"]],
          [6,13,null,null,[]],
          [6,14,null,"#0000ff",["faint"]],
          [6,28,null,null,[]],
          [6,29,null,"#0000ff",["faint"]],
          [6,32,null,null,[]],
          [6,33,null,"#0000ff",["faint"]],
          [6,36,null,null,[]],
          [6,37,null,"#0000ff",["faint"]],
          [6,39,null,"#0000ff",["faint"]],
          [6,40,null,null,[]]
        ]
=== RUN   TestDecisionDialog_Golden/alert-2action-short-60x24
    decision_test.go:619: golden mismatch for testdata\golden\decision-alert-2action-short-60x24.txt.golden:
        want:
        Ôò¡ÔöÇÔöÇ ÔÜá  Sobrescrever? ÔöÇÔöÇÔöÇÔöÇÔöÇÔöÇÔöÇÔöÇÔöÇÔöÇÔöÇÔöÇÔöÇÔöÇÔöÇÔöÇÔöÇÔöÇÔöÇÔöÇÔöÇÔöÇÔöÇÔöÇÔöÇÔöÇÔò«
        Ôöé                                              Ôöé
        Ôöé  J├í existe um segredo com este nome. Deseja  Ôöé
        Ôöé  substituir o existente?                     Ôöé
        Ôöé                                              Ôöé
        Ôò░ÔöÇÔöÇ Enter Sim ÔöÇÔöÇÔöÇÔöÇÔöÇÔöÇÔöÇÔöÇÔöÇÔöÇÔöÇÔöÇÔöÇÔöÇÔöÇÔöÇÔöÇÔöÇÔöÇÔöÇÔöÇÔöÇ Esc N├úo ÔöÇÔöÇÔò»
        got:
        Ôò¡ÔöÇÔöÇ ÔÜá  Sobrescrever? ÔöÇÔöÇÔöÇÔöÇÔöÇÔöÇÔöÇÔöÇÔöÇÔöÇÔöÇÔöÇÔöÇÔöÇÔöÇÔöÇÔöÇÔöÇÔöÇÔöÇÔöÇÔöÇÔöÇÔöÇÔöÇÔöÇÔò«
        Ôöé                                              Ôöé
        Ôöé  J├í existe um segredo com este nome. Deseja  Ôöé
        Ôöé  substituir o existente?                     Ôöé
        Ôöé                                              Ôöé
        Ôò░ÔöÇÔöÇ Enter Sim ÔöÇÔöÇÔöÇÔöÇÔöÇÔöÇÔöÇÔöÇÔöÇÔöÇÔöÇÔöÇÔöÇÔöÇÔöÇÔöÇÔöÇÔöÇÔöÇÔöÇÔöÇÔöÇ Esc N├úo ÔöÇÔöÇÔò»
    decision_test.go:627: golden mismatch for testdata\golden\decision-alert-2action-short-60x24.json.golden:
        want:
        [
          [0,0,null,"#0000ff",["faint"]],
          [0,3,null,null,[]],
          [0,4,null,"#0000ff",["bold","faint"]],
          [0,20,null,null,[]],
          [0,21,null,"#0000ff",["faint"]],
          [0,48,null,null,[]],
          [1,0,null,"#0000ff",["faint"]],
          [1,1,null,null,[]],
          [1,47,null,"#0000ff",["faint"]],
          [1,48,null,null,[]],
          [2,0,null,"#0000ff",["faint"]],
          [2,1,null,null,[]],
          [2,3,null,null,["faint"]],
          [2,45,null,null,[]],
          [2,47,null,"#0000ff",["faint"]],
          [2,48,null,null,[]],
          [3,0,null,"#0000ff",["faint"]],
          [3,1,null,null,[]],
          [3,3,null,null,["faint"]],
          [3,26,null,null,[]],
          [3,47,null,"#0000ff",["faint"]],
          [3,48,null,null,[]],
          [4,0,null,"#0000ff",["faint"]],
          [4,1,null,null,[]],
          [4,47,null,"#0000ff",["faint"]],
          [4,48,null,null,[]],
          [5,0,null,"#0000ff",["faint"]],
          [5,1,null,"#0000ff",["faint"]],
          [5,3,null,null,[]],
          [5,4,null,null,["bold","faint"]],
          [5,9,null,null,[]],
          [5,10,null,null,["bold","faint"]],
          [5,13,null,null,[]],
          [5,14,null,"#0000ff",["faint"]],
          [5,36,null,null,[]],
          [5,37,null,"#0000ff",["faint"]],
          [5,40,null,null,[]],
          [5,41,null,"#0000ff",["faint"]],
          [5,44,null,null,[]],
          [5,45,null,"#0000ff",["faint"]],
          [5,47,null,"#0000ff",["faint"]],
          [5,48,null,null,[]]
        ]
        got:
        [
          [0,0,null,"#0000ff",["faint"]],
          [0,3,null,null,[]],
          [0,4,null,"#0000ff",["bold","faint"]],
          [0,20,null,null,[]],
          [0,21,null,"#0000ff",["faint"]],
          [0,48,null,null,[]],
          [1,0,null,"#0000ff",["faint"]],
          [1,1,null,null,[]],
          [1,47,null,"#0000ff",["faint"]],
          [1,48,null,null,[]],
          [2,0,null,"#0000ff",["faint"]],
          [2,1,null,null,[]],
          [2,3,null,null,["faint"]],
          [2,45,null,null,[]],
          [2,47,null,"#0000ff",["faint"]],
          [2,48,null,null,[]],
          [3,0,null,"#0000ff",["faint"]],
          [3,1,null,null,[]],
          [3,3,null,null,["faint"]],
          [3,26,null,null,[]],
          [3,47,null,"#0000ff",["faint"]],
          [3,48,null,null,[]],
          [4,0,null,"#0000ff",["faint"]],
          [4,1,null,null,[]],
          [4,47,null,"#0000ff",["faint"]],
          [4,48,null,null,[]],
          [5,0,null,"#0000ff",["faint"]],
          [5,1,null,"#0000ff",["faint"]],
          [5,3,null,null,[]],
          [5,4,null,null,["bold","faint"]],
          [5,9,null,null,[]],
          [5,10,null,null,["bold","faint"]],
          [5,13,null,null,[]],
          [5,14,null,"#0000ff",["faint"]],
          [5,36,null,null,[]],
          [5,37,null,"#0000ff",["faint"]],
          [5,40,null,null,[]],
          [5,41,null,"#0000ff",["faint"]],
          [5,44,null,null,[]],
          [5,45,null,"#0000ff",["faint"]],
          [5,47,null,"#0000ff",["faint"]],
          [5,48,null,null,[]]
        ]
=== RUN   TestDecisionDialog_Golden/alert-3action-long-30x24
    decision_test.go:619: golden mismatch for testdata\golden\decision-alert-3action-long-30x24.txt.golden:
        want:
        Ôò¡ÔöÇÔöÇ ÔÜá  Conflito de nome ao salvar novo segredo no cofre ÔöÇÔöÇÔöÇÔò«
        Ôöé                                      Ôöé
        Ôöé  Um segredo chamado 'github-token'   Ôöé
        Ôöé  j├í existe.                          Ôöé
        Ôöé                                      Ôöé
        Ôò░ÔöÇÔöÇ Enter Substituir ÔöÇÔöÇ R Renomear ÔöÇ Esc Cancelar ÔöÇÔöÇÔò»
        got:
        Ôò¡ÔöÇÔöÇ ÔÜá  Conflito de nome ao salvar novo segredo no cofre ÔöÇÔöÇÔöÇÔò«
        Ôöé                                      Ôöé
        Ôöé  Um segredo chamado 'github-token'   Ôöé
        Ôöé  j├í existe.                          Ôöé
        Ôöé                                      Ôöé
        Ôò░ÔöÇÔöÇ Enter Substituir ÔöÇÔöÇ R Renomear ÔöÇ Esc Cancelar ÔöÇÔöÇÔò»
    decision_test.go:627: golden mismatch for testdata\golden\decision-alert-3action-long-30x24.json.golden:
        want:
        [
          [0,0,null,"#0000ff",["faint"]],
          [0,3,null,null,[]],
          [0,4,null,"#0000ff",["bold","faint"]],
          [0,55,null,null,[]],
          [0,56,null,"#0000ff",["faint"]],
          [0,60,null,null,[]],
          [1,0,null,"#0000ff",["faint"]],
          [1,1,null,null,[]],
          [1,39,null,"#0000ff",["faint"]],
          [1,40,null,null,[]],
          [2,0,null,"#0000ff",["faint"]],
          [2,1,null,null,[]],
          [2,3,null,null,["faint"]],
          [2,36,null,null,[]],
          [2,39,null,"#0000ff",["faint"]],
          [2,40,null,null,[]],
          [3,0,null,"#0000ff",["faint"]],
          [3,1,null,null,[]],
          [3,3,null,null,["faint"]],
          [3,13,null,null,[]],
          [3,39,null,"#0000ff",["faint"]],
          [3,40,null,null,[]],
          [4,0,null,"#0000ff",["faint"]],
          [4,1,null,null,[]],
          [4,39,null,"#0000ff",["faint"]],
          [4,40,null,null,[]],
          [5,0,null,"#0000ff",["faint"]],
          [5,1,null,"#0000ff",["faint"]],
          [5,3,null,null,[]],
          [5,4,null,null,["bold","faint"]],
          [5,9,null,null,[]],
          [5,10,null,null,["bold","faint"]],
          [5,20,null,null,[]],
          [5,21,null,"#0000ff",["faint"]],
          [5,23,null,null,[]],
          [5,24,null,"#0000ff",["faint"]],
          [5,25,null,null,[]],
          [5,26,null,"#0000ff",["faint"]],
          [5,34,null,null,[]],
          [5,35,null,"#0000ff",["faint"]],
          [5,36,null,null,[]],
          [5,37,null,"#0000ff",["faint"]],
          [5,40,null,null,[]],
          [5,41,null,"#0000ff",["faint"]],
          [5,49,null,null,[]],
          [5,50,null,"#0000ff",["faint"]],
          [5,52,null,"#0000ff",["faint"]],
          [5,53,null,null,[]]
        ]
        got:
        [
          [0,0,null,"#0000ff",["faint"]],
          [0,3,null,null,[]],
          [0,4,null,"#0000ff",["bold","faint"]],
          [0,55,null,null,[]],
          [0,56,null,"#0000ff",["faint"]],
          [0,60,null,null,[]],
          [1,0,null,"#0000ff",["faint"]],
          [1,1,null,null,[]],
          [1,39,null,"#0000ff",["faint"]],
          [1,40,null,null,[]],
          [2,0,null,"#0000ff",["faint"]],
          [2,1,null,null,[]],
          [2,3,null,null,["faint"]],
          [2,36,null,null,[]],
          [2,39,null,"#0000ff",["faint"]],
          [2,40,null,null,[]],
          [3,0,null,"#0000ff",["faint"]],
          [3,1,null,null,[]],
          [3,3,null,null,["faint"]],
          [3,13,null,null,[]],
          [3,39,null,"#0000ff",["faint"]],
          [3,40,null,null,[]],
          [4,0,null,"#0000ff",["faint"]],
          [4,1,null,null,[]],
          [4,39,null,"#0000ff",["faint"]],
          [4,40,null,null,[]],
          [5,0,null,"#0000ff",["faint"]],
          [5,1,null,"#0000ff",["faint"]],
          [5,3,null,null,[]],
          [5,4,null,null,["bold","faint"]],
          [5,9,null,null,[]],
          [5,10,null,null,["bold","faint"]],
          [5,20,null,null,[]],
          [5,21,null,"#0000ff",["faint"]],
          [5,23,null,null,[]],
          [5,24,null,"#0000ff",["faint"]],
          [5,25,null,null,[]],
          [5,26,null,"#0000ff",["faint"]],
          [5,34,null,null,[]],
          [5,35,null,"#0000ff",["faint"]],
          [5,36,null,null,[]],
          [5,37,null,"#0000ff",["faint"]],
          [5,40,null,null,[]],
          [5,41,null,"#0000ff",["faint"]],
          [5,49,null,null,[]],
          [5,50,null,"#0000ff",["faint"]],
          [5,52,null,"#0000ff",["faint"]],
          [5,53,null,null,[]]
        ]
=== RUN   TestDecisionDialog_Golden/alert-3action-long-60x24
    decision_test.go:619: golden mismatch for testdata\golden\decision-alert-3action-long-60x24.txt.golden:
        want:
        Ôò¡ÔöÇÔöÇ ÔÜá  Conflito de nome ao salvar novo segredo no cofre ÔöÇÔöÇÔöÇÔò«
        Ôöé                                              Ôöé
        Ôöé  Um segredo chamado 'github-token' j├í        Ôöé
        Ôöé  existe.                                     Ôöé
        Ôöé                                              Ôöé
        Ôò░ÔöÇÔöÇ Enter Substituir ÔöÇÔöÇ R Renomear ÔöÇ Esc Cancelar ÔöÇÔöÇÔò»
        got:
        Ôò¡ÔöÇÔöÇ ÔÜá  Conflito de nome ao salvar novo segredo no cofre ÔöÇÔöÇÔöÇÔò«
        Ôöé                                              Ôöé
        Ôöé  Um segredo chamado 'github-token' j├í        Ôöé
        Ôöé  existe.                                     Ôöé
        Ôöé                                              Ôöé
        Ôò░ÔöÇÔöÇ Enter Substituir ÔöÇÔöÇ R Renomear ÔöÇ Esc Cancelar ÔöÇÔöÇÔò»
    decision_test.go:627: golden mismatch for testdata\golden\decision-alert-3action-long-60x24.json.golden:
        want:
        [
          [0,0,null,"#0000ff",["faint"]],
          [0,3,null,null,[]],
          [0,4,null,"#0000ff",["bold","faint"]],
          [0,55,null,null,[]],
          [0,56,null,"#0000ff",["faint"]],
          [0,60,null,null,[]],
          [1,0,null,"#0000ff",["faint"]],
          [1,1,null,null,[]],
          [1,47,null,"#0000ff",["faint"]],
          [1,48,null,null,[]],
          [2,0,null,"#0000ff",["faint"]],
          [2,1,null,null,[]],
          [2,3,null,null,["faint"]],
          [2,39,null,null,[]],
          [2,47,null,"#0000ff",["faint"]],
          [2,48,null,null,[]],
          [3,0,null,"#0000ff",["faint"]],
          [3,1,null,null,[]],
          [3,3,null,null,["faint"]],
          [3,10,null,null,[]],
          [3,47,null,"#0000ff",["faint"]],
          [3,48,null,null,[]],
          [4,0,null,"#0000ff",["faint"]],
          [4,1,null,null,[]],
          [4,47,null,"#0000ff",["faint"]],
          [4,48,null,null,[]],
          [5,0,null,"#0000ff",["faint"]],
          [5,1,null,"#0000ff",["faint"]],
          [5,3,null,null,[]],
          [5,4,null,null,["bold","faint"]],
          [5,9,null,null,[]],
          [5,10,null,null,["bold","faint"]],
          [5,20,null,null,[]],
          [5,21,null,"#0000ff",["faint"]],
          [5,23,null,null,[]],
          [5,24,null,"#0000ff",["faint"]],
          [5,25,null,null,[]],
          [5,26,null,"#0000ff",["faint"]],
          [5,34,null,null,[]],
          [5,35,null,"#0000ff",["faint"]],
          [5,36,null,null,[]],
          [5,37,null,"#0000ff",["faint"]],
          [5,40,null,null,[]],
          [5,41,null,"#0000ff",["faint"]],
          [5,49,null,null,[]],
          [5,50,null,"#0000ff",["faint"]],
          [5,52,null,"#0000ff",["faint"]],
          [5,53,null,null,[]]
        ]
        got:
        [
          [0,0,null,"#0000ff",["faint"]],
          [0,3,null,null,[]],
          [0,4,null,"#0000ff",["bold","faint"]],
          [0,55,null,null,[]],
          [0,56,null,"#0000ff",["faint"]],
          [0,60,null,null,[]],
          [1,0,null,"#0000ff",["faint"]],
          [1,1,null,null,[]],
          [1,47,null,"#0000ff",["faint"]],
          [1,48,null,null,[]],
          [2,0,null,"#0000ff",["faint"]],
          [2,1,null,null,[]],
          [2,3,null,null,["faint"]],
          [2,39,null,null,[]],
          [2,47,null,"#0000ff",["faint"]],
          [2,48,null,null,[]],
          [3,0,null,"#0000ff",["faint"]],
          [3,1,null,null,[]],
          [3,3,null,null,["faint"]],
          [3,10,null,null,[]],
          [3,47,null,"#0000ff",["faint"]],
          [3,48,null,null,[]],
          [4,0,null,"#0000ff",["faint"]],
          [4,1,null,null,[]],
          [4,47,null,"#0000ff",["faint"]],
          [4,48,null,null,[]],
          [5,0,null,"#0000ff",["faint"]],
          [5,1,null,"#0000ff",["faint"]],
          [5,3,null,null,[]],
          [5,4,null,null,["bold","faint"]],
          [5,9,null,null,[]],
          [5,10,null,null,["bold","faint"]],
          [5,20,null,null,[]],
          [5,21,null,"#0000ff",["faint"]],
          [5,23,null,null,[]],
          [5,24,null,"#0000ff",["faint"]],
          [5,25,null,null,[]],
          [5,26,null,"#0000ff",["faint"]],
          [5,34,null,null,[]],
          [5,35,null,"#0000ff",["faint"]],
          [5,36,null,null,[]],
          [5,37,null,"#0000ff",["faint"]],
          [5,40,null,null,[]],
          [5,41,null,"#0000ff",["faint"]],
          [5,49,null,null,[]],
          [5,50,null,"#0000ff",["faint"]],
          [5,52,null,"#0000ff",["faint"]],
          [5,53,null,null,[]]
        ]
=== RUN   TestDecisionDialog_Golden/informative-1action-short-30x24
    decision_test.go:619: golden mismatch for testdata\golden\decision-informative-1action-short-30x24.txt.golden:
        want:
        Ôò¡ÔöÇÔöÇ Ôä╣  Dica ÔöÇÔöÇÔöÇÔöÇÔöÇÔöÇÔöÇÔöÇÔöÇÔöÇÔöÇÔöÇÔöÇÔöÇÔöÇÔöÇÔöÇÔöÇÔöÇÔöÇÔöÇÔöÇÔöÇÔöÇÔöÇÔöÇÔöÇÔò«
        Ôöé                                      Ôöé
        Ôöé  Pressione Ctrl+N para criar um      Ôöé
        Ôöé  novo cofre.                         Ôöé
        Ôöé                                      Ôöé
        Ôò░ÔöÇÔöÇÔöÇÔöÇÔöÇÔöÇÔöÇÔöÇÔöÇÔöÇÔöÇÔöÇÔöÇÔöÇÔöÇÔöÇÔöÇÔöÇÔöÇÔöÇÔöÇ Enter Entendi ÔöÇÔöÇÔò»
        got:
        Ôò¡ÔöÇÔöÇ Ôä╣  Dica ÔöÇÔöÇÔöÇÔöÇÔöÇÔöÇÔöÇÔöÇÔöÇÔöÇÔöÇÔöÇÔöÇÔöÇÔöÇÔöÇÔöÇÔöÇÔöÇÔöÇÔöÇÔöÇÔöÇÔöÇÔöÇÔöÇÔöÇÔò«
        Ôöé                                      Ôöé
        Ôöé  Pressione Ctrl+N para criar um      Ôöé
        Ôöé  novo cofre.                         Ôöé
        Ôöé                                      Ôöé
        Ôò░ÔöÇÔöÇÔöÇÔöÇÔöÇÔöÇÔöÇÔöÇÔöÇÔöÇÔöÇÔöÇÔöÇÔöÇÔöÇÔöÇÔöÇÔöÇÔöÇÔöÇÔöÇ Enter Entendi ÔöÇÔöÇÔò»
    decision_test.go:627: golden mismatch for testdata\golden\decision-informative-1action-short-30x24.json.golden:
        want:
        [
          [0,0,null,null,["faint"]],
          [0,3,null,null,[]],
          [0,4,null,null,["bold","faint"]],
          [0,11,null,null,[]],
          [0,12,null,null,["faint"]],
          [0,40,null,null,[]],
          [1,0,null,null,["faint"]],
          [1,1,null,null,[]],
          [1,39,null,null,["faint"]],
          [1,40,null,null,[]],
          [2,0,null,null,["faint"]],
          [2,1,null,null,[]],
          [2,3,null,null,["faint"]],
          [2,33,null,null,[]],
          [2,39,null,null,["faint"]],
          [2,40,null,null,[]],
          [3,0,null,null,["faint"]],
          [3,1,null,null,[]],
          [3,3,null,null,["faint"]],
          [3,14,null,null,[]],
          [3,39,null,null,["faint"]],
          [3,40,null,null,[]],
          [4,0,null,null,["faint"]],
          [4,1,null,null,[]],
          [4,39,null,null,["faint"]],
          [4,40,null,null,[]],
          [5,0,null,null,["faint"]],
          [5,1,null,null,["faint"]],
          [5,22,null,null,[]],
          [5,23,null,null,["bold","faint"]],
          [5,28,null,null,[]],
          [5,29,null,null,["bold","faint"]],
          [5,36,null,null,[]],
          [5,37,null,null,["faint"]],
          [5,39,null,null,["faint"]],
          [5,40,null,null,[]]
        ]
        got:
        [
          [0,0,null,null,["faint"]],
          [0,3,null,null,[]],
          [0,4,null,null,["bold","faint"]],
          [0,11,null,null,[]],
          [0,12,null,null,["faint"]],
          [0,40,null,null,[]],
          [1,0,null,null,["faint"]],
          [1,1,null,null,[]],
          [1,39,null,null,["faint"]],
          [1,40,null,null,[]],
          [2,0,null,null,["faint"]],
          [2,1,null,null,[]],
          [2,3,null,null,["faint"]],
          [2,33,null,null,[]],
          [2,39,null,null,["faint"]],
          [2,40,null,null,[]],
          [3,0,null,null,["faint"]],
          [3,1,null,null,[]],
          [3,3,null,null,["faint"]],
          [3,14,null,null,[]],
          [3,39,null,null,["faint"]],
          [3,40,null,null,[]],
          [4,0,null,null,["faint"]],
          [4,1,null,null,[]],
          [4,39,null,null,["faint"]],
          [4,40,null,null,[]],
          [5,0,null,null,["faint"]],
          [5,1,null,null,["faint"]],
          [5,22,null,null,[]],
          [5,23,null,null,["bold","faint"]],
          [5,28,null,null,[]],
          [5,29,null,null,["bold","faint"]],
          [5,36,null,null,[]],
          [5,37,null,null,["faint"]],
          [5,39,null,null,["faint"]],
          [5,40,null,null,[]]
        ]
=== RUN   TestDecisionDialog_Golden/informative-1action-short-60x24
    decision_test.go:619: golden mismatch for testdata\golden\decision-informative-1action-short-60x24.txt.golden:
        want:
        Ôò¡ÔöÇÔöÇ Ôä╣  Dica ÔöÇÔöÇÔöÇÔöÇÔöÇÔöÇÔöÇÔöÇÔöÇÔöÇÔöÇÔöÇÔöÇÔöÇÔöÇÔöÇÔöÇÔöÇÔöÇÔöÇÔöÇÔöÇÔöÇÔöÇÔöÇÔöÇÔöÇÔöÇÔöÇÔöÇÔöÇÔöÇÔöÇÔöÇÔöÇÔò«
        Ôöé                                              Ôöé
        Ôöé  Pressione Ctrl+N para criar um novo cofre.  Ôöé
        Ôöé                                              Ôöé
        Ôò░ÔöÇÔöÇÔöÇÔöÇÔöÇÔöÇÔöÇÔöÇÔöÇÔöÇÔöÇÔöÇÔöÇÔöÇÔöÇÔöÇÔöÇÔöÇÔöÇÔöÇÔöÇÔöÇÔöÇÔöÇÔöÇÔöÇÔöÇÔöÇÔöÇ Enter Entendi ÔöÇÔöÇÔò»
        got:
        Ôò¡ÔöÇÔöÇ Ôä╣  Dica ÔöÇÔöÇÔöÇÔöÇÔöÇÔöÇÔöÇÔöÇÔöÇÔöÇÔöÇÔöÇÔöÇÔöÇÔöÇÔöÇÔöÇÔöÇÔöÇÔöÇÔöÇÔöÇÔöÇÔöÇÔöÇÔöÇÔöÇÔöÇÔöÇÔöÇÔöÇÔöÇÔöÇÔöÇÔöÇÔò«
        Ôöé                                              Ôöé
        Ôöé  Pressione Ctrl+N para criar um novo cofre.  Ôöé
        Ôöé                                              Ôöé
        Ôò░ÔöÇÔöÇÔöÇÔöÇÔöÇÔöÇÔöÇÔöÇÔöÇÔöÇÔöÇÔöÇÔöÇÔöÇÔöÇÔöÇÔöÇÔöÇÔöÇÔöÇÔöÇÔöÇÔöÇÔöÇÔöÇÔöÇÔöÇÔöÇÔöÇ Enter Entendi ÔöÇÔöÇÔò»
    decision_test.go:627: golden mismatch for testdata\golden\decision-informative-1action-short-60x24.json.golden:
        want:
        [
          [0,0,null,null,["faint"]],
          [0,3,null,null,[]],
          [0,4,null,null,["bold","faint"]],
          [0,11,null,null,[]],
          [0,12,null,null,["faint"]],
          [0,48,null,null,[]],
          [1,0,null,null,["faint"]],
          [1,1,null,null,[]],
          [1,47,null,null,["faint"]],
          [1,48,null,null,[]],
          [2,0,null,null,["faint"]],
          [2,1,null,null,[]],
          [2,3,null,null,["faint"]],
          [2,45,null,null,[]],
          [2,47,null,null,["faint"]],
          [2,48,null,null,[]],
          [3,0,null,null,["faint"]],
          [3,1,null,null,[]],
          [3,47,null,null,["faint"]],
          [3,48,null,null,[]],
          [4,0,null,null,["faint"]],
          [4,1,null,null,["faint"]],
          [4,30,null,null,[]],
          [4,31,null,null,["bold","faint"]],
          [4,36,null,null,[]],
          [4,37,null,null,["bold","faint"]],
          [4,44,null,null,[]],
          [4,45,null,null,["faint"]],
          [4,47,null,null,["faint"]],
          [4,48,null,null,[]]
        ]
        got:
        [
          [0,0,null,null,["faint"]],
          [0,3,null,null,[]],
          [0,4,null,null,["bold","faint"]],
          [0,11,null,null,[]],
          [0,12,null,null,["faint"]],
          [0,48,null,null,[]],
          [1,0,null,null,["faint"]],
          [1,1,null,null,[]],
          [1,47,null,null,["faint"]],
          [1,48,null,null,[]],
          [2,0,null,null,["faint"]],
          [2,1,null,null,[]],
          [2,3,null,null,["faint"]],
          [2,45,null,null,[]],
          [2,47,null,null,["faint"]],
          [2,48,null,null,[]],
          [3,0,null,null,["faint"]],
          [3,1,null,null,[]],
          [3,47,null,null,["faint"]],
          [3,48,null,null,[]],
          [4,0,null,null,["faint"]],
          [4,1,null,null,["faint"]],
          [4,30,null,null,[]],
          [4,31,null,null,["bold","faint"]],
          [4,36,null,null,[]],
          [4,37,null,null,["bold","faint"]],
          [4,44,null,null,[]],
          [4,45,null,null,["faint"]],
          [4,47,null,null,["faint"]],
          [4,48,null,null,[]]
        ]
=== RUN   TestDecisionDialog_Golden/informative-2action-long-30x24
    decision_test.go:619: golden mismatch for testdata\golden\decision-informative-2action-long-30x24.txt.golden:
        want:
        Ôò¡ÔöÇÔöÇ Ôä╣  Segredo copiado para a ├írea de transfer├¬ncia com sucesso ÔöÇÔöÇÔöÇÔò«
        Ôöé                                      Ôöé
        Ôöé  O conte├║do ser├í limpo               Ôöé
        Ôöé  automaticamente em 30 segundos por  Ôöé
        Ôöé  seguran├ºa.                          Ôöé
        Ôöé                                      Ôöé
        Ôò░ÔöÇÔöÇ Enter Copiar ÔöÇÔöÇÔöÇÔöÇÔöÇÔöÇÔöÇÔöÇ Esc Fechar ÔöÇÔöÇÔò»
        got:
        Ôò¡ÔöÇÔöÇ Ôä╣  Segredo copiado para a ├írea de transfer├¬ncia com sucesso ÔöÇÔöÇÔöÇÔò«
        Ôöé                                      Ôöé
        Ôöé  O conte├║do ser├í limpo               Ôöé
        Ôöé  automaticamente em 30 segundos por  Ôöé
        Ôöé  seguran├ºa.                          Ôöé
        Ôöé                                      Ôöé
        Ôò░ÔöÇÔöÇ Enter Copiar ÔöÇÔöÇÔöÇÔöÇÔöÇÔöÇÔöÇÔöÇ Esc Fechar ÔöÇÔöÇÔò»
    decision_test.go:627: golden mismatch for testdata\golden\decision-informative-2action-long-30x24.json.golden:
        want:
        [
          [0,0,null,null,["faint"]],
          [0,3,null,null,[]],
          [0,4,null,null,["bold","faint"]],
          [0,63,null,null,[]],
          [0,64,null,null,["faint"]],
          [0,68,null,null,[]],
          [1,0,null,null,["faint"]],
          [1,1,null,null,[]],
          [1,39,null,null,["faint"]],
          [1,40,null,null,[]],
          [2,0,null,null,["faint"]],
          [2,1,null,null,[]],
          [2,3,null,null,["faint"]],
          [2,24,null,null,[]],
          [2,39,null,null,["faint"]],
          [2,40,null,null,[]],
          [3,0,null,null,["faint"]],
          [3,1,null,null,[]],
          [3,3,null,null,["faint"]],
          [3,37,null,null,[]],
          [3,39,null,null,["faint"]],
          [3,40,null,null,[]],
          [4,0,null,null,["faint"]],
          [4,1,null,null,[]],
          [4,3,null,null,["faint"]],
          [4,13,null,null,[]],
          [4,39,null,null,["faint"]],
          [4,40,null,null,[]],
          [5,0,null,null,["faint"]],
          [5,1,null,null,[]],
          [5,39,null,null,["faint"]],
          [5,40,null,null,[]],
          [6,0,null,null,["faint"]],
          [6,1,null,null,["faint"]],
          [6,3,null,null,[]],
          [6,4,null,null,["bold","faint"]],
          [6,9,null,null,[]],
          [6,10,null,null,["bold","faint"]],
          [6,16,null,null,[]],
          [6,17,null,null,["faint"]],
          [6,25,null,null,[]],
          [6,26,null,null,["faint"]],
          [6,29,null,null,[]],
          [6,30,null,null,["faint"]],
          [6,36,null,null,[]],
          [6,37,null,null,["faint"]],
          [6,39,null,null,["faint"]],
          [6,40,null,null,[]]
        ]
        got:
        [
          [0,0,null,null,["faint"]],
          [0,3,null,null,[]],
          [0,4,null,null,["bold","faint"]],
          [0,63,null,null,[]],
          [0,64,null,null,["faint"]],
          [0,68,null,null,[]],
          [1,0,null,null,["faint"]],
          [1,1,null,null,[]],
          [1,39,null,null,["faint"]],
          [1,40,null,null,[]],
          [2,0,null,null,["faint"]],
          [2,1,null,null,[]],
          [2,3,null,null,["faint"]],
          [2,24,null,null,[]],
          [2,39,null,null,["faint"]],
          [2,40,null,null,[]],
          [3,0,null,null,["faint"]],
          [3,1,null,null,[]],
          [3,3,null,null,["faint"]],
          [3,37,null,null,[]],
          [3,39,null,null,["faint"]],
          [3,40,null,null,[]],
          [4,0,null,null,["faint"]],
          [4,1,null,null,[]],
          [4,3,null,null,["faint"]],
          [4,13,null,null,[]],
          [4,39,null,null,["faint"]],
          [4,40,null,null,[]],
          [5,0,null,null,["faint"]],
          [5,1,null,null,[]],
          [5,39,null,null,["faint"]],
          [5,40,null,null,[]],
          [6,0,null,null,["faint"]],
          [6,1,null,null,["faint"]],
          [6,3,null,null,[]],
          [6,4,null,null,["bold","faint"]],
          [6,9,null,null,[]],
          [6,10,null,null,["bold","faint"]],
          [6,16,null,null,[]],
          [6,17,null,null,["faint"]],
          [6,25,null,null,[]],
          [6,26,null,null,["faint"]],
          [6,29,null,null,[]],
          [6,30,null,null,["faint"]],
          [6,36,null,null,[]],
          [6,37,null,null,["faint"]],
          [6,39,null,null,["faint"]],
          [6,40,null,null,[]]
        ]
=== RUN   TestDecisionDialog_Golden/informative-2action-long-60x24
    decision_test.go:619: golden mismatch for testdata\golden\decision-informative-2action-long-60x24.txt.golden:
        want:
        Ôò¡ÔöÇÔöÇ Ôä╣  Segredo copiado para a ├írea de transfer├¬ncia com sucesso ÔöÇÔöÇÔöÇÔò«
        Ôöé                                              Ôöé
        Ôöé  O conte├║do ser├í limpo automaticamente em    Ôöé
        Ôöé  30 segundos por seguran├ºa.                  Ôöé
        Ôöé                                              Ôöé
        Ôò░ÔöÇÔöÇ Enter Copiar ÔöÇÔöÇÔöÇÔöÇÔöÇÔöÇÔöÇÔöÇÔöÇÔöÇÔöÇÔöÇÔöÇÔöÇÔöÇÔöÇ Esc Fechar ÔöÇÔöÇÔò»
        got:
        Ôò¡ÔöÇÔöÇ Ôä╣  Segredo copiado para a ├írea de transfer├¬ncia com sucesso ÔöÇÔöÇÔöÇÔò«
        Ôöé                                              Ôöé
        Ôöé  O conte├║do ser├í limpo automaticamente em    Ôöé
        Ôöé  30 segundos por seguran├ºa.                  Ôöé
        Ôöé                                              Ôöé
        Ôò░ÔöÇÔöÇ Enter Copiar ÔöÇÔöÇÔöÇÔöÇÔöÇÔöÇÔöÇÔöÇÔöÇÔöÇÔöÇÔöÇÔöÇÔöÇÔöÇÔöÇ Esc Fechar ÔöÇÔöÇÔò»
    decision_test.go:627: golden mismatch for testdata\golden\decision-informative-2action-long-60x24.json.golden:
        want:
        [
          [0,0,null,null,["faint"]],
          [0,3,null,null,[]],
          [0,4,null,null,["bold","faint"]],
          [0,63,null,null,[]],
          [0,64,null,null,["faint"]],
          [0,68,null,null,[]],
          [1,0,null,null,["faint"]],
          [1,1,null,null,[]],
          [1,47,null,null,["faint"]],
          [1,48,null,null,[]],
          [2,0,null,null,["faint"]],
          [2,1,null,null,[]],
          [2,3,null,null,["faint"]],
          [2,43,null,null,[]],
          [2,47,null,null,["faint"]],
          [2,48,null,null,[]],
          [3,0,null,null,["faint"]],
          [3,1,null,null,[]],
          [3,3,null,null,["faint"]],
          [3,29,null,null,[]],
          [3,47,null,null,["faint"]],
          [3,48,null,null,[]],
          [4,0,null,null,["faint"]],
          [4,1,null,null,[]],
          [4,47,null,null,["faint"]],
          [4,48,null,null,[]],
          [5,0,null,null,["faint"]],
          [5,1,null,null,["faint"]],
          [5,3,null,null,[]],
          [5,4,null,null,["bold","faint"]],
          [5,9,null,null,[]],
          [5,10,null,null,["bold","faint"]],
          [5,16,null,null,[]],
          [5,17,null,null,["faint"]],
          [5,33,null,null,[]],
          [5,34,null,null,["faint"]],
          [5,37,null,null,[]],
          [5,38,null,null,["faint"]],
          [5,44,null,null,[]],
          [5,45,null,null,["faint"]],
          [5,47,null,null,["faint"]],
          [5,48,null,null,[]]
        ]
        got:
        [
          [0,0,null,null,["faint"]],
          [0,3,null,null,[]],
          [0,4,null,null,["bold","faint"]],
          [0,63,null,null,[]],
          [0,64,null,null,["faint"]],
          [0,68,null,null,[]],
          [1,0,null,null,["faint"]],
          [1,1,null,null,[]],
          [1,47,null,null,["faint"]],
          [1,48,null,null,[]],
          [2,0,null,null,["faint"]],
          [2,1,null,null,[]],
          [2,3,null,null,["faint"]],
          [2,43,null,null,[]],
          [2,47,null,null,["faint"]],
          [2,48,null,null,[]],
          [3,0,null,null,["faint"]],
          [3,1,null,null,[]],
          [3,3,null,null,["faint"]],
          [3,29,null,null,[]],
          [3,47,null,null,["faint"]],
          [3,48,null,null,[]],
          [4,0,null,null,["faint"]],
          [4,1,null,null,[]],
          [4,47,null,null,["faint"]],
          [4,48,null,null,[]],
          [5,0,null,null,["faint"]],
          [5,1,null,null,["faint"]],
          [5,3,null,null,[]],
          [5,4,null,null,["bold","faint"]],
          [5,9,null,null,[]],
          [5,10,null,null,["bold","faint"]],
          [5,16,null,null,[]],
          [5,17,null,null,["faint"]],
          [5,33,null,null,[]],
          [5,34,null,null,["faint"]],
          [5,37,null,null,[]],
          [5,38,null,null,["faint"]],
          [5,44,null,null,[]],
          [5,45,null,null,["faint"]],
          [5,47,null,null,["faint"]],
          [5,48,null,null,[]]
        ]
=== RUN   TestDecisionDialog_Golden/neutral-3action-short-30x24
    decision_test.go:619: golden mismatch for testdata\golden\decision-neutral-3action-short-30x24.txt.golden:
        want:
        Ôò¡ÔöÇÔöÇ Continuar? ÔöÇÔöÇÔöÇÔöÇÔöÇÔöÇÔöÇÔöÇÔöÇÔöÇÔöÇÔöÇÔöÇÔöÇÔöÇÔöÇÔöÇÔöÇÔöÇÔöÇÔöÇÔöÇÔöÇÔöÇÔò«
        Ôöé                                      Ôöé
        Ôöé  Tem certeza que deseja prosseguir?  Ôöé
        Ôöé                                      Ôöé
        Ôò░ÔöÇÔöÇ Enter Sim ÔöÇÔöÇ N N├úo ÔöÇÔöÇ Esc Talvez ÔöÇÔöÇÔò»
        got:
        Ôò¡ÔöÇÔöÇ Continuar? ÔöÇÔöÇÔöÇÔöÇÔöÇÔöÇÔöÇÔöÇÔöÇÔöÇÔöÇÔöÇÔöÇÔöÇÔöÇÔöÇÔöÇÔöÇÔöÇÔöÇÔöÇÔöÇÔöÇÔöÇÔò«
        Ôöé                                      Ôöé
        Ôöé  Tem certeza que deseja prosseguir?  Ôöé
        Ôöé                                      Ôöé
        Ôò░ÔöÇÔöÇ Enter Sim ÔöÇÔöÇ N N├úo ÔöÇÔöÇ Esc Talvez ÔöÇÔöÇÔò»
    decision_test.go:627: golden mismatch for testdata\golden\decision-neutral-3action-short-30x24.json.golden:
        want:
        [
          [0,0,null,"#0000ff",["faint"]],
          [0,3,null,null,[]],
          [0,4,null,"#0000ff",["bold","faint"]],
          [0,14,null,null,[]],
          [0,15,null,"#0000ff",["faint"]],
          [0,40,null,null,[]],
          [1,0,null,"#0000ff",["faint"]],
          [1,1,null,null,[]],
          [1,39,null,"#0000ff",["faint"]],
          [1,40,null,null,[]],
          [2,0,null,"#0000ff",["faint"]],
          [2,1,null,null,[]],
          [2,3,null,null,["faint"]],
          [2,37,null,null,[]],
          [2,39,null,"#0000ff",["faint"]],
          [2,40,null,null,[]],
          [3,0,null,"#0000ff",["faint"]],
          [3,1,null,null,[]],
          [3,39,null,"#0000ff",["faint"]],
          [3,40,null,null,[]],
          [4,0,null,"#0000ff",["faint"]],
          [4,1,null,"#0000ff",["faint"]],
          [4,3,null,null,[]],
          [4,4,null,null,["bold","faint"]],
          [4,9,null,null,[]],
          [4,10,null,null,["bold","faint"]],
          [4,13,null,null,[]],
          [4,14,null,"#0000ff",["faint"]],
          [4,16,null,null,[]],
          [4,17,null,"#0000ff",["faint"]],
          [4,18,null,null,[]],
          [4,19,null,"#0000ff",["faint"]],
          [4,22,null,null,[]],
          [4,23,null,"#0000ff",["faint"]],
          [4,25,null,null,[]],
          [4,26,null,"#0000ff",["faint"]],
          [4,29,null,null,[]],
          [4,30,null,"#0000ff",["faint"]],
          [4,36,null,null,[]],
          [4,37,null,"#0000ff",["faint"]],
          [4,39,null,"#0000ff",["faint"]],
          [4,40,null,null,[]]
        ]
        got:
        [
          [0,0,null,"#0000ff",["faint"]],
          [0,3,null,null,[]],
          [0,4,null,"#0000ff",["bold","faint"]],
          [0,14,null,null,[]],
          [0,15,null,"#0000ff",["faint"]],
          [0,40,null,null,[]],
          [1,0,null,"#0000ff",["faint"]],
          [1,1,null,null,[]],
          [1,39,null,"#0000ff",["faint"]],
          [1,40,null,null,[]],
          [2,0,null,"#0000ff",["faint"]],
          [2,1,null,null,[]],
          [2,3,null,null,["faint"]],
          [2,37,null,null,[]],
          [2,39,null,"#0000ff",["faint"]],
          [2,40,null,null,[]],
          [3,0,null,"#0000ff",["faint"]],
          [3,1,null,null,[]],
          [3,39,null,"#0000ff",["faint"]],
          [3,40,null,null,[]],
          [4,0,null,"#0000ff",["faint"]],
          [4,1,null,"#0000ff",["faint"]],
          [4,3,null,null,[]],
          [4,4,null,null,["bold","faint"]],
          [4,9,null,null,[]],
          [4,10,null,null,["bold","faint"]],
          [4,13,null,null,[]],
          [4,14,null,"#0000ff",["faint"]],
          [4,16,null,null,[]],
          [4,17,null,"#0000ff",["faint"]],
          [4,18,null,null,[]],
          [4,19,null,"#0000ff",["faint"]],
          [4,22,null,null,[]],
          [4,23,null,"#0000ff",["faint"]],
          [4,25,null,null,[]],
          [4,26,null,"#0000ff",["faint"]],
          [4,29,null,null,[]],
          [4,30,null,"#0000ff",["faint"]],
          [4,36,null,null,[]],
          [4,37,null,"#0000ff",["faint"]],
          [4,39,null,"#0000ff",["faint"]],
          [4,40,null,null,[]]
        ]
=== RUN   TestDecisionDialog_Golden/neutral-3action-short-60x24
    decision_test.go:619: golden mismatch for testdata\golden\decision-neutral-3action-short-60x24.txt.golden:
        want:
        Ôò¡ÔöÇÔöÇ Continuar? ÔöÇÔöÇÔöÇÔöÇÔöÇÔöÇÔöÇÔöÇÔöÇÔöÇÔöÇÔöÇÔöÇÔöÇÔöÇÔöÇÔöÇÔöÇÔöÇÔöÇÔöÇÔöÇÔöÇÔöÇÔöÇÔöÇÔöÇÔöÇÔöÇÔöÇÔöÇÔöÇÔò«
        Ôöé                                              Ôöé
        Ôöé  Tem certeza que deseja prosseguir?          Ôöé
        Ôöé                                              Ôöé
        Ôò░ÔöÇÔöÇ Enter Sim ÔöÇÔöÇ N N├úo ÔöÇÔöÇÔöÇÔöÇÔöÇÔöÇÔöÇÔöÇÔöÇÔöÇ Esc Talvez ÔöÇÔöÇÔò»
        got:
        Ôò¡ÔöÇÔöÇ Continuar? ÔöÇÔöÇÔöÇÔöÇÔöÇÔöÇÔöÇÔöÇÔöÇÔöÇÔöÇÔöÇÔöÇÔöÇÔöÇÔöÇÔöÇÔöÇÔöÇÔöÇÔöÇÔöÇÔöÇÔöÇÔöÇÔöÇÔöÇÔöÇÔöÇÔöÇÔöÇÔöÇÔò«
        Ôöé                                              Ôöé
        Ôöé  Tem certeza que deseja prosseguir?          Ôöé
        Ôöé                                              Ôöé
        Ôò░ÔöÇÔöÇ Enter Sim ÔöÇÔöÇ N N├úo ÔöÇÔöÇÔöÇÔöÇÔöÇÔöÇÔöÇÔöÇÔöÇÔöÇ Esc Talvez ÔöÇÔöÇÔò»
    decision_test.go:627: golden mismatch for testdata\golden\decision-neutral-3action-short-60x24.json.golden:
        want:
        [
          [0,0,null,"#0000ff",["faint"]],
          [0,3,null,null,[]],
          [0,4,null,"#0000ff",["bold","faint"]],
          [0,14,null,null,[]],
          [0,15,null,"#0000ff",["faint"]],
          [0,48,null,null,[]],
          [1,0,null,"#0000ff",["faint"]],
          [1,1,null,null,[]],
          [1,47,null,"#0000ff",["faint"]],
          [1,48,null,null,[]],
          [2,0,null,"#0000ff",["faint"]],
          [2,1,null,null,[]],
          [2,3,null,null,["faint"]],
          [2,37,null,null,[]],
          [2,47,null,"#0000ff",["faint"]],
          [2,48,null,null,[]],
          [3,0,null,"#0000ff",["faint"]],
          [3,1,null,null,[]],
          [3,47,null,"#0000ff",["faint"]],
          [3,48,null,null,[]],
          [4,0,null,"#0000ff",["faint"]],
          [4,1,null,"#0000ff",["faint"]],
          [4,3,null,null,[]],
          [4,4,null,null,["bold","faint"]],
          [4,9,null,null,[]],
          [4,10,null,null,["bold","faint"]],
          [4,13,null,null,[]],
          [4,14,null,"#0000ff",["faint"]],
          [4,16,null,null,[]],
          [4,17,null,"#0000ff",["faint"]],
          [4,18,null,null,[]],
          [4,19,null,"#0000ff",["faint"]],
          [4,22,null,null,[]],
          [4,23,null,"#0000ff",["faint"]],
          [4,33,null,null,[]],
          [4,34,null,"#0000ff",["faint"]],
          [4,37,null,null,[]],
          [4,38,null,"#0000ff",["faint"]],
          [4,44,null,null,[]],
          [4,45,null,"#0000ff",["faint"]],
          [4,47,null,"#0000ff",["faint"]],
          [4,48,null,null,[]]
        ]
        got:
        [
          [0,0,null,"#0000ff",["faint"]],
          [0,3,null,null,[]],
          [0,4,null,"#0000ff",["bold","faint"]],
          [0,14,null,null,[]],
          [0,15,null,"#0000ff",["faint"]],
          [0,48,null,null,[]],
          [1,0,null,"#0000ff",["faint"]],
          [1,1,null,null,[]],
          [1,47,null,"#0000ff",["faint"]],
          [1,48,null,null,[]],
          [2,0,null,"#0000ff",["faint"]],
          [2,1,null,null,[]],
          [2,3,null,null,["faint"]],
          [2,37,null,null,[]],
          [2,47,null,"#0000ff",["faint"]],
          [2,48,null,null,[]],
          [3,0,null,"#0000ff",["faint"]],
          [3,1,null,null,[]],
          [3,47,null,"#0000ff",["faint"]],
          [3,48,null,null,[]],
          [4,0,null,"#0000ff",["faint"]],
          [4,1,null,"#0000ff",["faint"]],
          [4,3,null,null,[]],
          [4,4,null,null,["bold","faint"]],
          [4,9,null,null,[]],
          [4,10,null,null,["bold","faint"]],
          [4,13,null,null,[]],
          [4,14,null,"#0000ff",["faint"]],
          [4,16,null,null,[]],
          [4,17,null,"#0000ff",["faint"]],
          [4,18,null,null,[]],
          [4,19,null,"#0000ff",["faint"]],
          [4,22,null,null,[]],
          [4,23,null,"#0000ff",["faint"]],
          [4,33,null,null,[]],
          [4,34,null,"#0000ff",["faint"]],
          [4,37,null,null,[]],
          [4,38,null,"#0000ff",["faint"]],
          [4,44,null,null,[]],
          [4,45,null,"#0000ff",["faint"]],
          [4,47,null,"#0000ff",["faint"]],
          [4,48,null,null,[]]
        ]
=== RUN   TestDecisionDialog_Golden/neutral-2action-long-30x24
    decision_test.go:619: golden mismatch for testdata\golden\decision-neutral-2action-long-30x24.txt.golden:
        want:
        Ôò¡ÔöÇÔöÇ Confirmar altera├º├Áes pendentes antes de fechar o cofre? ÔöÇÔöÇÔöÇÔò«
        Ôöé                                      Ôöé
        Ôöé  Existem 3 modifica├º├Áes n├úo salvas.  Ôöé
        Ôöé  Se fechar sem salvar, as            Ôöé
        Ôöé  altera├º├Áes ser├úo perdidas.          Ôöé
        Ôöé                                      Ôöé
        Ôò░ÔöÇÔöÇ Enter Confirmar ÔöÇÔöÇÔöÇ Esc Cancelar ÔöÇÔöÇÔò»
        got:
        Ôò¡ÔöÇÔöÇ Confirmar altera├º├Áes pendentes antes de fechar o cofre? ÔöÇÔöÇÔöÇÔò«
        Ôöé                                      Ôöé
        Ôöé  Existem 3 modifica├º├Áes n├úo salvas.  Ôöé
        Ôöé  Se fechar sem salvar, as            Ôöé
        Ôöé  altera├º├Áes ser├úo perdidas.          Ôöé
        Ôöé                                      Ôöé
        Ôò░ÔöÇÔöÇ Enter Confirmar ÔöÇÔöÇÔöÇ Esc Cancelar ÔöÇÔöÇÔò»
    decision_test.go:627: golden mismatch for testdata\golden\decision-neutral-2action-long-30x24.json.golden:
        want:
        [
          [0,0,null,"#0000ff",["faint"]],
          [0,3,null,null,[]],
          [0,4,null,"#0000ff",["bold","faint"]],
          [0,59,null,null,[]],
          [0,60,null,"#0000ff",["faint"]],
          [0,64,null,null,[]],
          [1,0,null,"#0000ff",["faint"]],
          [1,1,null,null,[]],
          [1,39,null,"#0000ff",["faint"]],
          [1,40,null,null,[]],
          [2,0,null,"#0000ff",["faint"]],
          [2,1,null,null,[]],
          [2,3,null,null,["faint"]],
          [2,37,null,null,[]],
          [2,39,null,"#0000ff",["faint"]],
          [2,40,null,null,[]],
          [3,0,null,"#0000ff",["faint"]],
          [3,1,null,null,[]],
          [3,3,null,null,["faint"]],
          [3,27,null,null,[]],
          [3,39,null,"#0000ff",["faint"]],
          [3,40,null,null,[]],
          [4,0,null,"#0000ff",["faint"]],
          [4,1,null,null,[]],
          [4,3,null,null,["faint"]],
          [4,29,null,null,[]],
          [4,39,null,"#0000ff",["faint"]],
          [4,40,null,null,[]],
          [5,0,null,"#0000ff",["faint"]],
          [5,1,null,null,[]],
          [5,39,null,"#0000ff",["faint"]],
          [5,40,null,null,[]],
          [6,0,null,"#0000ff",["faint"]],
          [6,1,null,"#0000ff",["faint"]],
          [6,3,null,null,[]],
          [6,4,null,null,["bold","faint"]],
          [6,9,null,null,[]],
          [6,10,null,null,["bold","faint"]],
          [6,19,null,null,[]],
          [6,20,null,"#0000ff",["faint"]],
          [6,23,null,null,[]],
          [6,24,null,"#0000ff",["faint"]],
          [6,27,null,null,[]],
          [6,28,null,"#0000ff",["faint"]],
          [6,36,null,null,[]],
          [6,37,null,"#0000ff",["faint"]],
          [6,39,null,"#0000ff",["faint"]],
          [6,40,null,null,[]]
        ]
        got:
        [
          [0,0,null,"#0000ff",["faint"]],
          [0,3,null,null,[]],
          [0,4,null,"#0000ff",["bold","faint"]],
          [0,59,null,null,[]],
          [0,60,null,"#0000ff",["faint"]],
          [0,64,null,null,[]],
          [1,0,null,"#0000ff",["faint"]],
          [1,1,null,null,[]],
          [1,39,null,"#0000ff",["faint"]],
          [1,40,null,null,[]],
          [2,0,null,"#0000ff",["faint"]],
          [2,1,null,null,[]],
          [2,3,null,null,["faint"]],
          [2,37,null,null,[]],
          [2,39,null,"#0000ff",["faint"]],
          [2,40,null,null,[]],
          [3,0,null,"#0000ff",["faint"]],
          [3,1,null,null,[]],
          [3,3,null,null,["faint"]],
          [3,27,null,null,[]],
          [3,39,null,"#0000ff",["faint"]],
          [3,40,null,null,[]],
          [4,0,null,"#0000ff",["faint"]],
          [4,1,null,null,[]],
          [4,3,null,null,["faint"]],
          [4,29,null,null,[]],
          [4,39,null,"#0000ff",["faint"]],
          [4,40,null,null,[]],
          [5,0,null,"#0000ff",["faint"]],
          [5,1,null,null,[]],
          [5,39,null,"#0000ff",["faint"]],
          [5,40,null,null,[]],
          [6,0,null,"#0000ff",["faint"]],
          [6,1,null,"#0000ff",["faint"]],
          [6,3,null,null,[]],
          [6,4,null,null,["bold","faint"]],
          [6,9,null,null,[]],
          [6,10,null,null,["bold","faint"]],
          [6,19,null,null,[]],
          [6,20,null,"#0000ff",["faint"]],
          [6,23,null,null,[]],
          [6,24,null,"#0000ff",["faint"]],
          [6,27,null,null,[]],
          [6,28,null,"#0000ff",["faint"]],
          [6,36,null,null,[]],
          [6,37,null,"#0000ff",["faint"]],
          [6,39,null,"#0000ff",["faint"]],
          [6,40,null,null,[]]
        ]
=== RUN   TestDecisionDialog_Golden/neutral-2action-long-60x24
    decision_test.go:619: golden mismatch for testdata\golden\decision-neutral-2action-long-60x24.txt.golden:
        want:
        Ôò¡ÔöÇÔöÇ Confirmar altera├º├Áes pendentes antes de fechar o cofre? ÔöÇÔöÇÔöÇÔò«
        Ôöé                                              Ôöé
        Ôöé  Existem 3 modifica├º├Áes n├úo salvas. Se       Ôöé
        Ôöé  fechar sem salvar, as altera├º├Áes ser├úo      Ôöé
        Ôöé  perdidas.                                   Ôöé
        Ôöé                                              Ôöé
        Ôò░ÔöÇÔöÇ Enter Confirmar ÔöÇÔöÇÔöÇÔöÇÔöÇÔöÇÔöÇÔöÇÔöÇÔöÇÔöÇ Esc Cancelar ÔöÇÔöÇÔò»
        got:
        Ôò¡ÔöÇÔöÇ Confirmar altera├º├Áes pendentes antes de fechar o cofre? ÔöÇÔöÇÔöÇÔò«
        Ôöé                                              Ôöé
        Ôöé  Existem 3 modifica├º├Áes n├úo salvas. Se       Ôöé
        Ôöé  fechar sem salvar, as altera├º├Áes ser├úo      Ôöé
        Ôöé  perdidas.                                   Ôöé
        Ôöé                                              Ôöé
        Ôò░ÔöÇÔöÇ Enter Confirmar ÔöÇÔöÇÔöÇÔöÇÔöÇÔöÇÔöÇÔöÇÔöÇÔöÇÔöÇ Esc Cancelar ÔöÇÔöÇÔò»
    decision_test.go:627: golden mismatch for testdata\golden\decision-neutral-2action-long-60x24.json.golden:
        want:
        [
          [0,0,null,"#0000ff",["faint"]],
          [0,3,null,null,[]],
          [0,4,null,"#0000ff",["bold","faint"]],
          [0,59,null,null,[]],
          [0,60,null,"#0000ff",["faint"]],
          [0,64,null,null,[]],
          [1,0,null,"#0000ff",["faint"]],
          [1,1,null,null,[]],
          [1,47,null,"#0000ff",["faint"]],
          [1,48,null,null,[]],
          [2,0,null,"#0000ff",["faint"]],
          [2,1,null,null,[]],
          [2,3,null,null,["faint"]],
          [2,40,null,null,[]],
          [2,47,null,"#0000ff",["faint"]],
          [2,48,null,null,[]],
          [3,0,null,"#0000ff",["faint"]],
          [3,1,null,null,[]],
          [3,3,null,null,["faint"]],
          [3,41,null,null,[]],
          [3,47,null,"#0000ff",["faint"]],
          [3,48,null,null,[]],
          [4,0,null,"#0000ff",["faint"]],
          [4,1,null,null,[]],
          [4,3,null,null,["faint"]],
          [4,12,null,null,[]],
          [4,47,null,"#0000ff",["faint"]],
          [4,48,null,null,[]],
          [5,0,null,"#0000ff",["faint"]],
          [5,1,null,null,[]],
          [5,47,null,"#0000ff",["faint"]],
          [5,48,null,null,[]],
          [6,0,null,"#0000ff",["faint"]],
          [6,1,null,"#0000ff",["faint"]],
          [6,3,null,null,[]],
          [6,4,null,null,["bold","faint"]],
          [6,9,null,null,[]],
          [6,10,null,null,["bold","faint"]],
          [6,19,null,null,[]],
          [6,20,null,"#0000ff",["faint"]],
          [6,31,null,null,[]],
          [6,32,null,"#0000ff",["faint"]],
          [6,35,null,null,[]],
          [6,36,null,"#0000ff",["faint"]],
          [6,44,null,null,[]],
          [6,45,null,"#0000ff",["faint"]],
          [6,47,null,"#0000ff",["faint"]],
          [6,48,null,null,[]]
        ]
        got:
        [
          [0,0,null,"#0000ff",["faint"]],
          [0,3,null,null,[]],
          [0,4,null,"#0000ff",["bold","faint"]],
          [0,59,null,null,[]],
          [0,60,null,"#0000ff",["faint"]],
          [0,64,null,null,[]],
          [1,0,null,"#0000ff",["faint"]],
          [1,1,null,null,[]],
          [1,47,null,"#0000ff",["faint"]],
          [1,48,null,null,[]],
          [2,0,null,"#0000ff",["faint"]],
          [2,1,null,null,[]],
          [2,3,null,null,["faint"]],
          [2,40,null,null,[]],
          [2,47,null,"#0000ff",["faint"]],
          [2,48,null,null,[]],
          [3,0,null,"#0000ff",["faint"]],
          [3,1,null,null,[]],
          [3,3,null,null,["faint"]],
          [3,41,null,null,[]],
          [3,47,null,"#0000ff",["faint"]],
          [3,48,null,null,[]],
          [4,0,null,"#0000ff",["faint"]],
          [4,1,null,null,[]],
          [4,3,null,null,["faint"]],
          [4,12,null,null,[]],
          [4,47,null,"#0000ff",["faint"]],
          [4,48,null,null,[]],
          [5,0,null,"#0000ff",["faint"]],
          [5,1,null,null,[]],
          [5,47,null,"#0000ff",["faint"]],
          [5,48,null,null,[]],
          [6,0,null,"#0000ff",["faint"]],
          [6,1,null,"#0000ff",["faint"]],
          [6,3,null,null,[]],
          [6,4,null,null,["bold","faint"]],
          [6,9,null,null,[]],
          [6,10,null,null,["bold","faint"]],
          [6,19,null,null,[]],
          [6,20,null,"#0000ff",["faint"]],
          [6,31,null,null,[]],
          [6,32,null,"#0000ff",["faint"]],
          [6,35,null,null,[]],
          [6,36,null,"#0000ff",["faint"]],
          [6,44,null,null,[]],
          [6,45,null,"#0000ff",["faint"]],
          [6,47,null,"#0000ff",["faint"]],
          [6,48,null,null,[]]
        ]
--- FAIL: TestDecisionDialog_Golden (0.02s)
    --- FAIL: TestDecisionDialog_Golden/destructive-1action-short-30x24 (0.00s)
    --- FAIL: TestDecisionDialog_Golden/destructive-1action-short-60x24 (0.00s)
    --- FAIL: TestDecisionDialog_Golden/destructive-2action-long-30x24 (0.00s)
    --- FAIL: TestDecisionDialog_Golden/destructive-2action-long-60x24 (0.00s)
    --- FAIL: TestDecisionDialog_Golden/error-3action-short-30x24 (0.00s)
    --- FAIL: TestDecisionDialog_Golden/error-3action-short-60x24 (0.00s)
    --- FAIL: TestDecisionDialog_Golden/error-1action-long-30x24 (0.00s)
    --- FAIL: TestDecisionDialog_Golden/error-1action-long-60x24 (0.00s)
    --- FAIL: TestDecisionDialog_Golden/alert-2action-short-30x24 (0.00s)
    --- FAIL: TestDecisionDialog_Golden/alert-2action-short-60x24 (0.00s)
    --- FAIL: TestDecisionDialog_Golden/alert-3action-long-30x24 (0.00s)
    --- FAIL: TestDecisionDialog_Golden/alert-3action-long-60x24 (0.00s)
    --- FAIL: TestDecisionDialog_Golden/informative-1action-short-30x24 (0.00s)
    --- FAIL: TestDecisionDialog_Golden/informative-1action-short-60x24 (0.00s)
    --- FAIL: TestDecisionDialog_Golden/informative-2action-long-30x24 (0.00s)
    --- FAIL: TestDecisionDialog_Golden/informative-2action-long-60x24 (0.00s)
    --- FAIL: TestDecisionDialog_Golden/neutral-3action-short-30x24 (0.00s)
    --- FAIL: TestDecisionDialog_Golden/neutral-3action-short-60x24 (0.00s)
    --- FAIL: TestDecisionDialog_Golden/neutral-2action-long-30x24 (0.00s)
    --- FAIL: TestDecisionDialog_Golden/neutral-2action-long-60x24 (0.00s)
=== RUN   TestDecisionDialog_Update_ExplicitKey_Destructive
--- PASS: TestDecisionDialog_Update_ExplicitKey_Destructive (0.00s)
=== RUN   TestDecisionDialog_Update_ExplicitKey_Error
--- PASS: TestDecisionDialog_Update_ExplicitKey_Error (0.00s)
=== RUN   TestDecisionDialog_Update_ExplicitKey_Alert
--- PASS: TestDecisionDialog_Update_ExplicitKey_Alert (0.00s)
=== RUN   TestDecisionDialog_Update_ExplicitKey_Informative
--- PASS: TestDecisionDialog_Update_ExplicitKey_Informative (0.00s)
=== RUN   TestDecisionDialog_Update_EnterOnAcknowledge
--- PASS: TestDecisionDialog_Update_EnterOnAcknowledge (0.00s)
=== RUN   TestDecisionDialog_Update_EscOnAcknowledge
--- PASS: TestDecisionDialog_Update_EscOnAcknowledge (0.00s)
=== RUN   TestDecisionDialog_Update_CancelKeyNotTreatedAsExplicit
--- PASS: TestDecisionDialog_Update_CancelKeyNotTreatedAsExplicit (0.00s)
=== RUN   TestDecisionDialog_Update_UnknownExplicitKey
--- PASS: TestDecisionDialog_Update_UnknownExplicitKey (0.00s)
=== RUN   TestFilePickerModalStructExists
--- PASS: TestFilePickerModalStructExists (0.00s)
=== RUN   TestFilePickerModalInit
    filepicker_test.go:35: Initialized at: C:\git\Abditum\internal\tui
--- PASS: TestFilePickerModalInit (0.00s)
=== RUN   TestFilePickerModalView
--- PASS: TestFilePickerModalView (0.00s)
=== RUN   TestFilePickerModalUpdate
--- PASS: TestFilePickerModalUpdate (0.00s)
=== RUN   TestFilePickerModalSetSize
--- PASS: TestFilePickerModalSetSize (0.00s)
=== RUN   TestFilePickerModalShortcuts
--- PASS: TestFilePickerModalShortcuts (0.00s)
=== RUN   TestFilePickerModalEmitsMessageOnEsc
    filepicker_test.go:91: Expected popModalMsg but got tea.BatchMsg
--- PASS: TestFilePickerModalEmitsMessageOnEsc (0.00s)
=== RUN   TestFilePickerModalContainsPanelLabels
--- PASS: TestFilePickerModalContainsPanelLabels (0.00s)
=== RUN   TestFilePickerModalDirectoryLoading
--- PASS: TestFilePickerModalDirectoryLoading (0.01s)
=== RUN   TestFilePickerModalFiltering
--- PASS: TestFilePickerModalFiltering (0.01s)
=== RUN   TestFilePickerModalNavigationDown
--- PASS: TestFilePickerModalNavigationDown (0.01s)
=== RUN   TestFilePickerModalNavigationUp
--- PASS: TestFilePickerModalNavigationUp (0.01s)
=== RUN   TestFilePickerModalTabFocus
--- PASS: TestFilePickerModalTabFocus (0.00s)
=== RUN   TestFilePickerModalDisplaysFileSizes
--- PASS: TestFilePickerModalDisplaysFileSizes (0.01s)
=== RUN   TestFilePickerModalDisplaysRelativeDates
--- PASS: TestFilePickerModalDisplaysRelativeDates (0.00s)
=== RUN   TestFilePickerModalHandlesInaccessibleDirectory
    filepicker_test.go:317: loadDirectory handled inaccessible/nonexistent directory gracefully
--- PASS: TestFilePickerModalHandlesInaccessibleDirectory (0.00s)
=== RUN   TestFilePickerModalMouseScrollSupport
    filepicker_test.go:343: Navigation handled without panic. Cursor: 0 -> 15
--- PASS: TestFilePickerModalMouseScrollSupport (0.02s)
=== RUN   TestFilePickerModal_Golden
--- PASS: TestFilePickerModal_Golden (0.01s)
=== RUN   TestCreateVaultFlowStructExists
--- PASS: TestCreateVaultFlowStructExists (0.00s)
=== RUN   TestCreateVaultFlowImplementsFlowHandler
--- PASS: TestCreateVaultFlowImplementsFlowHandler (0.00s)
=== RUN   TestCreateVaultFlowNewCreatesFlow
--- PASS: TestCreateVaultFlowNewCreatesFlow (0.00s)
=== RUN   TestCreateVaultFlowInit
--- PASS: TestCreateVaultFlowInit (0.00s)
=== RUN   TestCreateVaultFlowUpdate
--- PASS: TestCreateVaultFlowUpdate (0.00s)
=== RUN   TestCreateVaultFlowHandlesFilePickerResult
--- PASS: TestCreateVaultFlowHandlesFilePickerResult (0.00s)
=== RUN   TestCreateVaultFlowHandlesFilePickerCancelled
--- PASS: TestCreateVaultFlowHandlesFilePickerCancelled (0.00s)
=== RUN   TestCreateVaultFlowView
--- PASS: TestCreateVaultFlowView (0.00s)
=== RUN   TestCreateVaultFlowEmitsVaultOpenedMsg
--- PASS: TestCreateVaultFlowEmitsVaultOpenedMsg (0.00s)
=== RUN   TestCreateVaultFlow_Golden
--- PASS: TestCreateVaultFlow_Golden (0.00s)
=== RUN   TestOpenVaultFlowStructExists
--- PASS: TestOpenVaultFlowStructExists (0.00s)
=== RUN   TestOpenVaultFlowImplementsFlowHandler
--- PASS: TestOpenVaultFlowImplementsFlowHandler (0.00s)
=== RUN   TestOpenVaultFlowNewCreatesFlow
--- PASS: TestOpenVaultFlowNewCreatesFlow (0.00s)
=== RUN   TestOpenVaultFlowInit
--- PASS: TestOpenVaultFlowInit (0.00s)
=== RUN   TestOpenVaultFlowUpdate
--- PASS: TestOpenVaultFlowUpdate (0.00s)
=== RUN   TestOpenVaultFlowHandlesFilePickerResult
--- PASS: TestOpenVaultFlowHandlesFilePickerResult (0.00s)
=== RUN   TestOpenVaultFlowHandlesFilePickerCancelled
--- PASS: TestOpenVaultFlowHandlesFilePickerCancelled (0.00s)
=== RUN   TestOpenVaultFlowView
--- PASS: TestOpenVaultFlowView (0.00s)
=== RUN   TestOpenVaultFlowEmitsVaultOpenedMsg
--- PASS: TestOpenVaultFlowEmitsVaultOpenedMsg (0.00s)
=== RUN   TestOpenVaultFlow_Golden
--- PASS: TestOpenVaultFlow_Golden (0.00s)
=== RUN   TestHelpModal_Golden
=== RUN   TestHelpModal_Golden/3actions-30x12
    help_test.go:157: golden mismatch for testdata\golden\help-3actions-30x12.txt.golden:
        want:
        Ôò¡ÔöÇÔöÇ Ajuda ÔÇö Atalhos e A├º├Áes ÔöÇÔò«
        Ôöé                   Ôöé
        Ôöé    f2  Novo     
        cofre            Ôöé
        Ôöé    f3  Abrir    
        cofre            Ôöé
        Ôöé    f4  Salvar   
        cofre            Ôöé
        Ôöé                   Ôöé
        Ôöé                   Ôöé
        Ôöé                   Ôöé
        Ôöé                   Ôöé
        Ôöé                   Ôöé
        Ôöé                   Ôöé
        Ôò░ÔöÇÔöÇÔöÇÔöÇÔöÇÔöÇ Esc Fechar ÔöÇÔò»
        got:
        Ôò¡ÔöÇÔöÇ Ajuda ÔÇö Atalhos e A├º├Áes ÔöÇÔò«
        Ôöé                   Ôöé
        Ôöé    f2  Novo     
        cofre            Ôöé
        Ôöé    f3  Abrir    
        cofre            Ôöé
        Ôöé    f4  Salvar   
        cofre            Ôöé
        Ôöé                   Ôöé
        Ôöé                   Ôöé
        Ôöé                   Ôöé
        Ôöé                   Ôöé
        Ôöé                   Ôöé
        Ôöé                   Ôöé
        Ôò░ÔöÇÔöÇÔöÇÔöÇÔöÇÔöÇ Esc Fechar ÔöÇÔò»
    help_test.go:165: golden mismatch for testdata\golden\help-3actions-30x12.json.golden:
        want:
        [
          [0,0,null,"#0000ff",["faint"]],
          [0,4,null,null,["bold","faint"]],
          [0,27,null,"#0000ff",["faint"]],
          [0,30,null,null,[]],
          [1,0,null,"#0000ff",["faint"]],
          [1,1,null,null,[]],
          [1,20,null,"#0000ff",["faint"]],
          [1,21,null,null,[]],
          [2,0,null,"#0000ff",["faint"]],
          [2,1,null,null,[]],
          [2,5,null,null,["faint"]],
          [2,7,null,null,[]],
          [3,17,null,"#0000ff",["faint"]],
          [3,18,null,null,[]],
          [4,0,null,"#0000ff",["faint"]],
          [4,1,null,null,[]],
          [4,5,null,null,["faint"]],
          [4,7,null,null,[]],
          [5,17,null,"#0000ff",["faint"]],
          [5,18,null,null,[]],
          [6,0,null,"#0000ff",["faint"]],
          [6,1,null,null,[]],
          [6,5,null,null,["faint"]],
          [6,7,null,null,[]],
          [7,17,null,"#0000ff",["faint"]],
          [7,18,null,null,[]],
          [8,0,null,"#0000ff",["faint"]],
          [8,1,null,null,[]],
          [8,20,null,"#0000ff",["faint"]],
          [8,21,null,null,[]],
          [9,0,null,"#0000ff",["faint"]],
          [9,1,null,null,[]],
          [9,20,null,"#0000ff",["faint"]],
          [9,21,null,null,[]],
          [10,0,null,"#0000ff",["faint"]],
          [10,1,null,null,[]],
          [10,20,null,"#0000ff",["faint"]],
          [10,21,null,null,[]],
          [11,0,null,"#0000ff",["faint"]],
          [11,1,null,null,[]],
          [11,20,null,"#0000ff",["faint"]],
          [11,21,null,null,[]],
          [12,0,null,"#0000ff",["faint"]],
          [12,1,null,null,[]],
          [12,20,null,"#0000ff",["faint"]],
          [12,21,null,null,[]],
          [13,0,null,"#0000ff",["faint"]],
          [13,1,null,null,[]],
          [13,20,null,"#0000ff",["faint"]],
          [13,21,null,null,[]],
          [14,0,null,"#0000ff",["faint"]],
          [14,1,null,"#0000ff",["faint"]],
          [14,7,null,null,[]],
          [14,8,null,"#0000ff",["faint"]],
          [14,18,null,null,[]],
          [14,19,null,"#0000ff",["faint"]],
          [14,21,null,null,[]]
        ]
        got:
        [
          [0,0,null,"#0000ff",["faint"]],
          [0,4,null,null,["bold","faint"]],
          [0,27,null,"#0000ff",["faint"]],
          [0,30,null,null,[]],
          [1,0,null,"#0000ff",["faint"]],
          [1,1,null,null,[]],
          [1,20,null,"#0000ff",["faint"]],
          [1,21,null,null,[]],
          [2,0,null,"#0000ff",["faint"]],
          [2,1,null,null,[]],
          [2,5,null,null,["faint"]],
          [2,7,null,null,[]],
          [3,17,null,"#0000ff",["faint"]],
          [3,18,null,null,[]],
          [4,0,null,"#0000ff",["faint"]],
          [4,1,null,null,[]],
          [4,5,null,null,["faint"]],
          [4,7,null,null,[]],
          [5,17,null,"#0000ff",["faint"]],
          [5,18,null,null,[]],
          [6,0,null,"#0000ff",["faint"]],
          [6,1,null,null,[]],
          [6,5,null,null,["faint"]],
          [6,7,null,null,[]],
          [7,17,null,"#0000ff",["faint"]],
          [7,18,null,null,[]],
          [8,0,null,"#0000ff",["faint"]],
          [8,1,null,null,[]],
          [8,20,null,"#0000ff",["faint"]],
          [8,21,null,null,[]],
          [9,0,null,"#0000ff",["faint"]],
          [9,1,null,null,[]],
          [9,20,null,"#0000ff",["faint"]],
          [9,21,null,null,[]],
          [10,0,null,"#0000ff",["faint"]],
          [10,1,null,null,[]],
          [10,20,null,"#0000ff",["faint"]],
          [10,21,null,null,[]],
          [11,0,null,"#0000ff",["faint"]],
          [11,1,null,null,[]],
          [11,20,null,"#0000ff",["faint"]],
          [11,21,null,null,[]],
          [12,0,null,"#0000ff",["faint"]],
          [12,1,null,null,[]],
          [12,20,null,"#0000ff",["faint"]],
          [12,21,null,null,[]],
          [13,0,null,"#0000ff",["faint"]],
          [13,1,null,null,[]],
          [13,20,null,"#0000ff",["faint"]],
          [13,21,null,null,[]],
          [14,0,null,"#0000ff",["faint"]],
          [14,1,null,"#0000ff",["faint"]],
          [14,7,null,null,[]],
          [14,8,null,"#0000ff",["faint"]],
          [14,18,null,null,[]],
          [14,19,null,"#0000ff",["faint"]],
          [14,21,null,null,[]]
        ]
=== RUN   TestHelpModal_Golden/3actions-60x12
    help_test.go:157: golden mismatch for testdata\golden\help-3actions-60x12.txt.golden:
        want:
        Ôò¡ÔöÇÔöÇ Ajuda ÔÇö Atalhos e A├º├Áes ÔöÇÔöÇÔöÇÔöÇÔöÇÔöÇÔöÇÔöÇÔöÇÔöÇÔöÇÔöÇÔöÇÔò«
        Ôöé                                        Ôöé
        Ôöé    f2  Novo cofre                      Ôöé
        Ôöé    f3  Abrir cofre                     Ôöé
        Ôöé    f4  Salvar cofre                    Ôöé
        Ôöé                                        Ôöé
        Ôöé                                        Ôöé
        Ôöé                                        Ôöé
        Ôöé                                        Ôöé
        Ôöé                                        Ôöé
        Ôöé                                        Ôöé
        Ôò░ÔöÇÔöÇÔöÇÔöÇÔöÇÔöÇÔöÇÔöÇÔöÇÔöÇÔöÇÔöÇÔöÇÔöÇÔöÇÔöÇÔöÇÔöÇÔöÇÔöÇÔöÇÔöÇÔöÇÔöÇÔöÇÔöÇÔöÇ Esc Fechar ÔöÇÔò»
        got:
        Ôò¡ÔöÇÔöÇ Ajuda ÔÇö Atalhos e A├º├Áes ÔöÇÔöÇÔöÇÔöÇÔöÇÔöÇÔöÇÔöÇÔöÇÔöÇÔöÇÔöÇÔöÇÔò«
        Ôöé                                        Ôöé
        Ôöé    f2  Novo cofre                      Ôöé
        Ôöé    f3  Abrir cofre                     Ôöé
        Ôöé    f4  Salvar cofre                    Ôöé
        Ôöé                                        Ôöé
        Ôöé                                        Ôöé
        Ôöé                                        Ôöé
        Ôöé                                        Ôöé
        Ôöé                                        Ôöé
        Ôöé                                        Ôöé
        Ôò░ÔöÇÔöÇÔöÇÔöÇÔöÇÔöÇÔöÇÔöÇÔöÇÔöÇÔöÇÔöÇÔöÇÔöÇÔöÇÔöÇÔöÇÔöÇÔöÇÔöÇÔöÇÔöÇÔöÇÔöÇÔöÇÔöÇÔöÇ Esc Fechar ÔöÇÔò»
    help_test.go:165: golden mismatch for testdata\golden\help-3actions-60x12.json.golden:
        want:
        [
          [0,0,null,"#0000ff",["faint"]],
          [0,4,null,null,["bold","faint"]],
          [0,27,null,"#0000ff",["faint"]],
          [0,42,null,null,[]],
          [1,0,null,"#0000ff",["faint"]],
          [1,1,null,null,[]],
          [1,41,null,"#0000ff",["faint"]],
          [1,42,null,null,[]],
          [2,0,null,"#0000ff",["faint"]],
          [2,1,null,null,[]],
          [2,5,null,null,["faint"]],
          [2,7,null,null,[]],
          [2,41,null,"#0000ff",["faint"]],
          [2,42,null,null,[]],
          [3,0,null,"#0000ff",["faint"]],
          [3,1,null,null,[]],
          [3,5,null,null,["faint"]],
          [3,7,null,null,[]],
          [3,41,null,"#0000ff",["faint"]],
          [3,42,null,null,[]],
          [4,0,null,"#0000ff",["faint"]],
          [4,1,null,null,[]],
          [4,5,null,null,["faint"]],
          [4,7,null,null,[]],
          [4,41,null,"#0000ff",["faint"]],
          [4,42,null,null,[]],
          [5,0,null,"#0000ff",["faint"]],
          [5,1,null,null,[]],
          [5,41,null,"#0000ff",["faint"]],
          [5,42,null,null,[]],
          [6,0,null,"#0000ff",["faint"]],
          [6,1,null,null,[]],
          [6,41,null,"#0000ff",["faint"]],
          [6,42,null,null,[]],
          [7,0,null,"#0000ff",["faint"]],
          [7,1,null,null,[]],
          [7,41,null,"#0000ff",["faint"]],
          [7,42,null,null,[]],
          [8,0,null,"#0000ff",["faint"]],
          [8,1,null,null,[]],
          [8,41,null,"#0000ff",["faint"]],
          [8,42,null,null,[]],
          [9,0,null,"#0000ff",["faint"]],
          [9,1,null,null,[]],
          [9,41,null,"#0000ff",["faint"]],
          [9,42,null,null,[]],
          [10,0,null,"#0000ff",["faint"]],
          [10,1,null,null,[]],
          [10,41,null,"#0000ff",["faint"]],
          [10,42,null,null,[]],
          [11,0,null,"#0000ff",["faint"]],
          [11,1,null,"#0000ff",["faint"]],
          [11,28,null,null,[]],
          [11,29,null,"#0000ff",["faint"]],
          [11,39,null,null,[]],
          [11,40,null,"#0000ff",["faint"]],
          [11,42,null,null,[]]
        ]
        got:
        [
          [0,0,null,"#0000ff",["faint"]],
          [0,4,null,null,["bold","faint"]],
          [0,27,null,"#0000ff",["faint"]],
          [0,42,null,null,[]],
          [1,0,null,"#0000ff",["faint"]],
          [1,1,null,null,[]],
          [1,41,null,"#0000ff",["faint"]],
          [1,42,null,null,[]],
          [2,0,null,"#0000ff",["faint"]],
          [2,1,null,null,[]],
          [2,5,null,null,["faint"]],
          [2,7,null,null,[]],
          [2,41,null,"#0000ff",["faint"]],
          [2,42,null,null,[]],
          [3,0,null,"#0000ff",["faint"]],
          [3,1,null,null,[]],
          [3,5,null,null,["faint"]],
          [3,7,null,null,[]],
          [3,41,null,"#0000ff",["faint"]],
          [3,42,null,null,[]],
          [4,0,null,"#0000ff",["faint"]],
          [4,1,null,null,[]],
          [4,5,null,null,["faint"]],
          [4,7,null,null,[]],
          [4,41,null,"#0000ff",["faint"]],
          [4,42,null,null,[]],
          [5,0,null,"#0000ff",["faint"]],
          [5,1,null,null,[]],
          [5,41,null,"#0000ff",["faint"]],
          [5,42,null,null,[]],
          [6,0,null,"#0000ff",["faint"]],
          [6,1,null,null,[]],
          [6,41,null,"#0000ff",["faint"]],
          [6,42,null,null,[]],
          [7,0,null,"#0000ff",["faint"]],
          [7,1,null,null,[]],
          [7,41,null,"#0000ff",["faint"]],
          [7,42,null,null,[]],
          [8,0,null,"#0000ff",["faint"]],
          [8,1,null,null,[]],
          [8,41,null,"#0000ff",["faint"]],
          [8,42,null,null,[]],
          [9,0,null,"#0000ff",["faint"]],
          [9,1,null,null,[]],
          [9,41,null,"#0000ff",["faint"]],
          [9,42,null,null,[]],
          [10,0,null,"#0000ff",["faint"]],
          [10,1,null,null,[]],
          [10,41,null,"#0000ff",["faint"]],
          [10,42,null,null,[]],
          [11,0,null,"#0000ff",["faint"]],
          [11,1,null,"#0000ff",["faint"]],
          [11,28,null,null,[]],
          [11,29,null,"#0000ff",["faint"]],
          [11,39,null,null,[]],
          [11,40,null,"#0000ff",["faint"]],
          [11,42,null,null,[]]
        ]
=== RUN   TestHelpModal_Golden/15actions-top-30x16
    help_test.go:157: golden mismatch for testdata\golden\help-15actions-top-30x16.txt.golden:
        want:
        Ôò¡ÔöÇÔöÇ Ajuda ÔÇö Atalhos e A├º├Áes ÔöÇÔò«
        Ôöé                   Ôöé
        Ôöé  Arquivo          Ôûá
        Ôöé    f2  Novo     
        cofre            Ôöé
        Ôöé    f3  Abrir    
        cofre existente  Ôöé
        Ôöé    f4  Salvar   
        cofre atual      Ôöé
        Ôöé    f5  Fechar   
        cofre            Ôöé
        Ôöé    f6  Exportar 
        cofre            Ôöé
        Ôöé  Edi├º├úo           Ôöé
        Ôöé    ctrl+n  Novo 
        segredo          Ôöé
        Ôöé    ctrl+d       
        Duplicar       
        segredo          Ôöé
        Ôöé    ctrl+x       
        Cortar segredo   Ôöé
        Ôöé    ctrl+v  Colar
        segredo          Ôöé
        Ôöé    del  Excluir 
        segredo          Ôåô
        Ôöé                   Ôöé
        Ôò░ÔöÇÔöÇÔöÇÔöÇÔöÇÔöÇ Esc Fechar ÔöÇÔò»
        got:
        Ôò¡ÔöÇÔöÇ Ajuda ÔÇö Atalhos e A├º├Áes ÔöÇÔò«
        Ôöé                   Ôöé
        Ôöé  Arquivo          Ôûá
        Ôöé    f2  Novo     
        cofre            Ôöé
        Ôöé    f3  Abrir    
        cofre existente  Ôöé
        Ôöé    f4  Salvar   
        cofre atual      Ôöé
        Ôöé    f5  Fechar   
        cofre            Ôöé
        Ôöé    f6  Exportar 
        cofre            Ôöé
        Ôöé  Edi├º├úo           Ôöé
        Ôöé    ctrl+n  Novo 
        segredo          Ôöé
        Ôöé    ctrl+d       
        Duplicar       
        segredo          Ôöé
        Ôöé    ctrl+x       
        Cortar segredo   Ôöé
        Ôöé    ctrl+v  Colar
        segredo          Ôöé
        Ôöé    del  Excluir 
        segredo          Ôåô
        Ôöé                   Ôöé
        Ôò░ÔöÇÔöÇÔöÇÔöÇÔöÇÔöÇ Esc Fechar ÔöÇÔò»
    help_test.go:165: golden mismatch for testdata\golden\help-15actions-top-30x16.json.golden:
        want:
        [
          [0,0,null,"#0000ff",["faint"]],
          [0,4,null,null,["bold","faint"]],
          [0,27,null,"#0000ff",["faint"]],
          [0,30,null,null,[]],
          [1,0,null,"#0000ff",["faint"]],
          [1,1,null,null,[]],
          [1,20,null,"#0000ff",["faint"]],
          [1,21,null,null,[]],
          [2,0,null,"#0000ff",["faint"]],
          [2,1,null,null,[]],
          [2,3,"#000000",null,["bold","faint"]],
          [2,10,null,null,[]],
          [2,20,"#000000",null,["faint"]],
          [2,21,null,null,[]],
          [3,0,null,"#0000ff",["faint"]],
          [3,1,null,null,[]],
          [3,5,null,null,["faint"]],
          [3,7,null,null,[]],
          [4,17,null,"#0000ff",["faint"]],
          [4,18,null,null,[]],
          [5,0,null,"#0000ff",["faint"]],
          [5,1,null,null,[]],
          [5,5,null,null,["faint"]],
          [5,7,null,null,[]],
          [6,17,null,"#0000ff",["faint"]],
          [6,18,null,null,[]],
          [7,0,null,"#0000ff",["faint"]],
          [7,1,null,null,[]],
          [7,5,null,null,["faint"]],
          [7,7,null,null,[]],
          [8,17,null,"#0000ff",["faint"]],
          [8,18,null,null,[]],
          [9,0,null,"#0000ff",["faint"]],
          [9,1,null,null,[]],
          [9,5,null,null,["faint"]],
          [9,7,null,null,[]],
          [10,17,null,"#0000ff",["faint"]],
          [10,18,null,null,[]],
          [11,0,null,"#0000ff",["faint"]],
          [11,1,null,null,[]],
          [11,5,null,null,["faint"]],
          [11,7,null,null,[]],
          [12,17,null,"#0000ff",["faint"]],
          [12,18,null,null,[]],
          [13,0,null,"#0000ff",["faint"]],
          [13,1,null,null,[]],
          [13,3,"#000000",null,["bold","faint"]],
          [13,9,null,null,[]],
          [13,20,null,"#0000ff",["faint"]],
          [13,21,null,null,[]],
          [14,0,null,"#0000ff",["faint"]],
          [14,1,null,null,[]],
          [14,5,null,null,["faint"]],
          [14,11,null,null,[]],
          [15,17,null,"#0000ff",["faint"]],
          [15,18,null,null,[]],
          [16,0,null,"#0000ff",["faint"]],
          [16,1,null,null,[]],
          [16,5,null,null,["faint"]],
          [16,11,null,null,[]],
          [18,17,null,"#0000ff",["faint"]],
          [18,18,null,null,[]],
          [19,0,null,"#0000ff",["faint"]],
          [19,1,null,null,[]],
          [19,5,null,null,["faint"]],
          [19,11,null,null,[]],
          [20,17,null,"#0000ff",["faint"]],
          [20,18,null,null,[]],
          [21,0,null,"#0000ff",["faint"]],
          [21,1,null,null,[]],
          [21,5,null,null,["faint"]],
          [21,11,null,null,[]],
          [22,17,null,"#0000ff",["faint"]],
          [22,18,null,null,[]],
          [23,0,null,"#0000ff",["faint"]],
          [23,1,null,null,[]],
          [23,5,null,null,["faint"]],
          [23,8,null,null,[]],
          [24,17,"#000000",null,["faint"]],
          [24,18,null,null,[]],
          [25,0,null,"#0000ff",["faint"]],
          [25,1,null,null,[]],
          [25,20,null,"#0000ff",["faint"]],
          [25,21,null,null,[]],
          [26,0,null,"#0000ff",["faint"]],
          [26,1,null,"#0000ff",["faint"]],
          [26,7,null,null,[]],
          [26,8,null,"#0000ff",["faint"]],
          [26,18,null,null,[]],
          [26,19,null,"#0000ff",["faint"]],
          [26,21,null,null,[]]
        ]
        got:
        [
          [0,0,null,"#0000ff",["faint"]],
          [0,4,null,null,["bold","faint"]],
          [0,27,null,"#0000ff",["faint"]],
          [0,30,null,null,[]],
          [1,0,null,"#0000ff",["faint"]],
          [1,1,null,null,[]],
          [1,20,null,"#0000ff",["faint"]],
          [1,21,null,null,[]],
          [2,0,null,"#0000ff",["faint"]],
          [2,1,null,null,[]],
          [2,3,"#000000",null,["bold","faint"]],
          [2,10,null,null,[]],
          [2,20,"#000000",null,["faint"]],
          [2,21,null,null,[]],
          [3,0,null,"#0000ff",["faint"]],
          [3,1,null,null,[]],
          [3,5,null,null,["faint"]],
          [3,7,null,null,[]],
          [4,17,null,"#0000ff",["faint"]],
          [4,18,null,null,[]],
          [5,0,null,"#0000ff",["faint"]],
          [5,1,null,null,[]],
          [5,5,null,null,["faint"]],
          [5,7,null,null,[]],
          [6,17,null,"#0000ff",["faint"]],
          [6,18,null,null,[]],
          [7,0,null,"#0000ff",["faint"]],
          [7,1,null,null,[]],
          [7,5,null,null,["faint"]],
          [7,7,null,null,[]],
          [8,17,null,"#0000ff",["faint"]],
          [8,18,null,null,[]],
          [9,0,null,"#0000ff",["faint"]],
          [9,1,null,null,[]],
          [9,5,null,null,["faint"]],
          [9,7,null,null,[]],
          [10,17,null,"#0000ff",["faint"]],
          [10,18,null,null,[]],
          [11,0,null,"#0000ff",["faint"]],
          [11,1,null,null,[]],
          [11,5,null,null,["faint"]],
          [11,7,null,null,[]],
          [12,17,null,"#0000ff",["faint"]],
          [12,18,null,null,[]],
          [13,0,null,"#0000ff",["faint"]],
          [13,1,null,null,[]],
          [13,3,"#000000",null,["bold","faint"]],
          [13,9,null,null,[]],
          [13,20,null,"#0000ff",["faint"]],
          [13,21,null,null,[]],
          [14,0,null,"#0000ff",["faint"]],
          [14,1,null,null,[]],
          [14,5,null,null,["faint"]],
          [14,11,null,null,[]],
          [15,17,null,"#0000ff",["faint"]],
          [15,18,null,null,[]],
          [16,0,null,"#0000ff",["faint"]],
          [16,1,null,null,[]],
          [16,5,null,null,["faint"]],
          [16,11,null,null,[]],
          [18,17,null,"#0000ff",["faint"]],
          [18,18,null,null,[]],
          [19,0,null,"#0000ff",["faint"]],
          [19,1,null,null,[]],
          [19,5,null,null,["faint"]],
          [19,11,null,null,[]],
          [20,17,null,"#0000ff",["faint"]],
          [20,18,null,null,[]],
          [21,0,null,"#0000ff",["faint"]],
          [21,1,null,null,[]],
          [21,5,null,null,["faint"]],
          [21,11,null,null,[]],
          [22,17,null,"#0000ff",["faint"]],
          [22,18,null,null,[]],
          [23,0,null,"#0000ff",["faint"]],
          [23,1,null,null,[]],
          [23,5,null,null,["faint"]],
          [23,8,null,null,[]],
          [24,17,"#000000",null,["faint"]],
          [24,18,null,null,[]],
          [25,0,null,"#0000ff",["faint"]],
          [25,1,null,null,[]],
          [25,20,null,"#0000ff",["faint"]],
          [25,21,null,null,[]],
          [26,0,null,"#0000ff",["faint"]],
          [26,1,null,"#0000ff",["faint"]],
          [26,7,null,null,[]],
          [26,8,null,"#0000ff",["faint"]],
          [26,18,null,null,[]],
          [26,19,null,"#0000ff",["faint"]],
          [26,21,null,null,[]]
        ]
=== RUN   TestHelpModal_Golden/15actions-top-60x16
    help_test.go:157: golden mismatch for testdata\golden\help-15actions-top-60x16.txt.golden:
        want:
        Ôò¡ÔöÇÔöÇ Ajuda ÔÇö Atalhos e A├º├Áes ÔöÇÔöÇÔöÇÔöÇÔöÇÔöÇÔöÇÔöÇÔöÇÔöÇÔöÇÔöÇÔöÇÔò«
        Ôöé                                        Ôöé
        Ôöé  Arquivo                               Ôûá
        Ôöé    f2  Novo cofre                      Ôöé
        Ôöé    f3  Abrir cofre existente           Ôöé
        Ôöé    f4  Salvar cofre atual              Ôöé
        Ôöé    f5  Fechar cofre                    Ôöé
        Ôöé    f6  Exportar cofre                  Ôöé
        Ôöé  Edi├º├úo                                Ôöé
        Ôöé    ctrl+n  Novo segredo                Ôöé
        Ôöé    ctrl+d  Duplicar segredo            Ôöé
        Ôöé    ctrl+x  Cortar segredo              Ôöé
        Ôöé    ctrl+v  Colar segredo               Ôöé
        Ôöé    del  Excluir segredo                Ôåô
        Ôöé                                        Ôöé
        Ôò░ÔöÇÔöÇÔöÇÔöÇÔöÇÔöÇÔöÇÔöÇÔöÇÔöÇÔöÇÔöÇÔöÇÔöÇÔöÇÔöÇÔöÇÔöÇÔöÇÔöÇÔöÇÔöÇÔöÇÔöÇÔöÇÔöÇÔöÇ Esc Fechar ÔöÇÔò»
        got:
        Ôò¡ÔöÇÔöÇ Ajuda ÔÇö Atalhos e A├º├Áes ÔöÇÔöÇÔöÇÔöÇÔöÇÔöÇÔöÇÔöÇÔöÇÔöÇÔöÇÔöÇÔöÇÔò«
        Ôöé                                        Ôöé
        Ôöé  Arquivo                               Ôûá
        Ôöé    f2  Novo cofre                      Ôöé
        Ôöé    f3  Abrir cofre existente           Ôöé
        Ôöé    f4  Salvar cofre atual              Ôöé
        Ôöé    f5  Fechar cofre                    Ôöé
        Ôöé    f6  Exportar cofre                  Ôöé
        Ôöé  Edi├º├úo                                Ôöé
        Ôöé    ctrl+n  Novo segredo                Ôöé
        Ôöé    ctrl+d  Duplicar segredo            Ôöé
        Ôöé    ctrl+x  Cortar segredo              Ôöé
        Ôöé    ctrl+v  Colar segredo               Ôöé
        Ôöé    del  Excluir segredo                Ôåô
        Ôöé                                        Ôöé
        Ôò░ÔöÇÔöÇÔöÇÔöÇÔöÇÔöÇÔöÇÔöÇÔöÇÔöÇÔöÇÔöÇÔöÇÔöÇÔöÇÔöÇÔöÇÔöÇÔöÇÔöÇÔöÇÔöÇÔöÇÔöÇÔöÇÔöÇÔöÇ Esc Fechar ÔöÇÔò»
    help_test.go:165: golden mismatch for testdata\golden\help-15actions-top-60x16.json.golden:
        want:
        [
          [0,0,null,"#0000ff",["faint"]],
          [0,4,null,null,["bold","faint"]],
          [0,27,null,"#0000ff",["faint"]],
          [0,42,null,null,[]],
          [1,0,null,"#0000ff",["faint"]],
          [1,1,null,null,[]],
          [1,41,null,"#0000ff",["faint"]],
          [1,42,null,null,[]],
          [2,0,null,"#0000ff",["faint"]],
          [2,1,null,null,[]],
          [2,3,"#000000",null,["bold","faint"]],
          [2,10,null,null,[]],
          [2,41,"#000000",null,["faint"]],
          [2,42,null,null,[]],
          [3,0,null,"#0000ff",["faint"]],
          [3,1,null,null,[]],
          [3,5,null,null,["faint"]],
          [3,7,null,null,[]],
          [3,41,null,"#0000ff",["faint"]],
          [3,42,null,null,[]],
          [4,0,null,"#0000ff",["faint"]],
          [4,1,null,null,[]],
          [4,5,null,null,["faint"]],
          [4,7,null,null,[]],
          [4,41,null,"#0000ff",["faint"]],
          [4,42,null,null,[]],
          [5,0,null,"#0000ff",["faint"]],
          [5,1,null,null,[]],
          [5,5,null,null,["faint"]],
          [5,7,null,null,[]],
          [5,41,null,"#0000ff",["faint"]],
          [5,42,null,null,[]],
          [6,0,null,"#0000ff",["faint"]],
          [6,1,null,null,[]],
          [6,5,null,null,["faint"]],
          [6,7,null,null,[]],
          [6,41,null,"#0000ff",["faint"]],
          [6,42,null,null,[]],
          [7,0,null,"#0000ff",["faint"]],
          [7,1,null,null,[]],
          [7,5,null,null,["faint"]],
          [7,7,null,null,[]],
          [7,41,null,"#0000ff",["faint"]],
          [7,42,null,null,[]],
          [8,0,null,"#0000ff",["faint"]],
          [8,1,null,null,[]],
          [8,3,"#000000",null,["bold","faint"]],
          [8,9,null,null,[]],
          [8,41,null,"#0000ff",["faint"]],
          [8,42,null,null,[]],
          [9,0,null,"#0000ff",["faint"]],
          [9,1,null,null,[]],
          [9,5,null,null,["faint"]],
          [9,11,null,null,[]],
          [9,41,null,"#0000ff",["faint"]],
          [9,42,null,null,[]],
          [10,0,null,"#0000ff",["faint"]],
          [10,1,null,null,[]],
          [10,5,null,null,["faint"]],
          [10,11,null,null,[]],
          [10,41,null,"#0000ff",["faint"]],
          [10,42,null,null,[]],
          [11,0,null,"#0000ff",["faint"]],
          [11,1,null,null,[]],
          [11,5,null,null,["faint"]],
          [11,11,null,null,[]],
          [11,41,null,"#0000ff",["faint"]],
          [11,42,null,null,[]],
          [12,0,null,"#0000ff",["faint"]],
          [12,1,null,null,[]],
          [12,5,null,null,["faint"]],
          [12,11,null,null,[]],
          [12,41,null,"#0000ff",["faint"]],
          [12,42,null,null,[]],
          [13,0,null,"#0000ff",["faint"]],
          [13,1,null,null,[]],
          [13,5,null,null,["faint"]],
          [13,8,null,null,[]],
          [13,41,"#000000",null,["faint"]],
          [13,42,null,null,[]],
          [14,0,null,"#0000ff",["faint"]],
          [14,1,null,null,[]],
          [14,41,null,"#0000ff",["faint"]],
          [14,42,null,null,[]],
          [15,0,null,"#0000ff",["faint"]],
          [15,1,null,"#0000ff",["faint"]],
          [15,28,null,null,[]],
          [15,29,null,"#0000ff",["faint"]],
          [15,39,null,null,[]],
          [15,40,null,"#0000ff",["faint"]],
          [15,42,null,null,[]]
        ]
        got:
        [
          [0,0,null,"#0000ff",["faint"]],
          [0,4,null,null,["bold","faint"]],
          [0,27,null,"#0000ff",["faint"]],
          [0,42,null,null,[]],
          [1,0,null,"#0000ff",["faint"]],
          [1,1,null,null,[]],
          [1,41,null,"#0000ff",["faint"]],
          [1,42,null,null,[]],
          [2,0,null,"#0000ff",["faint"]],
          [2,1,null,null,[]],
          [2,3,"#000000",null,["bold","faint"]],
          [2,10,null,null,[]],
          [2,41,"#000000",null,["faint"]],
          [2,42,null,null,[]],
          [3,0,null,"#0000ff",["faint"]],
          [3,1,null,null,[]],
          [3,5,null,null,["faint"]],
          [3,7,null,null,[]],
          [3,41,null,"#0000ff",["faint"]],
          [3,42,null,null,[]],
          [4,0,null,"#0000ff",["faint"]],
          [4,1,null,null,[]],
          [4,5,null,null,["faint"]],
          [4,7,null,null,[]],
          [4,41,null,"#0000ff",["faint"]],
          [4,42,null,null,[]],
          [5,0,null,"#0000ff",["faint"]],
          [5,1,null,null,[]],
          [5,5,null,null,["faint"]],
          [5,7,null,null,[]],
          [5,41,null,"#0000ff",["faint"]],
          [5,42,null,null,[]],
          [6,0,null,"#0000ff",["faint"]],
          [6,1,null,null,[]],
          [6,5,null,null,["faint"]],
          [6,7,null,null,[]],
          [6,41,null,"#0000ff",["faint"]],
          [6,42,null,null,[]],
          [7,0,null,"#0000ff",["faint"]],
          [7,1,null,null,[]],
          [7,5,null,null,["faint"]],
          [7,7,null,null,[]],
          [7,41,null,"#0000ff",["faint"]],
          [7,42,null,null,[]],
          [8,0,null,"#0000ff",["faint"]],
          [8,1,null,null,[]],
          [8,3,"#000000",null,["bold","faint"]],
          [8,9,null,null,[]],
          [8,41,null,"#0000ff",["faint"]],
          [8,42,null,null,[]],
          [9,0,null,"#0000ff",["faint"]],
          [9,1,null,null,[]],
          [9,5,null,null,["faint"]],
          [9,11,null,null,[]],
          [9,41,null,"#0000ff",["faint"]],
          [9,42,null,null,[]],
          [10,0,null,"#0000ff",["faint"]],
          [10,1,null,null,[]],
          [10,5,null,null,["faint"]],
          [10,11,null,null,[]],
          [10,41,null,"#0000ff",["faint"]],
          [10,42,null,null,[]],
          [11,0,null,"#0000ff",["faint"]],
          [11,1,null,null,[]],
          [11,5,null,null,["faint"]],
          [11,11,null,null,[]],
          [11,41,null,"#0000ff",["faint"]],
          [11,42,null,null,[]],
          [12,0,null,"#0000ff",["faint"]],
          [12,1,null,null,[]],
          [12,5,null,null,["faint"]],
          [12,11,null,null,[]],
          [12,41,null,"#0000ff",["faint"]],
          [12,42,null,null,[]],
          [13,0,null,"#0000ff",["faint"]],
          [13,1,null,null,[]],
          [13,5,null,null,["faint"]],
          [13,8,null,null,[]],
          [13,41,"#000000",null,["faint"]],
          [13,42,null,null,[]],
          [14,0,null,"#0000ff",["faint"]],
          [14,1,null,null,[]],
          [14,41,null,"#0000ff",["faint"]],
          [14,42,null,null,[]],
          [15,0,null,"#0000ff",["faint"]],
          [15,1,null,"#0000ff",["faint"]],
          [15,28,null,null,[]],
          [15,29,null,"#0000ff",["faint"]],
          [15,39,null,null,[]],
          [15,40,null,"#0000ff",["faint"]],
          [15,42,null,null,[]]
        ]
=== RUN   TestHelpModal_Golden/15actions-mid-30x16
    help_test.go:157: golden mismatch for testdata\golden\help-15actions-mid-30x16.txt.golden:
        want:
        Ôò¡ÔöÇÔöÇ Ajuda ÔÇö Atalhos e A├º├Áes ÔöÇÔò«
        Ôöé                   Ôöé
        Ôöé    f4  Salvar   
        cofre atual      Ôåæ
        Ôöé    f5  Fechar   
        cofre            Ôöé
        Ôöé    f6  Exportar 
        cofre            Ôöé
        Ôöé  Edi├º├úo           Ôöé
        Ôöé    ctrl+n  Novo 
        segredo          Ôöé
        Ôöé    ctrl+d       
        Duplicar       
        segredo          Ôöé
        Ôöé    ctrl+x       
        Cortar segredo   Ôûá
        Ôöé    ctrl+v  Colar
        segredo          Ôöé
        Ôöé    del  Excluir 
        segredo          Ôöé
        Ôöé  Geral            Ôöé
        Ôöé    ctrl+c       
        Copiar valor     Ôöé
        Ôöé    ctrl+s       
        Salvar         
        altera├º├Áes       Ôåô
        Ôöé                   Ôöé
        Ôò░ÔöÇÔöÇÔöÇÔöÇÔöÇÔöÇ Esc Fechar ÔöÇÔò»
        got:
        Ôò¡ÔöÇÔöÇ Ajuda ÔÇö Atalhos e A├º├Áes ÔöÇÔò«
        Ôöé                   Ôöé
        Ôöé    f4  Salvar   
        cofre atual      Ôåæ
        Ôöé    f5  Fechar   
        cofre            Ôöé
        Ôöé    f6  Exportar 
        cofre            Ôöé
        Ôöé  Edi├º├úo           Ôöé
        Ôöé    ctrl+n  Novo 
        segredo          Ôöé
        Ôöé    ctrl+d       
        Duplicar       
        segredo          Ôöé
        Ôöé    ctrl+x       
        Cortar segredo   Ôûá
        Ôöé    ctrl+v  Colar
        segredo          Ôöé
        Ôöé    del  Excluir 
        segredo          Ôöé
        Ôöé  Geral            Ôöé
        Ôöé    ctrl+c       
        Copiar valor     Ôöé
        Ôöé    ctrl+s       
        Salvar         
        altera├º├Áes       Ôåô
        Ôöé                   Ôöé
        Ôò░ÔöÇÔöÇÔöÇÔöÇÔöÇÔöÇ Esc Fechar ÔöÇÔò»
    help_test.go:165: golden mismatch for testdata\golden\help-15actions-mid-30x16.json.golden:
        want:
        [
          [0,0,null,"#0000ff",["faint"]],
          [0,4,null,null,["bold","faint"]],
          [0,27,null,"#0000ff",["faint"]],
          [0,30,null,null,[]],
          [1,0,null,"#0000ff",["faint"]],
          [1,1,null,null,[]],
          [1,20,null,"#0000ff",["faint"]],
          [1,21,null,null,[]],
          [2,0,null,"#0000ff",["faint"]],
          [2,1,null,null,[]],
          [2,5,null,null,["faint"]],
          [2,7,null,null,[]],
          [3,17,"#000000",null,["faint"]],
          [3,18,null,null,[]],
          [4,0,null,"#0000ff",["faint"]],
          [4,1,null,null,[]],
          [4,5,null,null,["faint"]],
          [4,7,null,null,[]],
          [5,17,null,"#0000ff",["faint"]],
          [5,18,null,null,[]],
          [6,0,null,"#0000ff",["faint"]],
          [6,1,null,null,[]],
          [6,5,null,null,["faint"]],
          [6,7,null,null,[]],
          [7,17,null,"#0000ff",["faint"]],
          [7,18,null,null,[]],
          [8,0,null,"#0000ff",["faint"]],
          [8,1,null,null,[]],
          [8,3,"#000000",null,["bold","faint"]],
          [8,9,null,null,[]],
          [8,20,null,"#0000ff",["faint"]],
          [8,21,null,null,[]],
          [9,0,null,"#0000ff",["faint"]],
          [9,1,null,null,[]],
          [9,5,null,null,["faint"]],
          [9,11,null,null,[]],
          [10,17,null,"#0000ff",["faint"]],
          [10,18,null,null,[]],
          [11,0,null,"#0000ff",["faint"]],
          [11,1,null,null,[]],
          [11,5,null,null,["faint"]],
          [11,11,null,null,[]],
          [13,17,null,"#0000ff",["faint"]],
          [13,18,null,null,[]],
          [14,0,null,"#0000ff",["faint"]],
          [14,1,null,null,[]],
          [14,5,null,null,["faint"]],
          [14,11,null,null,[]],
          [15,17,"#000000",null,["faint"]],
          [15,18,null,null,[]],
          [16,0,null,"#0000ff",["faint"]],
          [16,1,null,null,[]],
          [16,5,null,null,["faint"]],
          [16,11,null,null,[]],
          [17,17,null,"#0000ff",["faint"]],
          [17,18,null,null,[]],
          [18,0,null,"#0000ff",["faint"]],
          [18,1,null,null,[]],
          [18,5,null,null,["faint"]],
          [18,8,null,null,[]],
          [19,17,null,"#0000ff",["faint"]],
          [19,18,null,null,[]],
          [20,0,null,"#0000ff",["faint"]],
          [20,1,null,null,[]],
          [20,3,"#000000",null,["bold","faint"]],
          [20,8,null,null,[]],
          [20,20,null,"#0000ff",["faint"]],
          [20,21,null,null,[]],
          [21,0,null,"#0000ff",["faint"]],
          [21,1,null,null,[]],
          [21,5,null,null,["faint"]],
          [21,11,null,null,[]],
          [22,17,null,"#0000ff",["faint"]],
          [22,18,null,null,[]],
          [23,0,null,"#0000ff",["faint"]],
          [23,1,null,null,[]],
          [23,5,null,null,["faint"]],
          [23,11,null,null,[]],
          [25,17,"#000000",null,["faint"]],
          [25,18,null,null,[]],
          [26,0,null,"#0000ff",["faint"]],
          [26,1,null,null,[]],
          [26,20,null,"#0000ff",["faint"]],
          [26,21,null,null,[]],
          [27,0,null,"#0000ff",["faint"]],
          [27,1,null,"#0000ff",["faint"]],
          [27,7,null,null,[]],
          [27,8,null,"#0000ff",["faint"]],
          [27,18,null,null,[]],
          [27,19,null,"#0000ff",["faint"]],
          [27,21,null,null,[]]
        ]
        got:
        [
          [0,0,null,"#0000ff",["faint"]],
          [0,4,null,null,["bold","faint"]],
          [0,27,null,"#0000ff",["faint"]],
          [0,30,null,null,[]],
          [1,0,null,"#0000ff",["faint"]],
          [1,1,null,null,[]],
          [1,20,null,"#0000ff",["faint"]],
          [1,21,null,null,[]],
          [2,0,null,"#0000ff",["faint"]],
          [2,1,null,null,[]],
          [2,5,null,null,["faint"]],
          [2,7,null,null,[]],
          [3,17,"#000000",null,["faint"]],
          [3,18,null,null,[]],
          [4,0,null,"#0000ff",["faint"]],
          [4,1,null,null,[]],
          [4,5,null,null,["faint"]],
          [4,7,null,null,[]],
          [5,17,null,"#0000ff",["faint"]],
          [5,18,null,null,[]],
          [6,0,null,"#0000ff",["faint"]],
          [6,1,null,null,[]],
          [6,5,null,null,["faint"]],
          [6,7,null,null,[]],
          [7,17,null,"#0000ff",["faint"]],
          [7,18,null,null,[]],
          [8,0,null,"#0000ff",["faint"]],
          [8,1,null,null,[]],
          [8,3,"#000000",null,["bold","faint"]],
          [8,9,null,null,[]],
          [8,20,null,"#0000ff",["faint"]],
          [8,21,null,null,[]],
          [9,0,null,"#0000ff",["faint"]],
          [9,1,null,null,[]],
          [9,5,null,null,["faint"]],
          [9,11,null,null,[]],
          [10,17,null,"#0000ff",["faint"]],
          [10,18,null,null,[]],
          [11,0,null,"#0000ff",["faint"]],
          [11,1,null,null,[]],
          [11,5,null,null,["faint"]],
          [11,11,null,null,[]],
          [13,17,null,"#0000ff",["faint"]],
          [13,18,null,null,[]],
          [14,0,null,"#0000ff",["faint"]],
          [14,1,null,null,[]],
          [14,5,null,null,["faint"]],
          [14,11,null,null,[]],
          [15,17,"#000000",null,["faint"]],
          [15,18,null,null,[]],
          [16,0,null,"#0000ff",["faint"]],
          [16,1,null,null,[]],
          [16,5,null,null,["faint"]],
          [16,11,null,null,[]],
          [17,17,null,"#0000ff",["faint"]],
          [17,18,null,null,[]],
          [18,0,null,"#0000ff",["faint"]],
          [18,1,null,null,[]],
          [18,5,null,null,["faint"]],
          [18,8,null,null,[]],
          [19,17,null,"#0000ff",["faint"]],
          [19,18,null,null,[]],
          [20,0,null,"#0000ff",["faint"]],
          [20,1,null,null,[]],
          [20,3,"#000000",null,["bold","faint"]],
          [20,8,null,null,[]],
          [20,20,null,"#0000ff",["faint"]],
          [20,21,null,null,[]],
          [21,0,null,"#0000ff",["faint"]],
          [21,1,null,null,[]],
          [21,5,null,null,["faint"]],
          [21,11,null,null,[]],
          [22,17,null,"#0000ff",["faint"]],
          [22,18,null,null,[]],
          [23,0,null,"#0000ff",["faint"]],
          [23,1,null,null,[]],
          [23,5,null,null,["faint"]],
          [23,11,null,null,[]],
          [25,17,"#000000",null,["faint"]],
          [25,18,null,null,[]],
          [26,0,null,"#0000ff",["faint"]],
          [26,1,null,null,[]],
          [26,20,null,"#0000ff",["faint"]],
          [26,21,null,null,[]],
          [27,0,null,"#0000ff",["faint"]],
          [27,1,null,"#0000ff",["faint"]],
          [27,7,null,null,[]],
          [27,8,null,"#0000ff",["faint"]],
          [27,18,null,null,[]],
          [27,19,null,"#0000ff",["faint"]],
          [27,21,null,null,[]]
        ]
=== RUN   TestHelpModal_Golden/15actions-mid-60x16
    help_test.go:157: golden mismatch for testdata\golden\help-15actions-mid-60x16.txt.golden:
        want:
        Ôò¡ÔöÇÔöÇ Ajuda ÔÇö Atalhos e A├º├Áes ÔöÇÔöÇÔöÇÔöÇÔöÇÔöÇÔöÇÔöÇÔöÇÔöÇÔöÇÔöÇÔöÇÔò«
        Ôöé                                        Ôöé
        Ôöé    f4  Salvar cofre atual              Ôåæ
        Ôöé    f5  Fechar cofre                    Ôöé
        Ôöé    f6  Exportar cofre                  Ôöé
        Ôöé  Edi├º├úo                                Ôöé
        Ôöé    ctrl+n  Novo segredo                Ôöé
        Ôöé    ctrl+d  Duplicar segredo            Ôöé
        Ôöé    ctrl+x  Cortar segredo              Ôûá
        Ôöé    ctrl+v  Colar segredo               Ôöé
        Ôöé    del  Excluir segredo                Ôöé
        Ôöé  Geral                                 Ôöé
        Ôöé    ctrl+c  Copiar valor                Ôöé
        Ôöé    ctrl+s  Salvar altera├º├Áes           Ôåô
        Ôöé                                        Ôöé
        Ôò░ÔöÇÔöÇÔöÇÔöÇÔöÇÔöÇÔöÇÔöÇÔöÇÔöÇÔöÇÔöÇÔöÇÔöÇÔöÇÔöÇÔöÇÔöÇÔöÇÔöÇÔöÇÔöÇÔöÇÔöÇÔöÇÔöÇÔöÇ Esc Fechar ÔöÇÔò»
        got:
        Ôò¡ÔöÇÔöÇ Ajuda ÔÇö Atalhos e A├º├Áes ÔöÇÔöÇÔöÇÔöÇÔöÇÔöÇÔöÇÔöÇÔöÇÔöÇÔöÇÔöÇÔöÇÔò«
        Ôöé                                        Ôöé
        Ôöé    f4  Salvar cofre atual              Ôåæ
        Ôöé    f5  Fechar cofre                    Ôöé
        Ôöé    f6  Exportar cofre                  Ôöé
        Ôöé  Edi├º├úo                                Ôöé
        Ôöé    ctrl+n  Novo segredo                Ôöé
        Ôöé    ctrl+d  Duplicar segredo            Ôöé
        Ôöé    ctrl+x  Cortar segredo              Ôûá
        Ôöé    ctrl+v  Colar segredo               Ôöé
        Ôöé    del  Excluir segredo                Ôöé
        Ôöé  Geral                                 Ôöé
        Ôöé    ctrl+c  Copiar valor                Ôöé
        Ôöé    ctrl+s  Salvar altera├º├Áes           Ôåô
        Ôöé                                        Ôöé
        Ôò░ÔöÇÔöÇÔöÇÔöÇÔöÇÔöÇÔöÇÔöÇÔöÇÔöÇÔöÇÔöÇÔöÇÔöÇÔöÇÔöÇÔöÇÔöÇÔöÇÔöÇÔöÇÔöÇÔöÇÔöÇÔöÇÔöÇÔöÇ Esc Fechar ÔöÇÔò»
    help_test.go:165: golden mismatch for testdata\golden\help-15actions-mid-60x16.json.golden:
        want:
        [
          [0,0,null,"#0000ff",["faint"]],
          [0,4,null,null,["bold","faint"]],
          [0,27,null,"#0000ff",["faint"]],
          [0,42,null,null,[]],
          [1,0,null,"#0000ff",["faint"]],
          [1,1,null,null,[]],
          [1,41,null,"#0000ff",["faint"]],
          [1,42,null,null,[]],
          [2,0,null,"#0000ff",["faint"]],
          [2,1,null,null,[]],
          [2,5,null,null,["faint"]],
          [2,7,null,null,[]],
          [2,41,"#000000",null,["faint"]],
          [2,42,null,null,[]],
          [3,0,null,"#0000ff",["faint"]],
          [3,1,null,null,[]],
          [3,5,null,null,["faint"]],
          [3,7,null,null,[]],
          [3,41,null,"#0000ff",["faint"]],
          [3,42,null,null,[]],
          [4,0,null,"#0000ff",["faint"]],
          [4,1,null,null,[]],
          [4,5,null,null,["faint"]],
          [4,7,null,null,[]],
          [4,41,null,"#0000ff",["faint"]],
          [4,42,null,null,[]],
          [5,0,null,"#0000ff",["faint"]],
          [5,1,null,null,[]],
          [5,3,"#000000",null,["bold","faint"]],
          [5,9,null,null,[]],
          [5,41,null,"#0000ff",["faint"]],
          [5,42,null,null,[]],
          [6,0,null,"#0000ff",["faint"]],
          [6,1,null,null,[]],
          [6,5,null,null,["faint"]],
          [6,11,null,null,[]],
          [6,41,null,"#0000ff",["faint"]],
          [6,42,null,null,[]],
          [7,0,null,"#0000ff",["faint"]],
          [7,1,null,null,[]],
          [7,5,null,null,["faint"]],
          [7,11,null,null,[]],
          [7,41,null,"#0000ff",["faint"]],
          [7,42,null,null,[]],
          [8,0,null,"#0000ff",["faint"]],
          [8,1,null,null,[]],
          [8,5,null,null,["faint"]],
          [8,11,null,null,[]],
          [8,41,"#000000",null,["faint"]],
          [8,42,null,null,[]],
          [9,0,null,"#0000ff",["faint"]],
          [9,1,null,null,[]],
          [9,5,null,null,["faint"]],
          [9,11,null,null,[]],
          [9,41,null,"#0000ff",["faint"]],
          [9,42,null,null,[]],
          [10,0,null,"#0000ff",["faint"]],
          [10,1,null,null,[]],
          [10,5,null,null,["faint"]],
          [10,8,null,null,[]],
          [10,41,null,"#0000ff",["faint"]],
          [10,42,null,null,[]],
          [11,0,null,"#0000ff",["faint"]],
          [11,1,null,null,[]],
          [11,3,"#000000",null,["bold","faint"]],
          [11,8,null,null,[]],
          [11,41,null,"#0000ff",["faint"]],
          [11,42,null,null,[]],
          [12,0,null,"#0000ff",["faint"]],
          [12,1,null,null,[]],
          [12,5,null,null,["faint"]],
          [12,11,null,null,[]],
          [12,41,null,"#0000ff",["faint"]],
          [12,42,null,null,[]],
          [13,0,null,"#0000ff",["faint"]],
          [13,1,null,null,[]],
          [13,5,null,null,["faint"]],
          [13,11,null,null,[]],
          [13,41,"#000000",null,["faint"]],
          [13,42,null,null,[]],
          [14,0,null,"#0000ff",["faint"]],
          [14,1,null,null,[]],
          [14,41,null,"#0000ff",["faint"]],
          [14,42,null,null,[]],
          [15,0,null,"#0000ff",["faint"]],
          [15,1,null,"#0000ff",["faint"]],
          [15,28,null,null,[]],
          [15,29,null,"#0000ff",["faint"]],
          [15,39,null,null,[]],
          [15,40,null,"#0000ff",["faint"]],
          [15,42,null,null,[]]
        ]
        got:
        [
          [0,0,null,"#0000ff",["faint"]],
          [0,4,null,null,["bold","faint"]],
          [0,27,null,"#0000ff",["faint"]],
          [0,42,null,null,[]],
          [1,0,null,"#0000ff",["faint"]],
          [1,1,null,null,[]],
          [1,41,null,"#0000ff",["faint"]],
          [1,42,null,null,[]],
          [2,0,null,"#0000ff",["faint"]],
          [2,1,null,null,[]],
          [2,5,null,null,["faint"]],
          [2,7,null,null,[]],
          [2,41,"#000000",null,["faint"]],
          [2,42,null,null,[]],
          [3,0,null,"#0000ff",["faint"]],
          [3,1,null,null,[]],
          [3,5,null,null,["faint"]],
          [3,7,null,null,[]],
          [3,41,null,"#0000ff",["faint"]],
          [3,42,null,null,[]],
          [4,0,null,"#0000ff",["faint"]],
          [4,1,null,null,[]],
          [4,5,null,null,["faint"]],
          [4,7,null,null,[]],
          [4,41,null,"#0000ff",["faint"]],
          [4,42,null,null,[]],
          [5,0,null,"#0000ff",["faint"]],
          [5,1,null,null,[]],
          [5,3,"#000000",null,["bold","faint"]],
          [5,9,null,null,[]],
          [5,41,null,"#0000ff",["faint"]],
          [5,42,null,null,[]],
          [6,0,null,"#0000ff",["faint"]],
          [6,1,null,null,[]],
          [6,5,null,null,["faint"]],
          [6,11,null,null,[]],
          [6,41,null,"#0000ff",["faint"]],
          [6,42,null,null,[]],
          [7,0,null,"#0000ff",["faint"]],
          [7,1,null,null,[]],
          [7,5,null,null,["faint"]],
          [7,11,null,null,[]],
          [7,41,null,"#0000ff",["faint"]],
          [7,42,null,null,[]],
          [8,0,null,"#0000ff",["faint"]],
          [8,1,null,null,[]],
          [8,5,null,null,["faint"]],
          [8,11,null,null,[]],
          [8,41,"#000000",null,["faint"]],
          [8,42,null,null,[]],
          [9,0,null,"#0000ff",["faint"]],
          [9,1,null,null,[]],
          [9,5,null,null,["faint"]],
          [9,11,null,null,[]],
          [9,41,null,"#0000ff",["faint"]],
          [9,42,null,null,[]],
          [10,0,null,"#0000ff",["faint"]],
          [10,1,null,null,[]],
          [10,5,null,null,["faint"]],
          [10,8,null,null,[]],
          [10,41,null,"#0000ff",["faint"]],
          [10,42,null,null,[]],
          [11,0,null,"#0000ff",["faint"]],
          [11,1,null,null,[]],
          [11,3,"#000000",null,["bold","faint"]],
          [11,8,null,null,[]],
          [11,41,null,"#0000ff",["faint"]],
          [11,42,null,null,[]],
          [12,0,null,"#0000ff",["faint"]],
          [12,1,null,null,[]],
          [12,5,null,null,["faint"]],
          [12,11,null,null,[]],
          [12,41,null,"#0000ff",["faint"]],
          [12,42,null,null,[]],
          [13,0,null,"#0000ff",["faint"]],
          [13,1,null,null,[]],
          [13,5,null,null,["faint"]],
          [13,11,null,null,[]],
          [13,41,"#000000",null,["faint"]],
          [13,42,null,null,[]],
          [14,0,null,"#0000ff",["faint"]],
          [14,1,null,null,[]],
          [14,41,null,"#0000ff",["faint"]],
          [14,42,null,null,[]],
          [15,0,null,"#0000ff",["faint"]],
          [15,1,null,"#0000ff",["faint"]],
          [15,28,null,null,[]],
          [15,29,null,"#0000ff",["faint"]],
          [15,39,null,null,[]],
          [15,40,null,"#0000ff",["faint"]],
          [15,42,null,null,[]]
        ]
=== RUN   TestHelpModal_Golden/15actions-bottom-30x16
    help_test.go:157: golden mismatch for testdata\golden\help-15actions-bottom-30x16.txt.golden:
        want:
        Ôò¡ÔöÇÔöÇ Ajuda ÔÇö Atalhos e A├º├Áes ÔöÇÔò«
        Ôöé                   Ôöé
        Ôöé  Edi├º├úo           Ôåæ
        Ôöé    ctrl+n  Novo 
        segredo          Ôöé
        Ôöé    ctrl+d       
        Duplicar       
        segredo          Ôöé
        Ôöé    ctrl+x       
        Cortar segredo   Ôöé
        Ôöé    ctrl+v  Colar
        segredo          Ôöé
        Ôöé    del  Excluir 
        segredo          Ôöé
        Ôöé  Geral            Ôöé
        Ôöé    ctrl+c       
        Copiar valor     Ôöé
        Ôöé    ctrl+s       
        Salvar         
        altera├º├Áes       Ôöé
        Ôöé    ctrl+f       
        Buscar segredos  Ôöé
        Ôöé    ctrl+r       
        Recarregar     
        cofre            Ôöé
        Ôöé    f1  Esta     
        ajuda            Ôûá
        Ôöé                   Ôöé
        Ôò░ÔöÇÔöÇÔöÇÔöÇÔöÇÔöÇ Esc Fechar ÔöÇÔò»
        got:
        Ôò¡ÔöÇÔöÇ Ajuda ÔÇö Atalhos e A├º├Áes ÔöÇÔò«
        Ôöé                   Ôöé
        Ôöé  Edi├º├úo           Ôåæ
        Ôöé    ctrl+n  Novo 
        segredo          Ôöé
        Ôöé    ctrl+d       
        Duplicar       
        segredo          Ôöé
        Ôöé    ctrl+x       
        Cortar segredo   Ôöé
        Ôöé    ctrl+v  Colar
        segredo          Ôöé
        Ôöé    del  Excluir 
        segredo          Ôöé
        Ôöé  Geral            Ôöé
        Ôöé    ctrl+c       
        Copiar valor     Ôöé
        Ôöé    ctrl+s       
        Salvar         
        altera├º├Áes       Ôöé
        Ôöé    ctrl+f       
        Buscar segredos  Ôöé
        Ôöé    ctrl+r       
        Recarregar     
        cofre            Ôöé
        Ôöé    f1  Esta     
        ajuda            Ôûá
        Ôöé                   Ôöé
        Ôò░ÔöÇÔöÇÔöÇÔöÇÔöÇÔöÇ Esc Fechar ÔöÇÔò»
    help_test.go:165: golden mismatch for testdata\golden\help-15actions-bottom-30x16.json.golden:
        want:
        [
          [0,0,null,"#0000ff",["faint"]],
          [0,4,null,null,["bold","faint"]],
          [0,27,null,"#0000ff",["faint"]],
          [0,30,null,null,[]],
          [1,0,null,"#0000ff",["faint"]],
          [1,1,null,null,[]],
          [1,20,null,"#0000ff",["faint"]],
          [1,21,null,null,[]],
          [2,0,null,"#0000ff",["faint"]],
          [2,1,null,null,[]],
          [2,3,"#000000",null,["bold","faint"]],
          [2,9,null,null,[]],
          [2,20,"#000000",null,["faint"]],
          [2,21,null,null,[]],
          [3,0,null,"#0000ff",["faint"]],
          [3,1,null,null,[]],
          [3,5,null,null,["faint"]],
          [3,11,null,null,[]],
          [4,17,null,"#0000ff",["faint"]],
          [4,18,null,null,[]],
          [5,0,null,"#0000ff",["faint"]],
          [5,1,null,null,[]],
          [5,5,null,null,["faint"]],
          [5,11,null,null,[]],
          [7,17,null,"#0000ff",["faint"]],
          [7,18,null,null,[]],
          [8,0,null,"#0000ff",["faint"]],
          [8,1,null,null,[]],
          [8,5,null,null,["faint"]],
          [8,11,null,null,[]],
          [9,17,null,"#0000ff",["faint"]],
          [9,18,null,null,[]],
          [10,0,null,"#0000ff",["faint"]],
          [10,1,null,null,[]],
          [10,5,null,null,["faint"]],
          [10,11,null,null,[]],
          [11,17,null,"#0000ff",["faint"]],
          [11,18,null,null,[]],
          [12,0,null,"#0000ff",["faint"]],
          [12,1,null,null,[]],
          [12,5,null,null,["faint"]],
          [12,8,null,null,[]],
          [13,17,null,"#0000ff",["faint"]],
          [13,18,null,null,[]],
          [14,0,null,"#0000ff",["faint"]],
          [14,1,null,null,[]],
          [14,3,"#000000",null,["bold","faint"]],
          [14,8,null,null,[]],
          [14,20,null,"#0000ff",["faint"]],
          [14,21,null,null,[]],
          [15,0,null,"#0000ff",["faint"]],
          [15,1,null,null,[]],
          [15,5,null,null,["faint"]],
          [15,11,null,null,[]],
          [16,17,null,"#0000ff",["faint"]],
          [16,18,null,null,[]],
          [17,0,null,"#0000ff",["faint"]],
          [17,1,null,null,[]],
          [17,5,null,null,["faint"]],
          [17,11,null,null,[]],
          [19,17,null,"#0000ff",["faint"]],
          [19,18,null,null,[]],
          [20,0,null,"#0000ff",["faint"]],
          [20,1,null,null,[]],
          [20,5,null,null,["faint"]],
          [20,11,null,null,[]],
          [21,17,null,"#0000ff",["faint"]],
          [21,18,null,null,[]],
          [22,0,null,"#0000ff",["faint"]],
          [22,1,null,null,[]],
          [22,5,null,null,["faint"]],
          [22,11,null,null,[]],
          [24,17,null,"#0000ff",["faint"]],
          [24,18,null,null,[]],
          [25,0,null,"#0000ff",["faint"]],
          [25,1,null,null,[]],
          [25,5,null,null,["faint"]],
          [25,7,null,null,[]],
          [26,17,"#000000",null,["faint"]],
          [26,18,null,null,[]],
          [27,0,null,"#0000ff",["faint"]],
          [27,1,null,null,[]],
          [27,20,null,"#0000ff",["faint"]],
          [27,21,null,null,[]],
          [28,0,null,"#0000ff",["faint"]],
          [28,1,null,"#0000ff",["faint"]],
          [28,7,null,null,[]],
          [28,8,null,"#0000ff",["faint"]],
          [28,18,null,null,[]],
          [28,19,null,"#0000ff",["faint"]],
          [28,21,null,null,[]]
        ]
        got:
        [
          [0,0,null,"#0000ff",["faint"]],
          [0,4,null,null,["bold","faint"]],
          [0,27,null,"#0000ff",["faint"]],
          [0,30,null,null,[]],
          [1,0,null,"#0000ff",["faint"]],
          [1,1,null,null,[]],
          [1,20,null,"#0000ff",["faint"]],
          [1,21,null,null,[]],
          [2,0,null,"#0000ff",["faint"]],
          [2,1,null,null,[]],
          [2,3,"#000000",null,["bold","faint"]],
          [2,9,null,null,[]],
          [2,20,"#000000",null,["faint"]],
          [2,21,null,null,[]],
          [3,0,null,"#0000ff",["faint"]],
          [3,1,null,null,[]],
          [3,5,null,null,["faint"]],
          [3,11,null,null,[]],
          [4,17,null,"#0000ff",["faint"]],
          [4,18,null,null,[]],
          [5,0,null,"#0000ff",["faint"]],
          [5,1,null,null,[]],
          [5,5,null,null,["faint"]],
          [5,11,null,null,[]],
          [7,17,null,"#0000ff",["faint"]],
          [7,18,null,null,[]],
          [8,0,null,"#0000ff",["faint"]],
          [8,1,null,null,[]],
          [8,5,null,null,["faint"]],
          [8,11,null,null,[]],
          [9,17,null,"#0000ff",["faint"]],
          [9,18,null,null,[]],
          [10,0,null,"#0000ff",["faint"]],
          [10,1,null,null,[]],
          [10,5,null,null,["faint"]],
          [10,11,null,null,[]],
          [11,17,null,"#0000ff",["faint"]],
          [11,18,null,null,[]],
          [12,0,null,"#0000ff",["faint"]],
          [12,1,null,null,[]],
          [12,5,null,null,["faint"]],
          [12,8,null,null,[]],
          [13,17,null,"#0000ff",["faint"]],
          [13,18,null,null,[]],
          [14,0,null,"#0000ff",["faint"]],
          [14,1,null,null,[]],
          [14,3,"#000000",null,["bold","faint"]],
          [14,8,null,null,[]],
          [14,20,null,"#0000ff",["faint"]],
          [14,21,null,null,[]],
          [15,0,null,"#0000ff",["faint"]],
          [15,1,null,null,[]],
          [15,5,null,null,["faint"]],
          [15,11,null,null,[]],
          [16,17,null,"#0000ff",["faint"]],
          [16,18,null,null,[]],
          [17,0,null,"#0000ff",["faint"]],
          [17,1,null,null,[]],
          [17,5,null,null,["faint"]],
          [17,11,null,null,[]],
          [19,17,null,"#0000ff",["faint"]],
          [19,18,null,null,[]],
          [20,0,null,"#0000ff",["faint"]],
          [20,1,null,null,[]],
          [20,5,null,null,["faint"]],
          [20,11,null,null,[]],
          [21,17,null,"#0000ff",["faint"]],
          [21,18,null,null,[]],
          [22,0,null,"#0000ff",["faint"]],
          [22,1,null,null,[]],
          [22,5,null,null,["faint"]],
          [22,11,null,null,[]],
          [24,17,null,"#0000ff",["faint"]],
          [24,18,null,null,[]],
          [25,0,null,"#0000ff",["faint"]],
          [25,1,null,null,[]],
          [25,5,null,null,["faint"]],
          [25,7,null,null,[]],
          [26,17,"#000000",null,["faint"]],
          [26,18,null,null,[]],
          [27,0,null,"#0000ff",["faint"]],
          [27,1,null,null,[]],
          [27,20,null,"#0000ff",["faint"]],
          [27,21,null,null,[]],
          [28,0,null,"#0000ff",["faint"]],
          [28,1,null,"#0000ff",["faint"]],
          [28,7,null,null,[]],
          [28,8,null,"#0000ff",["faint"]],
          [28,18,null,null,[]],
          [28,19,null,"#0000ff",["faint"]],
          [28,21,null,null,[]]
        ]
=== RUN   TestHelpModal_Golden/15actions-bottom-60x16
    help_test.go:157: golden mismatch for testdata\golden\help-15actions-bottom-60x16.txt.golden:
        want:
        Ôò¡ÔöÇÔöÇ Ajuda ÔÇö Atalhos e A├º├Áes ÔöÇÔöÇÔöÇÔöÇÔöÇÔöÇÔöÇÔöÇÔöÇÔöÇÔöÇÔöÇÔöÇÔò«
        Ôöé                                        Ôöé
        Ôöé  Edi├º├úo                                Ôåæ
        Ôöé    ctrl+n  Novo segredo                Ôöé
        Ôöé    ctrl+d  Duplicar segredo            Ôöé
        Ôöé    ctrl+x  Cortar segredo              Ôöé
        Ôöé    ctrl+v  Colar segredo               Ôöé
        Ôöé    del  Excluir segredo                Ôöé
        Ôöé  Geral                                 Ôöé
        Ôöé    ctrl+c  Copiar valor                Ôöé
        Ôöé    ctrl+s  Salvar altera├º├Áes           Ôöé
        Ôöé    ctrl+f  Buscar segredos             Ôöé
        Ôöé    ctrl+r  Recarregar cofre            Ôöé
        Ôöé    f1  Esta ajuda                      Ôûá
        Ôöé                                        Ôöé
        Ôò░ÔöÇÔöÇÔöÇÔöÇÔöÇÔöÇÔöÇÔöÇÔöÇÔöÇÔöÇÔöÇÔöÇÔöÇÔöÇÔöÇÔöÇÔöÇÔöÇÔöÇÔöÇÔöÇÔöÇÔöÇÔöÇÔöÇÔöÇ Esc Fechar ÔöÇÔò»
        got:
        Ôò¡ÔöÇÔöÇ Ajuda ÔÇö Atalhos e A├º├Áes ÔöÇÔöÇÔöÇÔöÇÔöÇÔöÇÔöÇÔöÇÔöÇÔöÇÔöÇÔöÇÔöÇÔò«
        Ôöé                                        Ôöé
        Ôöé  Edi├º├úo                                Ôåæ
        Ôöé    ctrl+n  Novo segredo                Ôöé
        Ôöé    ctrl+d  Duplicar segredo            Ôöé
        Ôöé    ctrl+x  Cortar segredo              Ôöé
        Ôöé    ctrl+v  Colar segredo               Ôöé
        Ôöé    del  Excluir segredo                Ôöé
        Ôöé  Geral                                 Ôöé
        Ôöé    ctrl+c  Copiar valor                Ôöé
        Ôöé    ctrl+s  Salvar altera├º├Áes           Ôöé
        Ôöé    ctrl+f  Buscar segredos             Ôöé
        Ôöé    ctrl+r  Recarregar cofre            Ôöé
        Ôöé    f1  Esta ajuda                      Ôûá
        Ôöé                                        Ôöé
        Ôò░ÔöÇÔöÇÔöÇÔöÇÔöÇÔöÇÔöÇÔöÇÔöÇÔöÇÔöÇÔöÇÔöÇÔöÇÔöÇÔöÇÔöÇÔöÇÔöÇÔöÇÔöÇÔöÇÔöÇÔöÇÔöÇÔöÇÔöÇ Esc Fechar ÔöÇÔò»
    help_test.go:165: golden mismatch for testdata\golden\help-15actions-bottom-60x16.json.golden:
        want:
        [
          [0,0,null,"#0000ff",["faint"]],
          [0,4,null,null,["bold","faint"]],
          [0,27,null,"#0000ff",["faint"]],
          [0,42,null,null,[]],
          [1,0,null,"#0000ff",["faint"]],
          [1,1,null,null,[]],
          [1,41,null,"#0000ff",["faint"]],
          [1,42,null,null,[]],
          [2,0,null,"#0000ff",["faint"]],
          [2,1,null,null,[]],
          [2,3,"#000000",null,["bold","faint"]],
          [2,9,null,null,[]],
          [2,41,"#000000",null,["faint"]],
          [2,42,null,null,[]],
          [3,0,null,"#0000ff",["faint"]],
          [3,1,null,null,[]],
          [3,5,null,null,["faint"]],
          [3,11,null,null,[]],
          [3,41,null,"#0000ff",["faint"]],
          [3,42,null,null,[]],
          [4,0,null,"#0000ff",["faint"]],
          [4,1,null,null,[]],
          [4,5,null,null,["faint"]],
          [4,11,null,null,[]],
          [4,41,null,"#0000ff",["faint"]],
          [4,42,null,null,[]],
          [5,0,null,"#0000ff",["faint"]],
          [5,1,null,null,[]],
          [5,5,null,null,["faint"]],
          [5,11,null,null,[]],
          [5,41,null,"#0000ff",["faint"]],
          [5,42,null,null,[]],
          [6,0,null,"#0000ff",["faint"]],
          [6,1,null,null,[]],
          [6,5,null,null,["faint"]],
          [6,11,null,null,[]],
          [6,41,null,"#0000ff",["faint"]],
          [6,42,null,null,[]],
          [7,0,null,"#0000ff",["faint"]],
          [7,1,null,null,[]],
          [7,5,null,null,["faint"]],
          [7,8,null,null,[]],
          [7,41,null,"#0000ff",["faint"]],
          [7,42,null,null,[]],
          [8,0,null,"#0000ff",["faint"]],
          [8,1,null,null,[]],
          [8,3,"#000000",null,["bold","faint"]],
          [8,8,null,null,[]],
          [8,41,null,"#0000ff",["faint"]],
          [8,42,null,null,[]],
          [9,0,null,"#0000ff",["faint"]],
          [9,1,null,null,[]],
          [9,5,null,null,["faint"]],
          [9,11,null,null,[]],
          [9,41,null,"#0000ff",["faint"]],
          [9,42,null,null,[]],
          [10,0,null,"#0000ff",["faint"]],
          [10,1,null,null,[]],
          [10,5,null,null,["faint"]],
          [10,11,null,null,[]],
          [10,41,null,"#0000ff",["faint"]],
          [10,42,null,null,[]],
          [11,0,null,"#0000ff",["faint"]],
          [11,1,null,null,[]],
          [11,5,null,null,["faint"]],
          [11,11,null,null,[]],
          [11,41,null,"#0000ff",["faint"]],
          [11,42,null,null,[]],
          [12,0,null,"#0000ff",["faint"]],
          [12,1,null,null,[]],
          [12,5,null,null,["faint"]],
          [12,11,null,null,[]],
          [12,41,null,"#0000ff",["faint"]],
          [12,42,null,null,[]],
          [13,0,null,"#0000ff",["faint"]],
          [13,1,null,null,[]],
          [13,5,null,null,["faint"]],
          [13,7,null,null,[]],
          [13,41,"#000000",null,["faint"]],
          [13,42,null,null,[]],
          [14,0,null,"#0000ff",["faint"]],
          [14,1,null,null,[]],
          [14,41,null,"#0000ff",["faint"]],
          [14,42,null,null,[]],
          [15,0,null,"#0000ff",["faint"]],
          [15,1,null,"#0000ff",["faint"]],
          [15,28,null,null,[]],
          [15,29,null,"#0000ff",["faint"]],
          [15,39,null,null,[]],
          [15,40,null,"#0000ff",["faint"]],
          [15,42,null,null,[]]
        ]
        got:
        [
          [0,0,null,"#0000ff",["faint"]],
          [0,4,null,null,["bold","faint"]],
          [0,27,null,"#0000ff",["faint"]],
          [0,42,null,null,[]],
          [1,0,null,"#0000ff",["faint"]],
          [1,1,null,null,[]],
          [1,41,null,"#0000ff",["faint"]],
          [1,42,null,null,[]],
          [2,0,null,"#0000ff",["faint"]],
          [2,1,null,null,[]],
          [2,3,"#000000",null,["bold","faint"]],
          [2,9,null,null,[]],
          [2,41,"#000000",null,["faint"]],
          [2,42,null,null,[]],
          [3,0,null,"#0000ff",["faint"]],
          [3,1,null,null,[]],
          [3,5,null,null,["faint"]],
          [3,11,null,null,[]],
          [3,41,null,"#0000ff",["faint"]],
          [3,42,null,null,[]],
          [4,0,null,"#0000ff",["faint"]],
          [4,1,null,null,[]],
          [4,5,null,null,["faint"]],
          [4,11,null,null,[]],
          [4,41,null,"#0000ff",["faint"]],
          [4,42,null,null,[]],
          [5,0,null,"#0000ff",["faint"]],
          [5,1,null,null,[]],
          [5,5,null,null,["faint"]],
          [5,11,null,null,[]],
          [5,41,null,"#0000ff",["faint"]],
          [5,42,null,null,[]],
          [6,0,null,"#0000ff",["faint"]],
          [6,1,null,null,[]],
          [6,5,null,null,["faint"]],
          [6,11,null,null,[]],
          [6,41,null,"#0000ff",["faint"]],
          [6,42,null,null,[]],
          [7,0,null,"#0000ff",["faint"]],
          [7,1,null,null,[]],
          [7,5,null,null,["faint"]],
          [7,8,null,null,[]],
          [7,41,null,"#0000ff",["faint"]],
          [7,42,null,null,[]],
          [8,0,null,"#0000ff",["faint"]],
          [8,1,null,null,[]],
          [8,3,"#000000",null,["bold","faint"]],
          [8,8,null,null,[]],
          [8,41,null,"#0000ff",["faint"]],
          [8,42,null,null,[]],
          [9,0,null,"#0000ff",["faint"]],
          [9,1,null,null,[]],
          [9,5,null,null,["faint"]],
          [9,11,null,null,[]],
          [9,41,null,"#0000ff",["faint"]],
          [9,42,null,null,[]],
          [10,0,null,"#0000ff",["faint"]],
          [10,1,null,null,[]],
          [10,5,null,null,["faint"]],
          [10,11,null,null,[]],
          [10,41,null,"#0000ff",["faint"]],
          [10,42,null,null,[]],
          [11,0,null,"#0000ff",["faint"]],
          [11,1,null,null,[]],
          [11,5,null,null,["faint"]],
          [11,11,null,null,[]],
          [11,41,null,"#0000ff",["faint"]],
          [11,42,null,null,[]],
          [12,0,null,"#0000ff",["faint"]],
          [12,1,null,null,[]],
          [12,5,null,null,["faint"]],
          [12,11,null,null,[]],
          [12,41,null,"#0000ff",["faint"]],
          [12,42,null,null,[]],
          [13,0,null,"#0000ff",["faint"]],
          [13,1,null,null,[]],
          [13,5,null,null,["faint"]],
          [13,7,null,null,[]],
          [13,41,"#000000",null,["faint"]],
          [13,42,null,null,[]],
          [14,0,null,"#0000ff",["faint"]],
          [14,1,null,null,[]],
          [14,41,null,"#0000ff",["faint"]],
          [14,42,null,null,[]],
          [15,0,null,"#0000ff",["faint"]],
          [15,1,null,"#0000ff",["faint"]],
          [15,28,null,null,[]],
          [15,29,null,"#0000ff",["faint"]],
          [15,39,null,null,[]],
          [15,40,null,"#0000ff",["faint"]],
          [15,42,null,null,[]]
        ]
--- FAIL: TestHelpModal_Golden (0.02s)
    --- FAIL: TestHelpModal_Golden/3actions-30x12 (0.00s)
    --- FAIL: TestHelpModal_Golden/3actions-60x12 (0.00s)
    --- FAIL: TestHelpModal_Golden/15actions-top-30x16 (0.00s)
    --- FAIL: TestHelpModal_Golden/15actions-top-60x16 (0.00s)
    --- FAIL: TestHelpModal_Golden/15actions-mid-30x16 (0.00s)
    --- FAIL: TestHelpModal_Golden/15actions-mid-60x16 (0.00s)
    --- FAIL: TestHelpModal_Golden/15actions-bottom-30x16 (0.00s)
    --- FAIL: TestHelpModal_Golden/15actions-bottom-60x16 (0.00s)
=== RUN   TestHelpModal_Update_DownIncreasesScroll
--- PASS: TestHelpModal_Update_DownIncreasesScroll (0.00s)
=== RUN   TestHelpModal_Update_UpDoesNotGoBelowZero
--- PASS: TestHelpModal_Update_UpDoesNotGoBelowZero (0.00s)
=== RUN   TestHelpModal_Update_UpDecreasesScroll
--- PASS: TestHelpModal_Update_UpDecreasesScroll (0.00s)
=== RUN   TestHelpModal_Update_HomeResetsScroll
--- PASS: TestHelpModal_Update_HomeResetsScroll (0.00s)
=== RUN   TestHelpModal_Update_EndScrollsToBottom
--- PASS: TestHelpModal_Update_EndScrollsToBottom (0.00s)
=== RUN   TestHelpModal_Update_ScrollClampedAtMax
--- PASS: TestHelpModal_Update_ScrollClampedAtMax (0.00s)
=== RUN   TestHelpModal_Update_EscDismisses
--- PASS: TestHelpModal_Update_EscDismisses (0.00s)
=== RUN   TestHelpModal_Update_F1Dismisses
--- PASS: TestHelpModal_Update_F1Dismisses (0.00s)
=== RUN   TestMessageManager_InitiallyEmpty
--- PASS: TestMessageManager_InitiallyEmpty (0.00s)
=== RUN   TestMessageManager_ShowAndCurrent
--- PASS: TestMessageManager_ShowAndCurrent (0.00s)
=== RUN   TestMessageManager_Clear
--- PASS: TestMessageManager_Clear (0.00s)
=== RUN   TestMessageManager_Tick_ExpiresByTTL
--- PASS: TestMessageManager_Tick_ExpiresByTTL (0.00s)
=== RUN   TestMessageManager_Tick_BusyNeverExpires
--- PASS: TestMessageManager_Tick_BusyNeverExpires (0.00s)
=== RUN   TestMessageManager_Tick_BusyAdvancesFrame
--- PASS: TestMessageManager_Tick_BusyAdvancesFrame (0.00s)
=== RUN   TestMessageManager_HandleInput_ClearOnInput
--- PASS: TestMessageManager_HandleInput_ClearOnInput (0.00s)
=== RUN   TestMessageManager_MsgKindDistinct
--- PASS: TestMessageManager_MsgKindDistinct (0.00s)
=== RUN   TestMessageManager_HandleInput_Persistent
--- PASS: TestMessageManager_HandleInput_Persistent (0.00s)
=== RUN   TestRenderMessageBar_Golden
=== RUN   TestRenderMessageBar_Golden/success-30
    messages_test.go:243: golden mismatch for testdata\golden\messages-success-30.json.golden:
        want:
        [
          [0,0,"#000000","#000000",["faint"]],
          [0,2,null,null,[]],
          [0,3,null,"#00ffff",["faint"]],
          [0,6,null,"#00ffff",["faint"]],
          [0,29,null,null,[]],
          [0,30,"#000000","#000000",["faint"]],
          [0,31,null,null,[]]
        ]
        got:
        [
          [0,0,"#000000","#000000",["faint"]],
          [0,2,null,null,[]],
          [0,3,null,"#00ffff",["faint"]],
          [0,6,null,"#00ffff",["faint"]],
          [0,29,null,null,[]],
          [0,30,"#000000","#000000",["faint"]],
          [0,31,null,null,[]]
        ]
=== RUN   TestRenderMessageBar_Golden/success-60
    messages_test.go:243: golden mismatch for testdata\golden\messages-success-60.json.golden:
        want:
        [
          [0,0,"#000000","#000000",["faint"]],
          [0,2,null,null,[]],
          [0,3,null,"#00ffff",["faint"]],
          [0,6,null,"#00ffff",["faint"]],
          [0,57,null,null,[]],
          [0,58,"#000000","#000000",["faint"]],
          [0,59,"#000000","#000000",["faint"]],
          [0,60,null,null,[]]
        ]
        got:
        [
          [0,0,"#000000","#000000",["faint"]],
          [0,2,null,null,[]],
          [0,3,null,"#00ffff",["faint"]],
          [0,6,null,"#00ffff",["faint"]],
          [0,57,null,null,[]],
          [0,58,"#000000","#000000",["faint"]],
          [0,59,"#000000","#000000",["faint"]],
          [0,60,null,null,[]]
        ]
=== RUN   TestRenderMessageBar_Golden/error-30
    messages_test.go:243: golden mismatch for testdata\golden\messages-error-30.json.golden:
        want:
        [
          [0,0,"#000000","#000000",["faint"]],
          [0,2,null,null,[]],
          [0,3,null,null,["bold","faint"]],
          [0,6,null,null,["bold","faint"]],
          [0,29,null,null,[]],
          [0,30,"#000000","#000000",["faint"]],
          [0,31,null,null,[]]
        ]
        got:
        [
          [0,0,"#000000","#000000",["faint"]],
          [0,2,null,null,[]],
          [0,3,null,null,["bold","faint"]],
          [0,6,null,null,["bold","faint"]],
          [0,29,null,null,[]],
          [0,30,"#000000","#000000",["faint"]],
          [0,31,null,null,[]]
        ]
=== RUN   TestRenderMessageBar_Golden/error-60
    messages_test.go:243: golden mismatch for testdata\golden\messages-error-60.json.golden:
        want:
        [
          [0,0,"#000000","#000000",["faint"]],
          [0,2,null,null,[]],
          [0,3,null,null,["bold","faint"]],
          [0,6,null,null,["bold","faint"]],
          [0,59,null,null,[]],
          [0,60,"#000000","#000000",["faint"]],
          [0,61,null,null,[]]
        ]
        got:
        [
          [0,0,"#000000","#000000",["faint"]],
          [0,2,null,null,[]],
          [0,3,null,null,["bold","faint"]],
          [0,6,null,null,["bold","faint"]],
          [0,59,null,null,[]],
          [0,60,"#000000","#000000",["faint"]],
          [0,61,null,null,[]]
        ]
=== RUN   TestRenderMessageBar_Golden/warn-30
    messages_test.go:243: golden mismatch for testdata\golden\messages-warn-30.json.golden:
        want:
        [
          [0,0,"#000000","#000000",["faint"]],
          [0,2,null,null,[]],
          [0,3,null,"#0000ff",["faint"]],
          [0,6,null,"#0000ff",["faint"]],
          [0,29,null,null,[]],
          [0,30,"#000000","#000000",["faint"]],
          [0,31,null,null,[]]
        ]
        got:
        [
          [0,0,"#000000","#000000",["faint"]],
          [0,2,null,null,[]],
          [0,3,null,"#0000ff",["faint"]],
          [0,6,null,"#0000ff",["faint"]],
          [0,29,null,null,[]],
          [0,30,"#000000","#000000",["faint"]],
          [0,31,null,null,[]]
        ]
=== RUN   TestRenderMessageBar_Golden/warn-60
    messages_test.go:243: golden mismatch for testdata\golden\messages-warn-60.json.golden:
        want:
        [
          [0,0,"#000000","#000000",["faint"]],
          [0,2,null,null,[]],
          [0,3,null,"#0000ff",["faint"]],
          [0,6,null,"#0000ff",["faint"]],
          [0,59,null,null,[]],
          [0,60,"#000000","#000000",["faint"]],
          [0,61,null,null,[]]
        ]
        got:
        [
          [0,0,"#000000","#000000",["faint"]],
          [0,2,null,null,[]],
          [0,3,null,"#0000ff",["faint"]],
          [0,6,null,"#0000ff",["faint"]],
          [0,59,null,null,[]],
          [0,60,"#000000","#000000",["faint"]],
          [0,61,null,null,[]]
        ]
=== RUN   TestRenderMessageBar_Golden/info-30
    messages_test.go:243: golden mismatch for testdata\golden\messages-info-30.json.golden:
        want:
        [
          [0,0,"#000000","#000000",["faint"]],
          [0,2,null,null,[]],
          [0,3,null,null,["faint"]],
          [0,6,null,null,["faint"]],
          [0,29,null,null,[]],
          [0,30,"#000000","#000000",["faint"]],
          [0,31,null,null,[]]
        ]
        got:
        [
          [0,0,"#000000","#000000",["faint"]],
          [0,2,null,null,[]],
          [0,3,null,null,["faint"]],
          [0,6,null,null,["faint"]],
          [0,29,null,null,[]],
          [0,30,"#000000","#000000",["faint"]],
          [0,31,null,null,[]]
        ]
=== RUN   TestRenderMessageBar_Golden/info-60
    messages_test.go:243: golden mismatch for testdata\golden\messages-info-60.json.golden:
        want:
        [
          [0,0,"#000000","#000000",["faint"]],
          [0,2,null,null,[]],
          [0,3,null,null,["faint"]],
          [0,6,null,null,["faint"]],
          [0,53,null,null,[]],
          [0,54,"#000000","#000000",["faint"]],
          [0,55,"#000000","#000000",["faint"]],
          [0,60,null,null,[]]
        ]
        got:
        [
          [0,0,"#000000","#000000",["faint"]],
          [0,2,null,null,[]],
          [0,3,null,null,["faint"]],
          [0,6,null,null,["faint"]],
          [0,53,null,null,[]],
          [0,54,"#000000","#000000",["faint"]],
          [0,55,"#000000","#000000",["faint"]],
          [0,60,null,null,[]]
        ]
=== RUN   TestRenderMessageBar_Golden/busy-30
    messages_test.go:243: golden mismatch for testdata\golden\messages-busy-30.json.golden:
        want:
        [
          [0,0,"#000000","#000000",["faint"]],
          [0,2,null,null,[]],
          [0,3,null,null,["faint"]],
          [0,6,null,null,["faint"]],
          [0,29,null,null,[]],
          [0,30,"#000000","#000000",["faint"]],
          [0,31,null,null,[]]
        ]
        got:
        [
          [0,0,"#000000","#000000",["faint"]],
          [0,2,null,null,[]],
          [0,3,null,null,["faint"]],
          [0,6,null,null,["faint"]],
          [0,29,null,null,[]],
          [0,30,"#000000","#000000",["faint"]],
          [0,31,null,null,[]]
        ]
=== RUN   TestRenderMessageBar_Golden/busy-60
    messages_test.go:243: golden mismatch for testdata\golden\messages-busy-60.json.golden:
        want:
        [
          [0,0,"#000000","#000000",["faint"]],
          [0,2,null,null,[]],
          [0,3,null,null,["faint"]],
          [0,6,null,null,["faint"]],
          [0,44,null,null,[]],
          [0,45,"#000000","#000000",["faint"]],
          [0,46,"#000000","#000000",["faint"]],
          [0,60,null,null,[]]
        ]
        got:
        [
          [0,0,"#000000","#000000",["faint"]],
          [0,2,null,null,[]],
          [0,3,null,null,["faint"]],
          [0,6,null,null,["faint"]],
          [0,44,null,null,[]],
          [0,45,"#000000","#000000",["faint"]],
          [0,46,"#000000","#000000",["faint"]],
          [0,60,null,null,[]]
        ]
=== RUN   TestRenderMessageBar_Golden/hint-30
    messages_test.go:243: golden mismatch for testdata\golden\messages-hint-30.json.golden:
        want:
        [
          [0,0,"#000000","#000000",["faint"]],
          [0,2,null,null,[]],
          [0,3,null,null,["italic","faint"]],
          [0,6,null,null,["italic","faint"]],
          [0,29,null,null,[]],
          [0,30,"#000000","#000000",["faint"]],
          [0,31,null,null,[]]
        ]
        got:
        [
          [0,0,"#000000","#000000",["faint"]],
          [0,2,null,null,[]],
          [0,3,null,null,["italic","faint"]],
          [0,6,null,null,["italic","faint"]],
          [0,29,null,null,[]],
          [0,30,"#000000","#000000",["faint"]],
          [0,31,null,null,[]]
        ]
=== RUN   TestRenderMessageBar_Golden/hint-60
    messages_test.go:243: golden mismatch for testdata\golden\messages-hint-60.json.golden:
        want:
        [
          [0,0,"#000000","#000000",["faint"]],
          [0,2,null,null,[]],
          [0,3,null,null,["italic","faint"]],
          [0,6,null,null,["italic","faint"]],
          [0,56,null,null,[]],
          [0,57,"#000000","#000000",["faint"]],
          [0,58,"#000000","#000000",["faint"]],
          [0,60,null,null,[]]
        ]
        got:
        [
          [0,0,"#000000","#000000",["faint"]],
          [0,2,null,null,[]],
          [0,3,null,null,["italic","faint"]],
          [0,6,null,null,["italic","faint"]],
          [0,56,null,null,[]],
          [0,57,"#000000","#000000",["faint"]],
          [0,58,"#000000","#000000",["faint"]],
          [0,60,null,null,[]]
        ]
--- FAIL: TestRenderMessageBar_Golden (0.01s)
    --- FAIL: TestRenderMessageBar_Golden/success-30 (0.00s)
    --- FAIL: TestRenderMessageBar_Golden/success-60 (0.00s)
    --- FAIL: TestRenderMessageBar_Golden/error-30 (0.00s)
    --- FAIL: TestRenderMessageBar_Golden/error-60 (0.00s)
    --- FAIL: TestRenderMessageBar_Golden/warn-30 (0.00s)
    --- FAIL: TestRenderMessageBar_Golden/warn-60 (0.00s)
    --- FAIL: TestRenderMessageBar_Golden/info-30 (0.00s)
    --- FAIL: TestRenderMessageBar_Golden/info-60 (0.00s)
    --- FAIL: TestRenderMessageBar_Golden/busy-30 (0.00s)
    --- FAIL: TestRenderMessageBar_Golden/busy-60 (0.00s)
    --- FAIL: TestRenderMessageBar_Golden/hint-30 (0.00s)
    --- FAIL: TestRenderMessageBar_Golden/hint-60 (0.00s)
=== RUN   TestPasswordCreateModalStructExists
--- PASS: TestPasswordCreateModalStructExists (0.00s)
=== RUN   TestPasswordCreateModalImplementsModalView
--- PASS: TestPasswordCreateModalImplementsModalView (0.00s)
=== RUN   TestPasswordCreateModalInit
    passwordcreate_test.go:29: Init() returned nil (acceptable)
--- PASS: TestPasswordCreateModalInit (0.00s)
=== RUN   TestPasswordCreateModalView
--- PASS: TestPasswordCreateModalView (0.00s)
=== RUN   TestPasswordCreateModalSetSize
--- PASS: TestPasswordCreateModalSetSize (0.00s)
=== RUN   TestPasswordCreateModalShortcuts
--- PASS: TestPasswordCreateModalShortcuts (0.00s)
=== RUN   TestPasswordCreateModalTabNavigation
--- PASS: TestPasswordCreateModalTabNavigation (0.00s)
=== RUN   TestPasswordCreateModalMismatchedPasswords
    passwordcreate_test.go:114: Update returned nil on mismatched passwords (acceptable)
--- PASS: TestPasswordCreateModalMismatchedPasswords (0.00s)
=== RUN   TestPasswordCreateModalEmptyPassword
    passwordcreate_test.go:131: Update returned nil on empty password (acceptable)
--- PASS: TestPasswordCreateModalEmptyPassword (0.00s)
=== RUN   TestPasswordCreateModalMatchingPasswords
--- PASS: TestPasswordCreateModalMatchingPasswords (0.00s)
=== RUN   TestPasswordCreateModalEscKey
--- PASS: TestPasswordCreateModalEscKey (0.00s)
=== RUN   TestPasswordCreateModalMaskedInput
--- PASS: TestPasswordCreateModalMaskedInput (0.00s)
=== RUN   TestPasswordCreateModalApplyTheme
--- PASS: TestPasswordCreateModalApplyTheme (0.00s)
=== RUN   TestPasswordCreateModalStrengthEvaluation
    passwordcreate_test.go:216: Weak password detected (strength not yet evaluated)
--- PASS: TestPasswordCreateModalStrengthEvaluation (0.00s)
=== RUN   TestPasswordCreateModal_Golden
--- PASS: TestPasswordCreateModal_Golden (0.00s)
=== RUN   TestPasswordEntryModalStructExists
--- PASS: TestPasswordEntryModalStructExists (0.00s)
=== RUN   TestPasswordEntryModalImplementsModalView
--- PASS: TestPasswordEntryModalImplementsModalView (0.00s)
=== RUN   TestPasswordEntryModalInit
    passwordentry_test.go:29: Init() returned nil (acceptable)
--- PASS: TestPasswordEntryModalInit (0.00s)
=== RUN   TestPasswordEntryModalView
--- PASS: TestPasswordEntryModalView (0.00s)
=== RUN   TestPasswordEntryModalSetSize
--- PASS: TestPasswordEntryModalSetSize (0.00s)
=== RUN   TestPasswordEntryModalShortcuts
--- PASS: TestPasswordEntryModalShortcuts (0.00s)
=== RUN   TestPasswordEntryModalAttemptCounter
--- PASS: TestPasswordEntryModalAttemptCounter (0.00s)
=== RUN   TestPasswordEntryModalAttemptCounterShowsFromSecondAttempt
--- PASS: TestPasswordEntryModalAttemptCounterShowsFromSecondAttempt (0.00s)
=== RUN   TestPasswordEntryModalEnterKey
--- PASS: TestPasswordEntryModalEnterKey (0.00s)
=== RUN   TestPasswordEntryModalEscKey
--- PASS: TestPasswordEntryModalEscKey (0.00s)
=== RUN   TestPasswordEntryModalMaskedInput
--- PASS: TestPasswordEntryModalMaskedInput (0.00s)
=== RUN   TestPasswordEntryModalApplyTheme
--- PASS: TestPasswordEntryModalApplyTheme (0.00s)
=== RUN   TestPasswordEntryModal_Golden
--- PASS: TestPasswordEntryModal_Golden (0.00s)
=== RUN   TestRootModelInit
--- PASS: TestRootModelInit (0.00s)
=== RUN   TestModalStack_PushPop
--- PASS: TestModalStack_PushPop (0.00s)
=== RUN   TestLiveWorkChildren_NilSafety
--- PASS: TestLiveWorkChildren_NilSafety (0.00s)
=== RUN   TestStartEndFlow
--- PASS: TestStartEndFlow (0.00s)
=== RUN   TestModalResultRouting
--- PASS: TestModalResultRouting (0.00s)
=== RUN   TestWindowSizeMsg_NoModalSetSize
--- PASS: TestWindowSizeMsg_NoModalSetSize (0.00s)
=== RUN   TestStartFlow_ClearsOrphanModals
--- PASS: TestStartFlow_ClearsOrphanModals (0.00s)
=== RUN   TestBroadcast_ReachesModals
--- PASS: TestBroadcast_ReachesModals (0.00s)
=== RUN   TestD09_ActionManagerBeforeModal
--- PASS: TestD09_ActionManagerBeforeModal (0.00s)
=== RUN   TestKeyPress_CallsHandleInput
--- PASS: TestKeyPress_CallsHandleInput (0.00s)
=== RUN   TestDecisionDialog_ModalStackIntegration
--- PASS: TestDecisionDialog_ModalStackIntegration (0.00s)
=== RUN   TestRootModel_Golden
=== RUN   TestRootModel_Golden/welcome-initial
    root_test.go:368: golden mismatch for testdata\golden\root-welcome-initial-80.txt.golden:
        want:
          Abditum
        ÔöÇÔöÇÔöÇÔöÇÔöÇÔöÇÔöÇÔöÇÔöÇÔöÇÔöÇÔöÇÔöÇÔöÇÔöÇÔöÇÔöÇÔöÇÔöÇÔöÇÔöÇÔöÇÔöÇÔöÇÔöÇÔöÇÔöÇÔöÇÔöÇÔöÇÔöÇÔöÇÔöÇÔöÇÔöÇÔöÇÔöÇÔöÇÔöÇÔöÇÔöÇÔöÇÔöÇÔöÇÔöÇÔöÇÔöÇÔöÇÔöÇÔöÇÔöÇÔöÇÔöÇÔöÇÔöÇÔöÇÔöÇÔöÇÔöÇÔöÇÔöÇÔöÇÔöÇÔöÇÔöÇÔöÇÔöÇÔöÇÔöÇÔöÇÔöÇÔöÇÔöÇÔöÇÔöÇÔöÇÔöÇÔöÇÔöÇÔöÇ
                                                                                        
                                                                                        
                                                                                        
                                                                                        
                                                                                        
                                                                                        
                              ___    __        ___ __                                   
                             /   |  / /_  ____/ (_) /___  ______ ___                    
                            / /| | / __ \/ __  / / __/ / / / __ `__ \                   
                           / ___ |/ /_/ / /_/ / / /_/ /_/ / / / / / /                   
                          /_/  |_/_.___/\__,_/_/\__/\__,_/_/ /_/ /_/                    
                                                                                        
                                 n Novo cofre    o Abrir cofre                          
                                                                                        
                                                                                        
                                                                                        
                                                                                        
                                                                                        
                                                                                        
                                                                                        
        ÔöÇÔöÇÔöÇÔöÇÔöÇÔöÇÔöÇÔöÇÔöÇÔöÇÔöÇÔöÇÔöÇÔöÇÔöÇÔöÇÔöÇÔöÇÔöÇÔöÇÔöÇÔöÇÔöÇÔöÇÔöÇÔöÇÔöÇÔöÇÔöÇÔöÇÔöÇÔöÇÔöÇÔöÇÔöÇÔöÇÔöÇÔöÇÔöÇÔöÇÔöÇÔöÇÔöÇÔöÇÔöÇÔöÇÔöÇÔöÇÔöÇÔöÇÔöÇÔöÇÔöÇÔöÇÔöÇÔöÇÔöÇÔöÇÔöÇÔöÇÔöÇÔöÇÔöÇÔöÇÔöÇÔöÇÔöÇÔöÇÔöÇÔöÇÔöÇÔöÇÔöÇÔöÇÔöÇÔöÇÔöÇÔöÇÔöÇÔöÇ
          o Abrir ┬À n Novo ┬À f10 Truncar ┬À f9 Limpar ┬À f8 Sucesso ┬À f7 Ocupado  f1 Ajuda
        got:
          Abditum
        ÔöÇÔöÇÔöÇÔöÇÔöÇÔöÇÔöÇÔöÇÔöÇÔöÇÔöÇÔöÇÔöÇÔöÇÔöÇÔöÇÔöÇÔöÇÔöÇÔöÇÔöÇÔöÇÔöÇÔöÇÔöÇÔöÇÔöÇÔöÇÔöÇÔöÇÔöÇÔöÇÔöÇÔöÇÔöÇÔöÇÔöÇÔöÇÔöÇÔöÇÔöÇÔöÇÔöÇÔöÇÔöÇÔöÇÔöÇÔöÇÔöÇÔöÇÔöÇÔöÇÔöÇÔöÇÔöÇÔöÇÔöÇÔöÇÔöÇÔöÇÔöÇÔöÇÔöÇÔöÇÔöÇÔöÇÔöÇÔöÇÔöÇÔöÇÔöÇÔöÇÔöÇÔöÇÔöÇÔöÇÔöÇÔöÇÔöÇÔöÇ
                                                                                        
                                                                                        
                                                                                        
                                                                                        
                                                                                        
                                                                                        
                                                                                        
                              ___    __        ___ __                                   
                             /   |  / /_  ____/ (_) /___  ______ ___                    
                            / /| | / __ \/ __  / / __/ / / / __ `__ \                   
                           / ___ |/ /_/ / /_/ / / /_/ /_/ / / / / / /                   
                          /_/  |_/_.___/\__,_/_/\__/\__,_/_/ /_/ /_/                    
                                                                                        
                                                                                        
                                                                                        
                                                                                        
                                                                                        
                                                                                        
                                                                                        
                                                                                        
        ÔöÇÔöÇÔöÇÔöÇÔöÇÔöÇÔöÇÔöÇÔöÇÔöÇÔöÇÔöÇÔöÇÔöÇÔöÇÔöÇÔöÇÔöÇÔöÇÔöÇÔöÇÔöÇÔöÇÔöÇÔöÇÔöÇÔöÇÔöÇÔöÇÔöÇÔöÇÔöÇÔöÇÔöÇÔöÇÔöÇÔöÇÔöÇÔöÇÔöÇÔöÇÔöÇÔöÇÔöÇÔöÇÔöÇÔöÇÔöÇÔöÇÔöÇÔöÇÔöÇÔöÇÔöÇÔöÇÔöÇÔöÇÔöÇÔöÇÔöÇÔöÇÔöÇÔöÇÔöÇÔöÇÔöÇÔöÇÔöÇÔöÇÔöÇÔöÇÔöÇÔöÇÔöÇÔöÇÔöÇÔöÇÔöÇÔöÇÔöÇ
          o Abrir ┬À n Novo ┬À f10 Truncar ┬À f9 Limpar ┬À f8 Sucesso ┬À f7 Ocupado  f1 Ajuda
    root_test.go:376: golden mismatch for testdata\golden\root-welcome-initial-80.json.golden:
        want:
        [
          [0,0,null,null,["bold","faint"]],
          [0,9,null,null,[]],
          [1,0,"#000000","#000000",["faint"]],
          [1,80,null,null,[]],
          [2,0,null,null,["faint"]],
          [2,80,null,null,[]],
          [3,0,null,null,["faint"]],
          [3,80,null,null,[]],
          [4,0,null,null,["faint"]],
          [4,80,null,null,[]],
          [5,0,null,null,["faint"]],
          [5,80,null,null,[]],
          [6,0,null,null,["faint"]],
          [6,80,null,null,[]],
          [7,0,null,null,["faint"]],
          [7,80,null,null,[]],
          [8,0,null,null,["faint"]],
          [8,45,null,null,[]],
          [9,0,null,null,["faint"]],
          [9,60,null,null,[]],
          [10,0,null,null,["faint"]],
          [10,61,null,null,[]],
          [11,0,null,null,["faint"]],
          [11,61,null,null,[]],
          [12,0,null,null,["faint"]],
          [12,61,null,null,[]],
          [13,0,null,null,["faint"]],
          [13,80,null,null,[]],
          [14,0,null,null,["faint"]],
          [14,25,"#000000",null,["faint"]],
          [14,54,null,null,[]],
          [15,0,null,null,["faint"]],
          [15,80,null,null,[]],
          [16,0,null,null,["faint"]],
          [16,80,null,null,[]],
          [17,0,null,null,["faint"]],
          [17,80,null,null,[]],
          [18,0,null,null,["faint"]],
          [18,80,null,null,[]],
          [19,0,null,null,["faint"]],
          [19,80,null,null,[]],
          [20,0,null,null,["faint"]],
          [20,80,null,null,[]],
          [21,0,null,null,["faint"]],
          [21,80,null,null,[]],
          [22,0,"#000000","#000000",["faint"]],
          [22,80,null,null,[]],
          [23,0,null,null,["faint"]],
          [23,2,null,null,["bold","faint"]],
          [23,3,null,null,[]],
          [23,4,null,null,["faint"]],
          [23,9,"#000000",null,["faint"]],
          [23,12,null,null,["bold","faint"]],
          [23,13,null,null,[]],
          [23,14,null,null,["faint"]],
          [23,18,"#000000",null,["faint"]],
          [23,21,null,null,["bold","faint"]],
          [23,24,null,null,[]],
          [23,25,null,null,["faint"]],
          [23,32,"#000000",null,["faint"]],
          [23,35,null,null,["bold","faint"]],
          [23,37,null,null,[]],
          [23,38,null,null,["faint"]],
          [23,44,"#000000",null,["faint"]],
          [23,47,null,null,["bold","faint"]],
          [23,49,null,null,[]],
          [23,50,null,null,["faint"]],
          [23,57,"#000000",null,["faint"]],
          [23,60,null,null,["bold","faint"]],
          [23,62,null,null,[]],
          [23,63,null,null,["faint"]],
          [23,70,null,null,[]],
          [23,72,null,null,["bold","faint"]],
          [23,74,null,null,[]],
          [23,75,null,null,["faint"]],
          [23,80,null,null,[]]
        ]
        got:
        [
          [0,0,null,null,["bold","faint"]],
          [0,9,null,null,[]],
          [1,0,"#000000","#000000",["faint"]],
          [1,80,null,null,[]],
          [2,0,null,null,["faint"]],
          [2,80,null,null,[]],
          [3,0,null,null,["faint"]],
          [3,80,null,null,[]],
          [4,0,null,null,["faint"]],
          [4,80,null,null,[]],
          [5,0,null,null,["faint"]],
          [5,80,null,null,[]],
          [6,0,null,null,["faint"]],
          [6,80,null,null,[]],
          [7,0,null,null,["faint"]],
          [7,80,null,null,[]],
          [8,0,null,null,["faint"]],
          [8,80,null,null,[]],
          [9,0,null,null,["faint"]],
          [9,45,null,null,[]],
          [10,0,null,null,["faint"]],
          [10,60,null,null,[]],
          [11,0,null,null,["faint"]],
          [11,61,null,null,[]],
          [12,0,null,null,["faint"]],
          [12,61,null,null,[]],
          [13,0,null,null,["faint"]],
          [13,61,null,null,[]],
          [14,0,null,null,["faint"]],
          [14,80,null,null,[]],
          [15,0,null,null,["faint"]],
          [15,80,null,null,[]],
          [16,0,null,null,["faint"]],
          [16,80,null,null,[]],
          [17,0,null,null,["faint"]],
          [17,80,null,null,[]],
          [18,0,null,null,["faint"]],
          [18,80,null,null,[]],
          [19,0,null,null,["faint"]],
          [19,80,null,null,[]],
          [20,0,null,null,["faint"]],
          [20,80,null,null,[]],
          [21,0,null,null,["faint"]],
          [21,80,null,null,[]],
          [22,0,"#000000","#000000",["faint"]],
          [22,80,null,null,[]],
          [23,0,null,null,["faint"]],
          [23,2,null,null,["bold","faint"]],
          [23,3,null,null,[]],
          [23,4,null,null,["faint"]],
          [23,9,"#000000",null,["faint"]],
          [23,12,null,null,["bold","faint"]],
          [23,13,null,null,[]],
          [23,14,null,null,["faint"]],
          [23,18,"#000000",null,["faint"]],
          [23,21,null,null,["bold","faint"]],
          [23,24,null,null,[]],
          [23,25,null,null,["faint"]],
          [23,32,"#000000",null,["faint"]],
          [23,35,null,null,["bold","faint"]],
          [23,37,null,null,[]],
          [23,38,null,null,["faint"]],
          [23,44,"#000000",null,["faint"]],
          [23,47,null,null,["bold","faint"]],
          [23,49,null,null,[]],
          [23,50,null,null,["faint"]],
          [23,57,"#000000",null,["faint"]],
          [23,60,null,null,["bold","faint"]],
          [23,62,null,null,[]],
          [23,63,null,null,["faint"]],
          [23,70,null,null,[]],
          [23,72,null,null,["bold","faint"]],
          [23,74,null,null,[]],
          [23,75,null,null,["faint"]],
          [23,80,null,null,[]]
        ]
=== RUN   TestRootModel_Golden/welcome-narrow
    root_test.go:368: golden mismatch for testdata\golden\root-welcome-narrow-40.txt.golden:
        want:
          Abditum
        ÔöÇÔöÇÔöÇÔöÇÔöÇÔöÇÔöÇÔöÇÔöÇÔöÇÔöÇÔöÇÔöÇÔöÇÔöÇÔöÇÔöÇÔöÇÔöÇÔöÇÔöÇÔöÇÔöÇÔöÇÔöÇÔöÇÔöÇÔöÇÔöÇÔöÇÔöÇÔöÇÔöÇÔöÇÔöÇÔöÇÔöÇÔöÇÔöÇÔöÇ
                                                
                                                
                                                
                                                
                                                
                                                
            ___    __        ___ __             
           /   |  / /_  ____/ (_) /___  ______  
        ___                                     
          / /| | / __ \/ __  / / __/ / / / __   
        `__ \                                   
         / ___ |/ /_/ / /_/ / / /_/ /_/ / / / / 
        / /                                     
        /_/  |_/_.___/\__,_/_/\__/\__,_/_/ /_/  
        /_/                                     
                                                
               n Novo cofre    o Abrir cofre    
                                                
                                                
                                                
                                                
                                                
                                                
                                                
        ÔöÇÔöÇÔöÇÔöÇÔöÇÔöÇÔöÇÔöÇÔöÇÔöÇÔöÇÔöÇÔöÇÔöÇÔöÇÔöÇÔöÇÔöÇÔöÇÔöÇÔöÇÔöÇÔöÇÔöÇÔöÇÔöÇÔöÇÔöÇÔöÇÔöÇÔöÇÔöÇÔöÇÔöÇÔöÇÔöÇÔöÇÔöÇÔöÇÔöÇ
          o Abrir ┬À n Novo              f1 Ajuda
        got:
          Abditum
        ÔöÇÔöÇÔöÇÔöÇÔöÇÔöÇÔöÇÔöÇÔöÇÔöÇÔöÇÔöÇÔöÇÔöÇÔöÇÔöÇÔöÇÔöÇÔöÇÔöÇÔöÇÔöÇÔöÇÔöÇÔöÇÔöÇÔöÇÔöÇÔöÇÔöÇÔöÇÔöÇÔöÇÔöÇÔöÇÔöÇÔöÇÔöÇÔöÇÔöÇ
                                                
                                                
                                                
                                                
                                                
                                                
                                                
            ___    __        ___ __             
           /   |  / /_  ____/ (_) /___  ______  
        ___                                     
          / /| | / __ \/ __  / / __/ / / / __   
        `__ \                                   
         / ___ |/ /_/ / /_/ / / /_/ /_/ / / / / 
        / /                                     
        /_/  |_/_.___/\__,_/_/\__/\__,_/_/ /_/  
        /_/                                     
                                                
                                                
                                                
                                                
                                                
                                                
                                                
                                                
        ÔöÇÔöÇÔöÇÔöÇÔöÇÔöÇÔöÇÔöÇÔöÇÔöÇÔöÇÔöÇÔöÇÔöÇÔöÇÔöÇÔöÇÔöÇÔöÇÔöÇÔöÇÔöÇÔöÇÔöÇÔöÇÔöÇÔöÇÔöÇÔöÇÔöÇÔöÇÔöÇÔöÇÔöÇÔöÇÔöÇÔöÇÔöÇÔöÇÔöÇ
          o Abrir ┬À n Novo              f1 Ajuda
    root_test.go:376: golden mismatch for testdata\golden\root-welcome-narrow-40.json.golden:
        want:
        [
          [0,0,null,null,["bold","faint"]],
          [0,9,null,null,[]],
          [1,0,"#000000","#000000",["faint"]],
          [1,40,null,null,[]],
          [2,0,null,null,["faint"]],
          [2,40,null,null,[]],
          [3,0,null,null,["faint"]],
          [3,40,null,null,[]],
          [4,0,null,null,["faint"]],
          [4,40,null,null,[]],
          [5,0,null,null,["faint"]],
          [5,40,null,null,[]],
          [6,0,null,null,["faint"]],
          [6,40,null,null,[]],
          [7,0,null,null,["faint"]],
          [7,40,null,null,[]],
          [8,0,null,null,["faint"]],
          [8,27,null,null,["faint"]],
          [8,40,null,null,[]],
          [9,0,null,null,["faint"]],
          [9,38,null,null,["faint"]],
          [9,40,null,null,[]],
          [10,0,null,null,["faint"]],
          [10,3,null,null,[]],
          [10,4,null,null,["faint"]],
          [10,40,null,null,[]],
          [11,0,null,null,["faint"]],
          [11,37,null,null,["faint"]],
          [11,40,null,null,[]],
          [12,0,null,null,["faint"]],
          [12,5,null,null,["faint"]],
          [12,40,null,null,[]],
          [13,0,null,null,["faint"]],
          [13,39,null,null,["faint"]],
          [13,40,null,null,[]],
          [14,0,null,null,["faint"]],
          [14,3,null,null,["faint"]],
          [14,40,null,null,[]],
          [15,0,null,null,["faint"]],
          [15,38,null,null,["faint"]],
          [15,40,null,null,[]],
          [16,0,null,null,["faint"]],
          [16,4,null,null,["faint"]],
          [16,40,null,null,[]],
          [17,0,null,null,["faint"]],
          [17,40,null,null,[]],
          [18,0,null,null,["faint"]],
          [18,7,"#000000",null,["faint"]],
          [18,36,null,null,["faint"]],
          [18,40,null,null,[]],
          [19,0,null,null,["faint"]],
          [19,40,null,null,[]],
          [20,0,null,null,["faint"]],
          [20,40,null,null,[]],
          [21,0,null,null,["faint"]],
          [21,40,null,null,[]],
          [22,0,null,null,["faint"]],
          [22,40,null,null,[]],
          [23,0,null,null,["faint"]],
          [23,40,null,null,[]],
          [24,0,null,null,["faint"]],
          [24,40,null,null,[]],
          [25,0,null,null,["faint"]],
          [25,40,null,null,[]],
          [26,0,"#000000","#000000",["faint"]],
          [26,40,null,null,[]],
          [27,0,null,null,["faint"]],
          [27,2,null,null,["bold","faint"]],
          [27,3,null,null,[]],
          [27,4,null,null,["faint"]],
          [27,9,"#000000",null,["faint"]],
          [27,12,null,null,["bold","faint"]],
          [27,13,null,null,[]],
          [27,14,null,null,["faint"]],
          [27,18,null,null,[]],
          [27,32,null,null,["bold","faint"]],
          [27,34,null,null,[]],
          [27,35,null,null,["faint"]],
          [27,40,null,null,[]]
        ]
        got:
        [
          [0,0,null,null,["bold","faint"]],
          [0,9,null,null,[]],
          [1,0,"#000000","#000000",["faint"]],
          [1,40,null,null,[]],
          [2,0,null,null,["faint"]],
          [2,40,null,null,[]],
          [3,0,null,null,["faint"]],
          [3,40,null,null,[]],
          [4,0,null,null,["faint"]],
          [4,40,null,null,[]],
          [5,0,null,null,["faint"]],
          [5,40,null,null,[]],
          [6,0,null,null,["faint"]],
          [6,40,null,null,[]],
          [7,0,null,null,["faint"]],
          [7,40,null,null,[]],
          [8,0,null,null,["faint"]],
          [8,40,null,null,[]],
          [9,0,null,null,["faint"]],
          [9,27,null,null,["faint"]],
          [9,40,null,null,[]],
          [10,0,null,null,["faint"]],
          [10,38,null,null,["faint"]],
          [10,40,null,null,[]],
          [11,0,null,null,["faint"]],
          [11,3,null,null,[]],
          [11,4,null,null,["faint"]],
          [11,40,null,null,[]],
          [12,0,null,null,["faint"]],
          [12,37,null,null,["faint"]],
          [12,40,null,null,[]],
          [13,0,null,null,["faint"]],
          [13,5,null,null,["faint"]],
          [13,40,null,null,[]],
          [14,0,null,null,["faint"]],
          [14,39,null,null,["faint"]],
          [14,40,null,null,[]],
          [15,0,null,null,["faint"]],
          [15,3,null,null,["faint"]],
          [15,40,null,null,[]],
          [16,0,null,null,["faint"]],
          [16,38,null,null,["faint"]],
          [16,40,null,null,[]],
          [17,0,null,null,["faint"]],
          [17,4,null,null,["faint"]],
          [17,40,null,null,[]],
          [18,0,null,null,["faint"]],
          [18,40,null,null,[]],
          [19,0,null,null,["faint"]],
          [19,40,null,null,[]],
          [20,0,null,null,["faint"]],
          [20,40,null,null,[]],
          [21,0,null,null,["faint"]],
          [21,40,null,null,[]],
          [22,0,null,null,["faint"]],
          [22,40,null,null,[]],
          [23,0,null,null,["faint"]],
          [23,40,null,null,[]],
          [24,0,null,null,["faint"]],
          [24,40,null,null,[]],
          [25,0,null,null,["faint"]],
          [25,40,null,null,[]],
          [26,0,"#000000","#000000",["faint"]],
          [26,40,null,null,[]],
          [27,0,null,null,["faint"]],
          [27,2,null,null,["bold","faint"]],
          [27,3,null,null,[]],
          [27,4,null,null,["faint"]],
          [27,9,"#000000",null,["faint"]],
          [27,12,null,null,["bold","faint"]],
          [27,13,null,null,[]],
          [27,14,null,null,["faint"]],
          [27,18,null,null,[]],
          [27,32,null,null,["bold","faint"]],
          [27,34,null,null,[]],
          [27,35,null,null,["faint"]],
          [27,40,null,null,[]]
        ]
=== RUN   TestRootModel_Golden/with-decision-modal
--- FAIL: TestRootModel_Golden (0.01s)
    --- FAIL: TestRootModel_Golden/welcome-initial (0.00s)
    --- FAIL: TestRootModel_Golden/welcome-narrow (0.00s)
    --- PASS: TestRootModel_Golden/with-decision-modal (0.00s)
=== RUN   TestRootModel_CtrlQQuit
--- PASS: TestRootModel_CtrlQQuit (0.00s)
=== RUN   TestRootModel_FlowOrchestration_Golden
    root_test.go:434: golden mismatch for testdata\golden\root-flow-active-80.txt.golden:
        want:
          Abditum
        ÔöÇÔöÇÔöÇÔöÇÔöÇÔöÇÔöÇÔöÇÔöÇÔöÇÔöÇÔöÇÔöÇÔöÇÔöÇÔöÇÔöÇÔöÇÔöÇÔöÇÔöÇÔöÇÔöÇÔöÇÔöÇÔöÇÔöÇÔöÇÔöÇÔöÇÔöÇÔöÇÔöÇÔöÇÔöÇÔöÇÔöÇÔöÇÔöÇÔöÇÔöÇÔöÇÔöÇÔöÇÔöÇÔöÇÔöÇÔöÇÔöÇÔöÇÔöÇÔöÇÔöÇÔöÇÔöÇÔöÇÔöÇÔöÇÔöÇÔöÇÔöÇÔöÇÔöÇÔöÇÔöÇÔöÇÔöÇÔöÇÔöÇÔöÇÔöÇÔöÇÔöÇÔöÇÔöÇÔöÇÔöÇÔöÇÔöÇÔöÇ
                                                                                        
                                                                                        
                                                                                        
                                                                                        
                                                                                        
                                                                                        
                              ___    __        ___ __                                   
                             /   |  / /_  ____/ (_) /___  ______ ___                    
                            / /| | / __ \/ __  / / __/ / / / __ `__ \                   
                           / ___ |/ /_/ / /_/ / / /_/ /_/ / / / / / /                   
                          /_/  |_/_.___/\__,_/_/\__/\__,_/_/ /_/ /_/                    
                                                                                        
                                 n Novo cofre    o Abrir cofre                          
                                                                                        
                                                                                        
                                                                                        
                                                                                        
                                                                                        
                                                                                        
                                                                                        
        ÔöÇÔöÇÔöÇÔöÇÔöÇÔöÇÔöÇÔöÇÔöÇÔöÇÔöÇÔöÇÔöÇÔöÇÔöÇÔöÇÔöÇÔöÇÔöÇÔöÇÔöÇÔöÇÔöÇÔöÇÔöÇÔöÇÔöÇÔöÇÔöÇÔöÇÔöÇÔöÇÔöÇÔöÇÔöÇÔöÇÔöÇÔöÇÔöÇÔöÇÔöÇÔöÇÔöÇÔöÇÔöÇÔöÇÔöÇÔöÇÔöÇÔöÇÔöÇÔöÇÔöÇÔöÇÔöÇÔöÇÔöÇÔöÇÔöÇÔöÇÔöÇÔöÇÔöÇÔöÇÔöÇÔöÇÔöÇÔöÇÔöÇÔöÇÔöÇÔöÇÔöÇÔöÇÔöÇÔöÇÔöÇÔöÇÔöÇÔöÇ
          o Abrir ┬À n Novo ┬À f10 Truncar ┬À f9 Limpar ┬À f8 Sucesso ┬À f7 Ocupado  f1 Ajuda
        got:
          Abditum
        ÔöÇÔöÇÔöÇÔöÇÔöÇÔöÇÔöÇÔöÇÔöÇÔöÇÔöÇÔöÇÔöÇÔöÇÔöÇÔöÇÔöÇÔöÇÔöÇÔöÇÔöÇÔöÇÔöÇÔöÇÔöÇÔöÇÔöÇÔöÇÔöÇÔöÇÔöÇÔöÇÔöÇÔöÇÔöÇÔöÇÔöÇÔöÇÔöÇÔöÇÔöÇÔöÇÔöÇÔöÇÔöÇÔöÇÔöÇÔöÇÔöÇÔöÇÔöÇÔöÇÔöÇÔöÇÔöÇÔöÇÔöÇÔöÇÔöÇÔöÇÔöÇÔöÇÔöÇÔöÇÔöÇÔöÇÔöÇÔöÇÔöÇÔöÇÔöÇÔöÇÔöÇÔöÇÔöÇÔöÇÔöÇÔöÇÔöÇÔöÇ
                                                                                        
                                                                                        
                                                                                        
                                                                                        
                                                                                        
                                                                                        
                                                                                        
                              ___    __        ___ __                                   
                             /   |  / /_  ____/ (_) /___  ______ ___                    
                            / /| | / __ \/ __  / / __/ / / / __ `__ \                   
                           / ___ |/ /_/ / /_/ / / /_/ /_/ / / / / / /                   
                          /_/  |_/_.___/\__,_/_/\__/\__,_/_/ /_/ /_/                    
                                                                                        
                                                                                        
                                                                                        
                                                                                        
                                                                                        
                                                                                        
                                                                                        
                                                                                        
        ÔöÇÔöÇÔöÇÔöÇÔöÇÔöÇÔöÇÔöÇÔöÇÔöÇÔöÇÔöÇÔöÇÔöÇÔöÇÔöÇÔöÇÔöÇÔöÇÔöÇÔöÇÔöÇÔöÇÔöÇÔöÇÔöÇÔöÇÔöÇÔöÇÔöÇÔöÇÔöÇÔöÇÔöÇÔöÇÔöÇÔöÇÔöÇÔöÇÔöÇÔöÇÔöÇÔöÇÔöÇÔöÇÔöÇÔöÇÔöÇÔöÇÔöÇÔöÇÔöÇÔöÇÔöÇÔöÇÔöÇÔöÇÔöÇÔöÇÔöÇÔöÇÔöÇÔöÇÔöÇÔöÇÔöÇÔöÇÔöÇÔöÇÔöÇÔöÇÔöÇÔöÇÔöÇÔöÇÔöÇÔöÇÔöÇÔöÇÔöÇ
          o Abrir ┬À n Novo ┬À f10 Truncar ┬À f9 Limpar ┬À f8 Sucesso ┬À f7 Ocupado  f1 Ajuda
    root_test.go:441: golden mismatch for testdata\golden\root-flow-active-80.json.golden:
        want:
        [
          [0,0,null,null,["bold","faint"]],
          [0,9,null,null,[]],
          [1,0,"#000000","#000000",["faint"]],
          [1,80,null,null,[]],
          [2,0,null,null,["faint"]],
          [2,80,null,null,[]],
          [3,0,null,null,["faint"]],
          [3,80,null,null,[]],
          [4,0,null,null,["faint"]],
          [4,80,null,null,[]],
          [5,0,null,null,["faint"]],
          [5,80,null,null,[]],
          [6,0,null,null,["faint"]],
          [6,80,null,null,[]],
          [7,0,null,null,["faint"]],
          [7,80,null,null,[]],
          [8,0,null,null,["faint"]],
          [8,45,null,null,[]],
          [9,0,null,null,["faint"]],
          [9,60,null,null,[]],
          [10,0,null,null,["faint"]],
          [10,61,null,null,[]],
          [11,0,null,null,["faint"]],
          [11,61,null,null,[]],
          [12,0,null,null,["faint"]],
          [12,61,null,null,[]],
          [13,0,null,null,["faint"]],
          [13,80,null,null,[]],
          [14,0,null,null,["faint"]],
          [14,25,"#000000",null,["faint"]],
          [14,54,null,null,[]],
          [15,0,null,null,["faint"]],
          [15,80,null,null,[]],
          [16,0,null,null,["faint"]],
          [16,80,null,null,[]],
          [17,0,null,null,["faint"]],
          [17,80,null,null,[]],
          [18,0,null,null,["faint"]],
          [18,80,null,null,[]],
          [19,0,null,null,["faint"]],
          [19,80,null,null,[]],
          [20,0,null,null,["faint"]],
          [20,80,null,null,[]],
          [21,0,null,null,["faint"]],
          [21,80,null,null,[]],
          [22,0,"#000000","#000000",["faint"]],
          [22,80,null,null,[]],
          [23,0,null,null,["faint"]],
          [23,2,null,null,["bold","faint"]],
          [23,3,null,null,[]],
          [23,4,null,null,["faint"]],
          [23,9,"#000000",null,["faint"]],
          [23,12,null,null,["bold","faint"]],
          [23,13,null,null,[]],
          [23,14,null,null,["faint"]],
          [23,18,"#000000",null,["faint"]],
          [23,21,null,null,["bold","faint"]],
          [23,24,null,null,[]],
          [23,25,null,null,["faint"]],
          [23,32,"#000000",null,["faint"]],
          [23,35,null,null,["bold","faint"]],
          [23,37,null,null,[]],
          [23,38,null,null,["faint"]],
          [23,44,"#000000",null,["faint"]],
          [23,47,null,null,["bold","faint"]],
          [23,49,null,null,[]],
          [23,50,null,null,["faint"]],
          [23,57,"#000000",null,["faint"]],
          [23,60,null,null,["bold","faint"]],
          [23,62,null,null,[]],
          [23,63,null,null,["faint"]],
          [23,70,null,null,[]],
          [23,72,null,null,["bold","faint"]],
          [23,74,null,null,[]],
          [23,75,null,null,["faint"]],
          [23,80,null,null,[]]
        ]
        got:
        [
          [0,0,null,null,["bold","faint"]],
          [0,9,null,null,[]],
          [1,0,"#000000","#000000",["faint"]],
          [1,80,null,null,[]],
          [2,0,null,null,["faint"]],
          [2,80,null,null,[]],
          [3,0,null,null,["faint"]],
          [3,80,null,null,[]],
          [4,0,null,null,["faint"]],
          [4,80,null,null,[]],
          [5,0,null,null,["faint"]],
          [5,80,null,null,[]],
          [6,0,null,null,["faint"]],
          [6,80,null,null,[]],
          [7,0,null,null,["faint"]],
          [7,80,null,null,[]],
          [8,0,null,null,["faint"]],
          [8,80,null,null,[]],
          [9,0,null,null,["faint"]],
          [9,45,null,null,[]],
          [10,0,null,null,["faint"]],
          [10,60,null,null,[]],
          [11,0,null,null,["faint"]],
          [11,61,null,null,[]],
          [12,0,null,null,["faint"]],
          [12,61,null,null,[]],
          [13,0,null,null,["faint"]],
          [13,61,null,null,[]],
          [14,0,null,null,["faint"]],
          [14,80,null,null,[]],
          [15,0,null,null,["faint"]],
          [15,80,null,null,[]],
          [16,0,null,null,["faint"]],
          [16,80,null,null,[]],
          [17,0,null,null,["faint"]],
          [17,80,null,null,[]],
          [18,0,null,null,["faint"]],
          [18,80,null,null,[]],
          [19,0,null,null,["faint"]],
          [19,80,null,null,[]],
          [20,0,null,null,["faint"]],
          [20,80,null,null,[]],
          [21,0,null,null,["faint"]],
          [21,80,null,null,[]],
          [22,0,"#000000","#000000",["faint"]],
          [22,80,null,null,[]],
          [23,0,null,null,["faint"]],
          [23,2,null,null,["bold","faint"]],
          [23,3,null,null,[]],
          [23,4,null,null,["faint"]],
          [23,9,"#000000",null,["faint"]],
          [23,12,null,null,["bold","faint"]],
          [23,13,null,null,[]],
          [23,14,null,null,["faint"]],
          [23,18,"#000000",null,["faint"]],
          [23,21,null,null,["bold","faint"]],
          [23,24,null,null,[]],
          [23,25,null,null,["faint"]],
          [23,32,"#000000",null,["faint"]],
          [23,35,null,null,["bold","faint"]],
          [23,37,null,null,[]],
          [23,38,null,null,["faint"]],
          [23,44,"#000000",null,["faint"]],
          [23,47,null,null,["bold","faint"]],
          [23,49,null,null,[]],
          [23,50,null,null,["faint"]],
          [23,57,"#000000",null,["faint"]],
          [23,60,null,null,["bold","faint"]],
          [23,62,null,null,[]],
          [23,63,null,null,["faint"]],
          [23,70,null,null,[]],
          [23,72,null,null,["bold","faint"]],
          [23,74,null,null,[]],
          [23,75,null,null,["faint"]],
          [23,80,null,null,[]]
        ]
--- FAIL: TestRootModel_FlowOrchestration_Golden (0.00s)
=== RUN   TestWelcomeModel_Structure
--- PASS: TestWelcomeModel_Structure (0.00s)
=== RUN   TestWelcomeModel_View
--- PASS: TestWelcomeModel_View (0.00s)
=== RUN   TestWelcomeModel_SetSize
--- PASS: TestWelcomeModel_SetSize (0.00s)
=== RUN   TestWelcomeModel_Update
--- PASS: TestWelcomeModel_Update (0.00s)
=== RUN   TestWelcomeModel_ApplyTheme
--- PASS: TestWelcomeModel_ApplyTheme (0.00s)
=== RUN   TestWelcomeModel_ViewContainsLogo
--- PASS: TestWelcomeModel_ViewContainsLogo (0.00s)
=== RUN   TestWelcomeModel_ViewContainsHints
--- PASS: TestWelcomeModel_ViewContainsHints (0.00s)
=== RUN   TestWelcomeModel_Golden
=== RUN   TestWelcomeModel_Golden/tokyo-night
    welcome_test.go:113: golden mismatch for testdata\golden\welcome-tokyo-night-80.txt.golden:
        want:
                                                                                        
                                                                                        
                                                                                        
                                                                                        
                                                                                        
                                                                                        
                                                                                        
                                                                                        
                              ___    __        ___ __                                   
                             /   |  / /_  ____/ (_) /___  ______ ___                    
                            / /| | / __ \/ __  / / __/ / / / __ `__ \                   
                           / ___ |/ /_/ / /_/ / / /_/ /_/ / / / / / /                   
                          /_/  |_/_.___/\__,_/_/\__/\__,_/_/ /_/ /_/                    
                                                                                        
                                 n Novo cofre    o Abrir cofre                          
                                                                                        
                                                                                        
                                                                                        
                                                                                        
                                                                                        
                                                                                        
                                                                                        
                                                                                        
                                                                                        
        got:
                                                                                        
                                                                                        
                                                                                        
                                                                                        
                                                                                        
                                                                                        
                                                                                        
                                                                                        
                                                                                        
                              ___    __        ___ __                                   
                             /   |  / /_  ____/ (_) /___  ______ ___                    
                            / /| | / __ \/ __  / / __/ / / / __ `__ \                   
                           / ___ |/ /_/ / /_/ / / /_/ /_/ / / / / / /                   
                          /_/  |_/_.___/\__,_/_/\__/\__,_/_/ /_/ /_/                    
                                                                                        
                                                                                        
                                                                                        
                                                                                        
                                                                                        
                                                                                        
                                                                                        
                                                                                        
                                                                                        
                                                                                        
    welcome_test.go:122: golden mismatch for testdata\golden\welcome-tokyo-night-80.json.golden:
        want:
        [
          [8,18,null,null,["faint"]],
          [8,45,null,null,[]],
          [9,18,null,null,["faint"]],
          [9,60,null,null,[]],
          [10,18,null,null,["faint"]],
          [10,61,null,null,[]],
          [11,18,null,null,["faint"]],
          [11,61,null,null,[]],
          [12,18,null,null,["faint"]],
          [12,61,null,null,[]],
          [14,25,"#000000",null,["faint"]],
          [14,54,null,null,[]]
        ]
        got:
        [
          [9,18,null,null,["faint"]],
          [9,45,null,null,[]],
          [10,18,null,null,["faint"]],
          [10,60,null,null,[]],
          [11,18,null,null,["faint"]],
          [11,61,null,null,[]],
          [12,18,null,null,["faint"]],
          [12,61,null,null,[]],
          [13,18,null,null,["faint"]],
          [13,61,null,null,[]]
        ]
=== RUN   TestWelcomeModel_Golden/cyberpunk
    welcome_test.go:113: golden mismatch for testdata\golden\welcome-cyberpunk-80.txt.golden:
        want:
                                                                                        
                                                                                        
                                                                                        
                                                                                        
                                                                                        
                                                                                        
                                                                                        
                                                                                        
                              ___    __        ___ __                                   
                             /   |  / /_  ____/ (_) /___  ______ ___                    
                            / /| | / __ \/ __  / / __/ / / / __ `__ \                   
                           / ___ |/ /_/ / /_/ / / /_/ /_/ / / / / / /                   
                          /_/  |_/_.___/\__,_/_/\__/\__,_/_/ /_/ /_/                    
                                                                                        
                                 n Novo cofre    o Abrir cofre                          
                                                                                        
                                                                                        
                                                                                        
                                                                                        
                                                                                        
                                                                                        
                                                                                        
                                                                                        
                                                                                        
        got:
                                                                                        
                                                                                        
                                                                                        
                                                                                        
                                                                                        
                                                                                        
                                                                                        
                                                                                        
                                                                                        
                              ___    __        ___ __                                   
                             /   |  / /_  ____/ (_) /___  ______ ___                    
                            / /| | / __ \/ __  / / __/ / / / __ `__ \                   
                           / ___ |/ /_/ / /_/ / / /_/ /_/ / / / / / /                   
                          /_/  |_/_.___/\__,_/_/\__/\__,_/_/ /_/ /_/                    
                                                                                        
                                                                                        
                                                                                        
                                                                                        
                                                                                        
                                                                                        
                                                                                        
                                                                                        
                                                                                        
                                                                                        
    welcome_test.go:122: golden mismatch for testdata\golden\welcome-cyberpunk-80.json.golden:
        want:
        [
          [14,25,null,null,["faint"]],
          [14,54,null,null,[]]
        ]
        got:
        [
          [9,18,null,"#000000",["faint"]],
          [9,45,null,null,[]],
          [10,18,null,null,["faint"]],
          [10,60,null,null,[]],
          [12,18,null,null,["faint","blink"]],
          [12,61,null,null,[]],
          [13,18,null,"#000000",["faint"]],
          [13,61,null,null,[]]
        ]
--- FAIL: TestWelcomeModel_Golden (0.00s)
    --- FAIL: TestWelcomeModel_Golden/tokyo-night (0.00s)
    --- FAIL: TestWelcomeModel_Golden/cyberpunk (0.00s)
FAIL
FAIL	github.com/useful-toys/abditum/internal/tui	0.946s
?   	github.com/useful-toys/abditum/internal/tui/common	[no test files]
?   	github.com/useful-toys/abditum/internal/tui/theme	[no test files]
?   	github.com/useful-toys/abditum/internal/tui/tokens	[no test files]
?   	github.com/useful-toys/abditum/internal/tui/types	[no test files]
FAIL
