[
  [
    0,
    2,
    null,
    null,
    [
      "bold",
      "faint"
    ]
  ],
  [
    0,
    4,
    null,
    null,
    []
  ],
  [
    0,
    5,
    null,
    null,
    [
      "faint"
    ]
  ],
  [
    0,
    11,
    "#000000",
    null,
    [
      "faint"
    ]
  ],
  [
    0,
    14,
    null,
    null,
    [
      "bold",
      "faint"
    ]
  ],
  [
    0,
    16,
    null,
    null,
    []
  ],
  [
    0,
    17,
    null,
    null,
    [
      "faint"
    ]
  ],
  [
    0,
    21,
    null,
    null,
    []
  ],
  [
    0,
    22,
    null,
    null,
    [
      "bold",
      "faint"
    ]
  ],
  [
    0,
    24,
    null,
    null,
    []
  ],
  [
    0,
    25,
    null,
    null,
    [
      "faint"
    ]
  ],
  [
    0,
    30,
    null,
    null,
    []
  ]
]