[
  {
    "line": 0,
    "col": 0,
    "fg": null,
    "bg": "#0000ff",
    "style": [
      "faint"
    ]
  },
  {
    "line": 0,
    "col": 3,
    "fg": null,
    "bg": null,
    "style": null
  },
  {
    "line": 0,
    "col": 4,
    "fg": null,
    "bg": "#0000ff",
    "style": [
      "bold",
      "faint"
    ]
  },
  {
    "line": 0,
    "col": 55,
    "fg": null,
    "bg": null,
    "style": null
  },
  {
    "line": 0,
    "col": 56,
    "fg": null,
    "bg": "#0000ff",
    "style": [
      "faint"
    ]
  },
  {
    "line": 0,
    "col": 60,
    "fg": null,
    "bg": null,
    "style": null
  },
  {
    "line": 1,
    "col": 0,
    "fg": null,
    "bg": "#0000ff",
    "style": [
      "faint"
    ]
  },
  {
    "line": 1,
    "col": 1,
    "fg": null,
    "bg": null,
    "style": null
  },
  {
    "line": 1,
    "col": 47,
    "fg": null,
    "bg": "#0000ff",
    "style": [
      "faint"
    ]
  },
  {
    "line": 1,
    "col": 48,
    "fg": null,
    "bg": null,
    "style": null
  },
  {
    "line": 2,
    "col": 0,
    "fg": null,
    "bg": "#0000ff",
    "style": [
      "faint"
    ]
  },
  {
    "line": 2,
    "col": 1,
    "fg": null,
    "bg": null,
    "style": null
  },
  {
    "line": 2,
    "col": 3,
    "fg": null,
    "bg": null,
    "style": [
      "faint"
    ]
  },
  {
    "line": 2,
    "col": 39,
    "fg": null,
    "bg": null,
    "style": null
  },
  {
    "line": 2,
    "col": 47,
    "fg": null,
    "bg": "#0000ff",
    "style": [
      "faint"
    ]
  },
  {
    "line": 2,
    "col": 48,
    "fg": null,
    "bg": null,
    "style": null
  },
  {
    "line": 3,
    "col": 0,
    "fg": null,
    "bg": "#0000ff",
    "style": [
      "faint"
    ]
  },
  {
    "line": 3,
    "col": 1,
    "fg": null,
    "bg": null,
    "style": null
  },
  {
    "line": 3,
    "col": 3,
    "fg": null,
    "bg": null,
    "style": [
      "faint"
    ]
  },
  {
    "line": 3,
    "col": 10,
    "fg": null,
    "bg": null,
    "style": null
  },
  {
    "line": 3,
    "col": 47,
    "fg": null,
    "bg": "#0000ff",
    "style": [
      "faint"
    ]
  },
  {
    "line": 3,
    "col": 48,
    "fg": null,
    "bg": null,
    "style": null
  },
  {
    "line": 4,
    "col": 0,
    "fg": null,
    "bg": "#0000ff",
    "style": [
      "faint"
    ]
  },
  {
    "line": 4,
    "col": 1,
    "fg": null,
    "bg": null,
    "style": null
  },
  {
    "line": 4,
    "col": 47,
    "fg": null,
    "bg": "#0000ff",
    "style": [
      "faint"
    ]
  },
  {
    "line": 4,
    "col": 48,
    "fg": null,
    "bg": null,
    "style": null
  },
  {
    "line": 5,
    "col": 0,
    "fg": null,
    "bg": "#0000ff",
    "style": [
      "faint"
    ]
  },
  {
    "line": 5,
    "col": 1,
    "fg": null,
    "bg": null,
    "style": null
  },
  {
    "line": 5,
    "col": 1,
    "fg": null,
    "bg": "#0000ff",
    "style": [
      "faint"
    ]
  },
  {
    "line": 5,
    "col": 3,
    "fg": null,
    "bg": null,
    "style": null
  },
  {
    "line": 5,
    "col": 4,
    "fg": null,
    "bg": null,
    "style": [
      "bold",
      "faint"
    ]
  },
  {
    "line": 5,
    "col": 9,
    "fg": null,
    "bg": null,
    "style": null
  },
  {
    "line": 5,
    "col": 10,
    "fg": null,
    "bg": null,
    "style": [
      "bold",
      "faint"
    ]
  },
  {
    "line": 5,
    "col": 20,
    "fg": null,
    "bg": null,
    "style": null
  },
  {
    "line": 5,
    "col": 21,
    "fg": null,
    "bg": "#0000ff",
    "style": [
      "faint"
    ]
  },
  {
    "line": 5,
    "col": 23,
    "fg": null,
    "bg": null,
    "style": null
  },
  {
    "line": 5,
    "col": 24,
    "fg": null,
    "bg": "#0000ff",
    "style": [
      "faint"
    ]
  },
  {
    "line": 5,
    "col": 25,
    "fg": null,
    "bg": null,
    "style": null
  },
  {
    "line": 5,
    "col": 26,
    "fg": null,
    "bg": "#0000ff",
    "style": [
      "faint"
    ]
  },
  {
    "line": 5,
    "col": 34,
    "fg": null,
    "bg": null,
    "style": null
  },
  {
    "line": 5,
    "col": 35,
    "fg": null,
    "bg": "#0000ff",
    "style": [
      "faint"
    ]
  },
  {
    "line": 5,
    "col": 36,
    "fg": null,
    "bg": null,
    "style": null
  },
  {
    "line": 5,
    "col": 37,
    "fg": null,
    "bg": "#0000ff",
    "style": [
      "faint"
    ]
  },
  {
    "line": 5,
    "col": 40,
    "fg": null,
    "bg": null,
    "style": null
  },
  {
    "line": 5,
    "col": 41,
    "fg": null,
    "bg": "#0000ff",
    "style": [
      "faint"
    ]
  },
  {
    "line": 5,
    "col": 49,
    "fg": null,
    "bg": null,
    "style": null
  },
  {
    "line": 5,
    "col": 50,
    "fg": null,
    "bg": "#0000ff",
    "style": [
      "faint"
    ]
  },
  {
    "line": 5,
    "col": 52,
    "fg": null,
    "bg": null,
    "style": null
  },
  {
    "line": 5,
    "col": 52,
    "fg": null,
    "bg": "#0000ff",
    "style": [
      "faint"
    ]
  },
  {
    "line": 5,
    "col": 53,
    "fg": null,
    "bg": null,
    "style": null
  }
]