[
  [0,0,null,"#0000ff",["faint"]],
  [0,3,null,null,[]],
  [0,4,null,"#0000ff",["bold","faint"]],
  [0,59,null,null,[]],
  [0,60,null,"#0000ff",["faint"]],
  [0,64,null,null,[]],
  [1,0,null,"#0000ff",["faint"]],
  [1,1,null,null,[]],
  [1,47,null,"#0000ff",["faint"]],
  [1,48,null,null,[]],
  [2,0,null,"#0000ff",["faint"]],
  [2,1,null,null,[]],
  [2,3,null,null,["faint"]],
  [2,44,null,null,[]],
  [2,47,null,"#0000ff",["faint"]],
  [2,48,null,null,[]],
  [3,0,null,"#0000ff",["faint"]],
  [3,1,null,null,[]],
  [3,3,null,null,["faint"]],
  [3,36,null,null,[]],
  [3,47,null,"#0000ff",["faint"]],
  [3,48,null,null,[]],
  [4,0,null,"#0000ff",["faint"]],
  [4,1,null,null,[]],
  [4,47,null,"#0000ff",["faint"]],
  [4,48,null,null,[]],
  [5,0,null,"#0000ff",["faint"]],
  [5,1,null,"#0000ff",["faint"]],
  [5,3,null,null,[]],
  [5,4,null,null,["bold","faint"]],
  [5,9,null,null,[]],
  [5,10,null,null,["bold","faint"]],
  [5,17,null,null,[]],
  [5,18,null,"#0000ff",["faint"]],
  [5,31,null,null,[]],
  [5,32,null,"#0000ff",["faint"]],
  [5,35,null,null,[]],
  [5,36,null,"#0000ff",["faint"]],
  [5,44,null,null,[]],
  [5,45,null,"#0000ff",["faint"]],
  [5,47,null,"#0000ff",["faint"]],
  [5,48,null,null,[]]
]