╭── ⚠  Excluir permanentemente este segredo do cofre atual? ───╮
│                                      │
│  Esta ação não pode ser desfeita.    │
│  Todos os dados associados serão     │
│  removidos.                          │
│                                      │
╰── Enter Excluir ───── Esc Cancelar ──╯