[
  {
    "line": 0,
    "col": 0,
    "fg": null,
    "bg": "#0000ff",
    "style": [
      "faint"
    ]
  },
  {
    "line": 0,
    "col": 3,
    "fg": null,
    "bg": null,
    "style": null
  },
  {
    "line": 0,
    "col": 4,
    "fg": null,
    "bg": "#0000ff",
    "style": [
      "bold",
      "faint"
    ]
  },
  {
    "line": 0,
    "col": 14,
    "fg": null,
    "bg": null,
    "style": null
  },
  {
    "line": 0,
    "col": 15,
    "fg": null,
    "bg": "#0000ff",
    "style": [
      "faint"
    ]
  },
  {
    "line": 0,
    "col": 40,
    "fg": null,
    "bg": null,
    "style": null
  },
  {
    "line": 1,
    "col": 0,
    "fg": null,
    "bg": "#0000ff",
    "style": [
      "faint"
    ]
  },
  {
    "line": 1,
    "col": 1,
    "fg": null,
    "bg": null,
    "style": null
  },
  {
    "line": 1,
    "col": 39,
    "fg": null,
    "bg": "#0000ff",
    "style": [
      "faint"
    ]
  },
  {
    "line": 1,
    "col": 40,
    "fg": null,
    "bg": null,
    "style": null
  },
  {
    "line": 2,
    "col": 0,
    "fg": null,
    "bg": "#0000ff",
    "style": [
      "faint"
    ]
  },
  {
    "line": 2,
    "col": 1,
    "fg": null,
    "bg": null,
    "style": null
  },
  {
    "line": 2,
    "col": 3,
    "fg": null,
    "bg": null,
    "style": [
      "faint"
    ]
  },
  {
    "line": 2,
    "col": 37,
    "fg": null,
    "bg": null,
    "style": null
  },
  {
    "line": 2,
    "col": 39,
    "fg": null,
    "bg": "#0000ff",
    "style": [
      "faint"
    ]
  },
  {
    "line": 2,
    "col": 40,
    "fg": null,
    "bg": null,
    "style": null
  },
  {
    "line": 3,
    "col": 0,
    "fg": null,
    "bg": "#0000ff",
    "style": [
      "faint"
    ]
  },
  {
    "line": 3,
    "col": 1,
    "fg": null,
    "bg": null,
    "style": null
  },
  {
    "line": 3,
    "col": 39,
    "fg": null,
    "bg": "#0000ff",
    "style": [
      "faint"
    ]
  },
  {
    "line": 3,
    "col": 40,
    "fg": null,
    "bg": null,
    "style": null
  },
  {
    "line": 4,
    "col": 0,
    "fg": null,
    "bg": "#0000ff",
    "style": [
      "faint"
    ]
  },
  {
    "line": 4,
    "col": 1,
    "fg": null,
    "bg": null,
    "style": null
  },
  {
    "line": 4,
    "col": 1,
    "fg": null,
    "bg": "#0000ff",
    "style": [
      "faint"
    ]
  },
  {
    "line": 4,
    "col": 3,
    "fg": null,
    "bg": null,
    "style": null
  },
  {
    "line": 4,
    "col": 4,
    "fg": null,
    "bg": null,
    "style": [
      "bold",
      "faint"
    ]
  },
  {
    "line": 4,
    "col": 9,
    "fg": null,
    "bg": null,
    "style": null
  },
  {
    "line": 4,
    "col": 10,
    "fg": null,
    "bg": null,
    "style": [
      "bold",
      "faint"
    ]
  },
  {
    "line": 4,
    "col": 13,
    "fg": null,
    "bg": null,
    "style": null
  },
  {
    "line": 4,
    "col": 14,
    "fg": null,
    "bg": "#0000ff",
    "style": [
      "faint"
    ]
  },
  {
    "line": 4,
    "col": 16,
    "fg": null,
    "bg": null,
    "style": null
  },
  {
    "line": 4,
    "col": 17,
    "fg": null,
    "bg": "#0000ff",
    "style": [
      "faint"
    ]
  },
  {
    "line": 4,
    "col": 18,
    "fg": null,
    "bg": null,
    "style": null
  },
  {
    "line": 4,
    "col": 19,
    "fg": null,
    "bg": "#0000ff",
    "style": [
      "faint"
    ]
  },
  {
    "line": 4,
    "col": 22,
    "fg": null,
    "bg": null,
    "style": null
  },
  {
    "line": 4,
    "col": 23,
    "fg": null,
    "bg": "#0000ff",
    "style": [
      "faint"
    ]
  },
  {
    "line": 4,
    "col": 25,
    "fg": null,
    "bg": null,
    "style": null
  },
  {
    "line": 4,
    "col": 26,
    "fg": null,
    "bg": "#0000ff",
    "style": [
      "faint"
    ]
  },
  {
    "line": 4,
    "col": 29,
    "fg": null,
    "bg": null,
    "style": null
  },
  {
    "line": 4,
    "col": 30,
    "fg": null,
    "bg": "#0000ff",
    "style": [
      "faint"
    ]
  },
  {
    "line": 4,
    "col": 36,
    "fg": null,
    "bg": null,
    "style": null
  },
  {
    "line": 4,
    "col": 37,
    "fg": null,
    "bg": "#0000ff",
    "style": [
      "faint"
    ]
  },
  {
    "line": 4,
    "col": 39,
    "fg": null,
    "bg": null,
    "style": null
  },
  {
    "line": 4,
    "col": 39,
    "fg": null,
    "bg": "#0000ff",
    "style": [
      "faint"
    ]
  },
  {
    "line": 4,
    "col": 40,
    "fg": null,
    "bg": null,
    "style": null
  }
]