[
  [0,0,null,"#0000ff",["faint"]],
  [0,3,null,null,[]],
  [0,4,null,"#0000ff",["bold","faint"]],
  [0,20,null,null,[]],
  [0,21,null,"#0000ff",["faint"]],
  [0,48,null,null,[]],
  [1,0,null,"#0000ff",["faint"]],
  [1,1,null,null,[]],
  [1,47,null,"#0000ff",["faint"]],
  [1,48,null,null,[]],
  [2,0,null,"#0000ff",["faint"]],
  [2,1,null,null,[]],
  [2,3,null,null,["faint"]],
  [2,45,null,null,[]],
  [2,47,null,"#0000ff",["faint"]],
  [2,48,null,null,[]],
  [3,0,null,"#0000ff",["faint"]],
  [3,1,null,null,[]],
  [3,3,null,null,["faint"]],
  [3,26,null,null,[]],
  [3,47,null,"#0000ff",["faint"]],
  [3,48,null,null,[]],
  [4,0,null,"#0000ff",["faint"]],
  [4,1,null,null,[]],
  [4,47,null,"#0000ff",["faint"]],
  [4,48,null,null,[]],
  [5,0,null,"#0000ff",["faint"]],
  [5,1,null,"#0000ff",["faint"]],
  [5,3,null,null,[]],
  [5,4,null,null,["bold","faint"]],
  [5,9,null,null,[]],
  [5,10,null,null,["bold","faint"]],
  [5,13,null,null,[]],
  [5,14,null,"#0000ff",["faint"]],
  [5,36,null,null,[]],
  [5,37,null,"#0000ff",["faint"]],
  [5,40,null,null,[]],
  [5,41,null,"#0000ff",["faint"]],
  [5,44,null,null,[]],
  [5,45,null,"#0000ff",["faint"]],
  [5,47,null,"#0000ff",["faint"]],
  [5,48,null,null,[]]
]