[
  [
    0,
    0,
    null,
    null,
    [
      "faint"
    ]
  ],
  [
    0,
    3,
    null,
    null,
    []
  ],
  [
    0,
    4,
    null,
    null,
    [
      "bold",
      "faint"
    ]
  ],
  [
    0,
    11,
    null,
    null,
    []
  ],
  [
    0,
    12,
    null,
    null,
    [
      "faint"
    ]
  ],
  [
    0,
    40,
    null,
    null,
    []
  ],
  [
    1,
    0,
    null,
    null,
    [
      "faint"
    ]
  ],
  [
    1,
    1,
    null,
    null,
    []
  ],
  [
    1,
    39,
    null,
    null,
    [
      "faint"
    ]
  ],
  [
    1,
    40,
    null,
    null,
    []
  ],
  [
    2,
    0,
    null,
    null,
    [
      "faint"
    ]
  ],
  [
    2,
    1,
    null,
    null,
    []
  ],
  [
    2,
    3,
    null,
    null,
    [
      "faint"
    ]
  ],
  [
    2,
    33,
    null,
    null,
    []
  ],
  [
    2,
    39,
    null,
    null,
    [
      "faint"
    ]
  ],
  [
    2,
    40,
    null,
    null,
    []
  ],
  [
    3,
    0,
    null,
    null,
    [
      "faint"
    ]
  ],
  [
    3,
    1,
    null,
    null,
    []
  ],
  [
    3,
    3,
    null,
    null,
    [
      "faint"
    ]
  ],
  [
    3,
    14,
    null,
    null,
    []
  ],
  [
    3,
    39,
    null,
    null,
    [
      "faint"
    ]
  ],
  [
    3,
    40,
    null,
    null,
    []
  ],
  [
    4,
    0,
    null,
    null,
    [
      "faint"
    ]
  ],
  [
    4,
    1,
    null,
    null,
    []
  ],
  [
    4,
    39,
    null,
    null,
    [
      "faint"
    ]
  ],
  [
    4,
    40,
    null,
    null,
    []
  ],
  [
    5,
    0,
    null,
    null,
    [
      "faint"
    ]
  ],
  [
    5,
    1,
    null,
    null,
    [
      "faint"
    ]
  ],
  [
    5,
    22,
    null,
    null,
    []
  ],
  [
    5,
    23,
    null,
    null,
    [
      "bold",
      "faint"
    ]
  ],
  [
    5,
    28,
    null,
    null,
    []
  ],
  [
    5,
    29,
    null,
    null,
    [
      "bold",
      "faint"
    ]
  ],
  [
    5,
    36,
    null,
    null,
    []
  ],
  [
    5,
    37,
    null,
    null,
    [
      "faint"
    ]
  ],
  [
    5,
    39,
    null,
    null,
    [
      "faint"
    ]
  ],
  [
    5,
    40,
    null,
    null,
    []
  ]
]