[
  [0,0,null,null,["faint"]],
  [0,3,null,null,[]],
  [0,4,null,null,["bold","faint"]],
  [0,23,null,null,[]],
  [0,24,null,null,["faint"]],
  [0,40,null,null,[]],
  [1,0,null,null,["faint"]],
  [1,1,null,null,[]],
  [1,39,null,null,["faint"]],
  [1,40,null,null,[]],
  [2,0,null,null,["faint"]],
  [2,1,null,null,[]],
  [2,3,null,null,["faint"]],
  [2,36,null,null,[]],
  [2,39,null,null,["faint"]],
  [2,40,null,null,[]],
  [3,0,null,null,["faint"]],
  [3,1,null,null,[]],
  [3,3,null,null,["faint"]],
  [3,20,null,null,[]],
  [3,39,null,null,["faint"]],
  [3,40,null,null,[]],
  [4,0,null,null,["faint"]],
  [4,1,null,null,[]],
  [4,39,null,null,["faint"]],
  [4,40,null,null,[]],
  [5,0,null,null,["faint"]],
  [5,1,null,null,["faint"]],
  [5,3,null,null,[]],
  [5,4,null,null,["bold","faint"]],
  [5,9,null,null,[]],
  [5,10,null,null,["bold","faint"]],
  [5,19,null,null,[]],
  [5,20,null,null,["faint"]],
  [5,22,null,null,[]],
  [5,23,null,null,["faint"]],
  [5,24,null,null,[]],
  [5,25,null,null,["faint"]],
  [5,37,null,null,[]],
  [5,38,null,null,["faint"]],
  [5,39,null,null,[]],
  [5,40,null,null,["faint"]],
  [5,43,null,null,[]],
  [5,44,null,null,["faint"]],
  [5,52,null,null,[]],
  [5,53,null,null,["faint"]],
  [5,55,null,null,["faint"]],
  [5,56,null,null,[]]
]