[
  [0,0,null,null,["faint"]],
  [0,3,null,null,[]],
  [0,4,null,null,["bold","faint"]],
  [0,59,null,null,[]],
  [0,60,null,null,["faint"]],
  [0,64,null,null,[]],
  [1,0,null,null,["faint"]],
  [1,1,null,null,[]],
  [1,39,null,null,["faint"]],
  [1,40,null,null,[]],
  [2,0,null,null,["faint"]],
  [2,1,null,null,[]],
  [2,3,null,null,["faint"]],
  [2,33,null,null,[]],
  [2,39,null,null,["faint"]],
  [2,40,null,null,[]],
  [3,0,null,null,["faint"]],
  [3,1,null,null,[]],
  [3,3,null,null,["faint"]],
  [3,37,null,null,[]],
  [3,39,null,null,["faint"]],
  [3,40,null,null,[]],
  [4,0,null,null,["faint"]],
  [4,1,null,null,[]],
  [4,3,null,null,["faint"]],
  [4,29,null,null,[]],
  [4,39,null,null,["faint"]],
  [4,40,null,null,[]],
  [5,0,null,null,["faint"]],
  [5,1,null,null,[]],
  [5,39,null,null,["faint"]],
  [5,40,null,null,[]],
  [6,0,null,null,["faint"]],
  [6,1,null,null,["faint"]],
  [6,27,null,null,[]],
  [6,28,null,null,["bold","faint"]],
  [6,33,null,null,[]],
  [6,34,null,null,["bold","faint"]],
  [6,36,null,null,[]],
  [6,37,null,null,["faint"]],
  [6,39,null,null,["faint"]],
  [6,40,null,null,[]]
]