[
  [
    0,
    0,
    null,
    "#0000ff",
    [
      "faint"
    ]
  ],
  [
    0,
    3,
    null,
    null,
    []
  ],
  [
    0,
    4,
    null,
    "#0000ff",
    [
      "bold",
      "faint"
    ]
  ],
  [
    0,
    14,
    null,
    null,
    []
  ],
  [
    0,
    15,
    null,
    "#0000ff",
    [
      "faint"
    ]
  ],
  [
    0,
    40,
    null,
    null,
    []
  ],
  [
    1,
    0,
    null,
    "#0000ff",
    [
      "faint"
    ]
  ],
  [
    1,
    1,
    null,
    null,
    []
  ],
  [
    1,
    39,
    null,
    "#0000ff",
    [
      "faint"
    ]
  ],
  [
    1,
    40,
    null,
    null,
    []
  ],
  [
    2,
    0,
    null,
    "#0000ff",
    [
      "faint"
    ]
  ],
  [
    2,
    1,
    null,
    null,
    []
  ],
  [
    2,
    3,
    null,
    null,
    [
      "faint"
    ]
  ],
  [
    2,
    37,
    null,
    null,
    []
  ],
  [
    2,
    39,
    null,
    "#0000ff",
    [
      "faint"
    ]
  ],
  [
    2,
    40,
    null,
    null,
    []
  ],
  [
    3,
    0,
    null,
    "#0000ff",
    [
      "faint"
    ]
  ],
  [
    3,
    1,
    null,
    null,
    []
  ],
  [
    3,
    39,
    null,
    "#0000ff",
    [
      "faint"
    ]
  ],
  [
    3,
    40,
    null,
    null,
    []
  ],
  [
    4,
    0,
    null,
    "#0000ff",
    [
      "faint"
    ]
  ],
  [
    4,
    1,
    null,
    "#0000ff",
    [
      "faint"
    ]
  ],
  [
    4,
    3,
    null,
    null,
    []
  ],
  [
    4,
    4,
    null,
    null,
    [
      "bold",
      "faint"
    ]
  ],
  [
    4,
    9,
    null,
    null,
    []
  ],
  [
    4,
    10,
    null,
    null,
    [
      "bold",
      "faint"
    ]
  ],
  [
    4,
    13,
    null,
    null,
    []
  ],
  [
    4,
    14,
    null,
    "#0000ff",
    [
      "faint"
    ]
  ],
  [
    4,
    16,
    null,
    null,
    []
  ],
  [
    4,
    17,
    null,
    "#0000ff",
    [
      "faint"
    ]
  ],
  [
    4,
    18,
    null,
    null,
    []
  ],
  [
    4,
    19,
    null,
    "#0000ff",
    [
      "faint"
    ]
  ],
  [
    4,
    22,
    null,
    null,
    []
  ],
  [
    4,
    23,
    null,
    "#0000ff",
    [
      "faint"
    ]
  ],
  [
    4,
    25,
    null,
    null,
    []
  ],
  [
    4,
    26,
    null,
    "#0000ff",
    [
      "faint"
    ]
  ],
  [
    4,
    29,
    null,
    null,
    []
  ],
  [
    4,
    30,
    null,
    "#0000ff",
    [
      "faint"
    ]
  ],
  [
    4,
    36,
    null,
    null,
    []
  ],
  [
    4,
    37,
    null,
    "#0000ff",
    [
      "faint"
    ]
  ],
  [
    4,
    39,
    null,
    "#0000ff",
    [
      "faint"
    ]
  ],
  [
    4,
    40,
    null,
    null,
    []
  ]
]