╭── ℹ  Segredo copiado para a área de transferência com sucesso ───╮
│                                      │
│  O conteúdo será limpo               │
│  automaticamente em 30 segundos por  │
│  segurança.                          │
│                                      │
╰── Enter Copiar ──────── Esc Fechar ──╯