[
  [0,0,null,"#0000ff",["faint"]],
  [0,3,null,null,[]],
  [0,4,null,"#0000ff",["bold","faint"]],
  [0,55,null,null,[]],
  [0,56,null,"#0000ff",["faint"]],
  [0,60,null,null,[]],
  [1,0,null,"#0000ff",["faint"]],
  [1,1,null,null,[]],
  [1,59,null,"#0000ff",["faint"]],
  [1,60,null,null,[]],
  [2,0,null,"#0000ff",["faint"]],
  [2,1,null,null,[]],
  [2,3,null,null,["faint"]],
  [2,47,null,null,[]],
  [2,59,null,"#0000ff",["faint"]],
  [2,60,null,null,[]],
  [3,0,null,"#0000ff",["faint"]],
  [3,1,null,null,[]],
  [3,59,null,"#0000ff",["faint"]],
  [3,60,null,null,[]],
  [4,0,null,"#0000ff",["faint"]],
  [4,1,null,"#0000ff",["faint"]],
  [4,3,null,null,[]],
  [4,4,null,null,["bold","faint"]],
  [4,9,null,null,[]],
  [4,10,null,null,["bold","faint"]],
  [4,20,null,null,[]],
  [4,21,null,"#0000ff",["faint"]],
  [4,23,null,null,[]],
  [4,24,null,"#0000ff",["faint"]],
  [4,25,null,null,[]],
  [4,26,null,"#0000ff",["faint"]],
  [4,34,null,null,[]],
  [4,35,null,"#0000ff",["faint"]],
  [4,43,null,null,[]],
  [4,44,null,"#0000ff",["faint"]],
  [4,47,null,null,[]],
  [4,48,null,"#0000ff",["faint"]],
  [4,56,null,null,[]],
  [4,57,null,"#0000ff",["faint"]],
  [4,59,null,"#0000ff",["faint"]],
  [4,60,null,null,[]]
]