[
  [
    0,
    0,
    null,
    "#0000ff",
    [
      "faint"
    ]
  ],
  [
    0,
    3,
    null,
    null,
    []
  ],
  [
    0,
    4,
    null,
    "#0000ff",
    [
      "bold",
      "faint"
    ]
  ],
  [
    0,
    55,
    null,
    null,
    []
  ],
  [
    0,
    56,
    null,
    "#0000ff",
    [
      "faint"
    ]
  ],
  [
    0,
    60,
    null,
    null,
    []
  ],
  [
    1,
    0,
    null,
    "#0000ff",
    [
      "faint"
    ]
  ],
  [
    1,
    1,
    null,
    null,
    []
  ],
  [
    1,
    39,
    null,
    "#0000ff",
    [
      "faint"
    ]
  ],
  [
    1,
    40,
    null,
    null,
    []
  ],
  [
    2,
    0,
    null,
    "#0000ff",
    [
      "faint"
    ]
  ],
  [
    2,
    1,
    null,
    null,
    []
  ],
  [
    2,
    3,
    null,
    null,
    [
      "faint"
    ]
  ],
  [
    2,
    36,
    null,
    null,
    []
  ],
  [
    2,
    39,
    null,
    "#0000ff",
    [
      "faint"
    ]
  ],
  [
    2,
    40,
    null,
    null,
    []
  ],
  [
    3,
    0,
    null,
    "#0000ff",
    [
      "faint"
    ]
  ],
  [
    3,
    1,
    null,
    null,
    []
  ],
  [
    3,
    3,
    null,
    null,
    [
      "faint"
    ]
  ],
  [
    3,
    13,
    null,
    null,
    []
  ],
  [
    3,
    39,
    null,
    "#0000ff",
    [
      "faint"
    ]
  ],
  [
    3,
    40,
    null,
    null,
    []
  ],
  [
    4,
    0,
    null,
    "#0000ff",
    [
      "faint"
    ]
  ],
  [
    4,
    1,
    null,
    null,
    []
  ],
  [
    4,
    39,
    null,
    "#0000ff",
    [
      "faint"
    ]
  ],
  [
    4,
    40,
    null,
    null,
    []
  ],
  [
    5,
    0,
    null,
    "#0000ff",
    [
      "faint"
    ]
  ],
  [
    5,
    1,
    null,
    "#0000ff",
    [
      "faint"
    ]
  ],
  [
    5,
    3,
    null,
    null,
    []
  ],
  [
    5,
    4,
    null,
    null,
    [
      "bold",
      "faint"
    ]
  ],
  [
    5,
    9,
    null,
    null,
    []
  ],
  [
    5,
    10,
    null,
    null,
    [
      "bold",
      "faint"
    ]
  ],
  [
    5,
    20,
    null,
    null,
    []
  ],
  [
    5,
    21,
    null,
    "#0000ff",
    [
      "faint"
    ]
  ],
  [
    5,
    23,
    null,
    null,
    []
  ],
  [
    5,
    24,
    null,
    "#0000ff",
    [
      "faint"
    ]
  ],
  [
    5,
    25,
    null,
    null,
    []
  ],
  [
    5,
    26,
    null,
    "#0000ff",
    [
      "faint"
    ]
  ],
  [
    5,
    34,
    null,
    null,
    []
  ],
  [
    5,
    35,
    null,
    "#0000ff",
    [
      "faint"
    ]
  ],
  [
    5,
    36,
    null,
    null,
    []
  ],
  [
    5,
    37,
    null,
    "#0000ff",
    [
      "faint"
    ]
  ],
  [
    5,
    40,
    null,
    null,
    []
  ],
  [
    5,
    41,
    null,
    "#0000ff",
    [
      "faint"
    ]
  ],
  [
    5,
    49,
    null,
    null,
    []
  ],
  [
    5,
    50,
    null,
    "#0000ff",
    [
      "faint"
    ]
  ],
  [
    5,
    52,
    null,
    "#0000ff",
    [
      "faint"
    ]
  ],
  [
    5,
    53,
    null,
    null,
    []
  ]
]