[
  [
    0,
    0,
    null,
    null,
    [
      "faint"
    ]
  ],
  [
    0,
    3,
    null,
    null,
    []
  ],
  [
    0,
    4,
    null,
    null,
    [
      "bold",
      "faint"
    ]
  ],
  [
    0,
    63,
    null,
    null,
    []
  ],
  [
    0,
    64,
    null,
    null,
    [
      "faint"
    ]
  ],
  [
    0,
    68,
    null,
    null,
    []
  ],
  [
    1,
    0,
    null,
    null,
    [
      "faint"
    ]
  ],
  [
    1,
    1,
    null,
    null,
    []
  ],
  [
    1,
    39,
    null,
    null,
    [
      "faint"
    ]
  ],
  [
    1,
    40,
    null,
    null,
    []
  ],
  [
    2,
    0,
    null,
    null,
    [
      "faint"
    ]
  ],
  [
    2,
    1,
    null,
    null,
    []
  ],
  [
    2,
    3,
    null,
    null,
    [
      "faint"
    ]
  ],
  [
    2,
    24,
    null,
    null,
    []
  ],
  [
    2,
    39,
    null,
    null,
    [
      "faint"
    ]
  ],
  [
    2,
    40,
    null,
    null,
    []
  ],
  [
    3,
    0,
    null,
    null,
    [
      "faint"
    ]
  ],
  [
    3,
    1,
    null,
    null,
    []
  ],
  [
    3,
    3,
    null,
    null,
    [
      "faint"
    ]
  ],
  [
    3,
    37,
    null,
    null,
    []
  ],
  [
    3,
    39,
    null,
    null,
    [
      "faint"
    ]
  ],
  [
    3,
    40,
    null,
    null,
    []
  ],
  [
    4,
    0,
    null,
    null,
    [
      "faint"
    ]
  ],
  [
    4,
    1,
    null,
    null,
    []
  ],
  [
    4,
    3,
    null,
    null,
    [
      "faint"
    ]
  ],
  [
    4,
    13,
    null,
    null,
    []
  ],
  [
    4,
    39,
    null,
    null,
    [
      "faint"
    ]
  ],
  [
    4,
    40,
    null,
    null,
    []
  ],
  [
    5,
    0,
    null,
    null,
    [
      "faint"
    ]
  ],
  [
    5,
    1,
    null,
    null,
    []
  ],
  [
    5,
    39,
    null,
    null,
    [
      "faint"
    ]
  ],
  [
    5,
    40,
    null,
    null,
    []
  ],
  [
    6,
    0,
    null,
    null,
    [
      "faint"
    ]
  ],
  [
    6,
    1,
    null,
    null,
    [
      "faint"
    ]
  ],
  [
    6,
    3,
    null,
    null,
    []
  ],
  [
    6,
    4,
    null,
    null,
    [
      "bold",
      "faint"
    ]
  ],
  [
    6,
    9,
    null,
    null,
    []
  ],
  [
    6,
    10,
    null,
    null,
    [
      "bold",
      "faint"
    ]
  ],
  [
    6,
    16,
    null,
    null,
    []
  ],
  [
    6,
    17,
    null,
    null,
    [
      "faint"
    ]
  ],
  [
    6,
    25,
    null,
    null,
    []
  ],
  [
    6,
    26,
    null,
    null,
    [
      "faint"
    ]
  ],
  [
    6,
    29,
    null,
    null,
    []
  ],
  [
    6,
    30,
    null,
    null,
    [
      "faint"
    ]
  ],
  [
    6,
    36,
    null,
    null,
    []
  ],
  [
    6,
    37,
    null,
    null,
    [
      "faint"
    ]
  ],
  [
    6,
    39,
    null,
    null,
    [
      "faint"
    ]
  ],
  [
    6,
    40,
    null,
    null,
    []
  ]
]