╭── ✕  Cofre corrompido ───────────────────────╮
│                                              │
│  O arquivo está corrompido. Deseja tentar    │
│  recuperar?                                  │
│                                              │
╰── Enter Recuperar ── A Abrir backup ─ Esc Cancelar ──╯