╭── ✕  Erro crítico ao acessar o cofre — arquivo danificado ───╮
│                                      │
│  Não foi possível decodificar o      │
│  arquivo. Verifique se o disco está  │
│  íntegro e tente novamente.          │
│                                      │
╰────────────────────────── Enter OK ──╯