[
  [0,0,null,"#0000ff",["faint"]],
  [0,3,null,null,[]],
  [0,4,null,"#0000ff",["bold","faint"]],
  [0,22,null,null,[]],
  [0,23,null,"#0000ff",["faint"]],
  [0,48,null,null,[]],
  [1,0,null,"#0000ff",["faint"]],
  [1,1,null,null,[]],
  [1,47,null,"#0000ff",["faint"]],
  [1,48,null,null,[]],
  [2,0,null,"#0000ff",["faint"]],
  [2,1,null,null,[]],
  [2,3,null,null,["faint"]],
  [2,39,null,null,[]],
  [2,47,null,"#0000ff",["faint"]],
  [2,48,null,null,[]],
  [3,0,null,"#0000ff",["faint"]],
  [3,1,null,null,[]],
  [3,47,null,"#0000ff",["faint"]],
  [3,48,null,null,[]],
  [4,0,null,"#0000ff",["faint"]],
  [4,1,null,"#0000ff",["faint"]],
  [4,30,null,null,[]],
  [4,31,null,null,["bold","faint"]],
  [4,36,null,null,[]],
  [4,37,null,null,["bold","faint"]],
  [4,44,null,null,[]],
  [4,45,null,"#0000ff",["faint"]],
  [4,47,null,"#0000ff",["faint"]],
  [4,48,null,null,[]]
]