╭──  Abrir cofre  ─────────────────────────╮
│Caminho: /golden/stub/path                    │
├─── Estrutura ────┬──────── Arquivos ─────────┤
│▷   pasta01       │                           │
│▷   pasta02       │                           │
│▷   pasta03       │                           │
│▷   pasta04       │                           │
│▷   pasta05       │                           │
│▷   pasta06       │                           │
│▷   pasta07       │                           │
│                  │Nenhum cofre neste diretório│
│                  │                           │
│                  │                           │
│                  │                           │
│                  │                           │
│                  │                           │
│                  │                           │
│                  │                           │
╰──  Enter Abrir ──────────────┴ Esc Cancelar  ──╯