  Estrutura                            │ Arquivos
  Folder0                              │→ vault0                     0B  now
  Folder1                              │  vault1                     0B  now
  Folder2                              │  vault2                     0B  now
                                       │  vault3                     0B  now
                                       │  vault4                     0B  now
                                       │
                                       │
                                       │
                                       │
                                       │
                                       │
                                       │
                                       │
                                       │
                                       │
                                       │
                                       │
                                       │
                                       │
                                       │
                                       │
                                       │
                                       │