╭──  Salvar cofre  ────────────────────────╮
│ /golden/stub/path                            │
├─── Estrutura ────┬──────── Arquivos ─────────┤
│  001             │● alp…   25.0 MB  15/03/25 14:32│
│                  │● beta    1.2 MB  01/02/25 09:15│
│                  │● gam…     512 B  20/01/25 16:00│
│                  │                           │
│                  │                           │
│                  │                           │
│                  │                           │
│                  │                           │
│                  │                           │
│                  │                           │
│                  │                           │
│                  │                           │
├──────────────────┴───────────────────────────┤
│ Arquivo: meu-cofre▌                          │
╰──  Enter Salvar ────────────── Esc Cancelar  ──╯