╭──  Abrir cofre  ─────────────────────────╮
│ /golden/stub/path                            │
├─── Estrutura ────┬──────── Arquivos ─────────┤
│  001             │● vau…  300.0 KB  15/01/25 10:00│
│                  │● vau…  400.0 KB  15/01/25 10:00│
│                  │● vau…  500.0 KB  15/01/25 10:00│
│                  │● vau…  600.0 KB  15/01/25 10:00│
│                  │● vau…  700.0 KB  15/01/25 10:00│
│                  │● vau…  800.0 KB  15/01/25 10:00│
│                  │● vau…  900.0 KB  15/01/25 10:00│
│                  │● vau…  1000.0 KB  15/01/25 10:00│
│                  │                           │
│                  │                           │
│                  │                           │
│                  │                           │
│                  │                           │
│                  │                           │
│                  │                           │
╰──  Enter Abrir ──────────────┴ Esc Cancelar  ──╯