╭── Ajuda — Atalhos e Ações ─╮
│                   │
│    f2  Novo     
cofre            │
│    f3  Abrir    
cofre            │
│    f4  Salvar   
cofre            │
│                   │
│                   │
│                   │
│                   │
│                   │
│                   │
╰────── Esc Fechar ─╯