[
  {
    "line": 0,
    "col": 0,
    "fg": null,
    "bg": "#0000ff",
    "style": [
      "faint"
    ]
  },
  {
    "line": 0,
    "col": 4,
    "fg": null,
    "bg": null,
    "style": null
  },
  {
    "line": 0,
    "col": 4,
    "fg": null,
    "bg": null,
    "style": [
      "bold",
      "faint"
    ]
  },
  {
    "line": 0,
    "col": 27,
    "fg": null,
    "bg": null,
    "style": null
  },
  {
    "line": 0,
    "col": 27,
    "fg": null,
    "bg": "#0000ff",
    "style": [
      "faint"
    ]
  },
  {
    "line": 0,
    "col": 30,
    "fg": null,
    "bg": null,
    "style": null
  },
  {
    "line": 1,
    "col": 0,
    "fg": null,
    "bg": "#0000ff",
    "style": [
      "faint"
    ]
  },
  {
    "line": 1,
    "col": 1,
    "fg": null,
    "bg": null,
    "style": null
  },
  {
    "line": 1,
    "col": 20,
    "fg": null,
    "bg": "#0000ff",
    "style": [
      "faint"
    ]
  },
  {
    "line": 1,
    "col": 21,
    "fg": null,
    "bg": null,
    "style": null
  },
  {
    "line": 2,
    "col": 0,
    "fg": null,
    "bg": "#0000ff",
    "style": [
      "faint"
    ]
  },
  {
    "line": 2,
    "col": 1,
    "fg": null,
    "bg": null,
    "style": null
  },
  {
    "line": 2,
    "col": 3,
    "fg": "#000000",
    "bg": null,
    "style": [
      "bold",
      "faint"
    ]
  },
  {
    "line": 2,
    "col": 10,
    "fg": null,
    "bg": null,
    "style": null
  },
  {
    "line": 2,
    "col": 20,
    "fg": "#000000",
    "bg": null,
    "style": [
      "faint"
    ]
  },
  {
    "line": 2,
    "col": 21,
    "fg": null,
    "bg": null,
    "style": null
  },
  {
    "line": 3,
    "col": 0,
    "fg": null,
    "bg": "#0000ff",
    "style": [
      "faint"
    ]
  },
  {
    "line": 3,
    "col": 1,
    "fg": null,
    "bg": null,
    "style": null
  },
  {
    "line": 3,
    "col": 5,
    "fg": null,
    "bg": null,
    "style": [
      "faint"
    ]
  },
  {
    "line": 3,
    "col": 7,
    "fg": null,
    "bg": null,
    "style": null
  },
  {
    "line": 4,
    "col": 17,
    "fg": null,
    "bg": "#0000ff",
    "style": [
      "faint"
    ]
  },
  {
    "line": 4,
    "col": 18,
    "fg": null,
    "bg": null,
    "style": null
  },
  {
    "line": 5,
    "col": 0,
    "fg": null,
    "bg": "#0000ff",
    "style": [
      "faint"
    ]
  },
  {
    "line": 5,
    "col": 1,
    "fg": null,
    "bg": null,
    "style": null
  },
  {
    "line": 5,
    "col": 5,
    "fg": null,
    "bg": null,
    "style": [
      "faint"
    ]
  },
  {
    "line": 5,
    "col": 7,
    "fg": null,
    "bg": null,
    "style": null
  },
  {
    "line": 6,
    "col": 17,
    "fg": null,
    "bg": "#0000ff",
    "style": [
      "faint"
    ]
  },
  {
    "line": 6,
    "col": 18,
    "fg": null,
    "bg": null,
    "style": null
  },
  {
    "line": 7,
    "col": 0,
    "fg": null,
    "bg": "#0000ff",
    "style": [
      "faint"
    ]
  },
  {
    "line": 7,
    "col": 1,
    "fg": null,
    "bg": null,
    "style": null
  },
  {
    "line": 7,
    "col": 5,
    "fg": null,
    "bg": null,
    "style": [
      "faint"
    ]
  },
  {
    "line": 7,
    "col": 7,
    "fg": null,
    "bg": null,
    "style": null
  },
  {
    "line": 8,
    "col": 17,
    "fg": null,
    "bg": "#0000ff",
    "style": [
      "faint"
    ]
  },
  {
    "line": 8,
    "col": 18,
    "fg": null,
    "bg": null,
    "style": null
  },
  {
    "line": 9,
    "col": 0,
    "fg": null,
    "bg": "#0000ff",
    "style": [
      "faint"
    ]
  },
  {
    "line": 9,
    "col": 1,
    "fg": null,
    "bg": null,
    "style": null
  },
  {
    "line": 9,
    "col": 5,
    "fg": null,
    "bg": null,
    "style": [
      "faint"
    ]
  },
  {
    "line": 9,
    "col": 7,
    "fg": null,
    "bg": null,
    "style": null
  },
  {
    "line": 10,
    "col": 17,
    "fg": null,
    "bg": "#0000ff",
    "style": [
      "faint"
    ]
  },
  {
    "line": 10,
    "col": 18,
    "fg": null,
    "bg": null,
    "style": null
  },
  {
    "line": 11,
    "col": 0,
    "fg": null,
    "bg": "#0000ff",
    "style": [
      "faint"
    ]
  },
  {
    "line": 11,
    "col": 1,
    "fg": null,
    "bg": null,
    "style": null
  },
  {
    "line": 11,
    "col": 5,
    "fg": null,
    "bg": null,
    "style": [
      "faint"
    ]
  },
  {
    "line": 11,
    "col": 7,
    "fg": null,
    "bg": null,
    "style": null
  },
  {
    "line": 12,
    "col": 17,
    "fg": null,
    "bg": "#0000ff",
    "style": [
      "faint"
    ]
  },
  {
    "line": 12,
    "col": 18,
    "fg": null,
    "bg": null,
    "style": null
  },
  {
    "line": 13,
    "col": 0,
    "fg": null,
    "bg": "#0000ff",
    "style": [
      "faint"
    ]
  },
  {
    "line": 13,
    "col": 1,
    "fg": null,
    "bg": null,
    "style": null
  },
  {
    "line": 13,
    "col": 3,
    "fg": "#000000",
    "bg": null,
    "style": [
      "bold",
      "faint"
    ]
  },
  {
    "line": 13,
    "col": 9,
    "fg": null,
    "bg": null,
    "style": null
  },
  {
    "line": 13,
    "col": 20,
    "fg": null,
    "bg": "#0000ff",
    "style": [
      "faint"
    ]
  },
  {
    "line": 13,
    "col": 21,
    "fg": null,
    "bg": null,
    "style": null
  },
  {
    "line": 14,
    "col": 0,
    "fg": null,
    "bg": "#0000ff",
    "style": [
      "faint"
    ]
  },
  {
    "line": 14,
    "col": 1,
    "fg": null,
    "bg": null,
    "style": null
  },
  {
    "line": 14,
    "col": 5,
    "fg": null,
    "bg": null,
    "style": [
      "faint"
    ]
  },
  {
    "line": 14,
    "col": 11,
    "fg": null,
    "bg": null,
    "style": null
  },
  {
    "line": 15,
    "col": 17,
    "fg": null,
    "bg": "#0000ff",
    "style": [
      "faint"
    ]
  },
  {
    "line": 15,
    "col": 18,
    "fg": null,
    "bg": null,
    "style": null
  },
  {
    "line": 16,
    "col": 0,
    "fg": null,
    "bg": "#0000ff",
    "style": [
      "faint"
    ]
  },
  {
    "line": 16,
    "col": 1,
    "fg": null,
    "bg": null,
    "style": null
  },
  {
    "line": 16,
    "col": 5,
    "fg": null,
    "bg": null,
    "style": [
      "faint"
    ]
  },
  {
    "line": 16,
    "col": 11,
    "fg": null,
    "bg": null,
    "style": null
  },
  {
    "line": 18,
    "col": 17,
    "fg": null,
    "bg": "#0000ff",
    "style": [
      "faint"
    ]
  },
  {
    "line": 18,
    "col": 18,
    "fg": null,
    "bg": null,
    "style": null
  },
  {
    "line": 19,
    "col": 0,
    "fg": null,
    "bg": "#0000ff",
    "style": [
      "faint"
    ]
  },
  {
    "line": 19,
    "col": 1,
    "fg": null,
    "bg": null,
    "style": null
  },
  {
    "line": 19,
    "col": 5,
    "fg": null,
    "bg": null,
    "style": [
      "faint"
    ]
  },
  {
    "line": 19,
    "col": 11,
    "fg": null,
    "bg": null,
    "style": null
  },
  {
    "line": 20,
    "col": 17,
    "fg": null,
    "bg": "#0000ff",
    "style": [
      "faint"
    ]
  },
  {
    "line": 20,
    "col": 18,
    "fg": null,
    "bg": null,
    "style": null
  },
  {
    "line": 21,
    "col": 0,
    "fg": null,
    "bg": "#0000ff",
    "style": [
      "faint"
    ]
  },
  {
    "line": 21,
    "col": 1,
    "fg": null,
    "bg": null,
    "style": null
  },
  {
    "line": 21,
    "col": 5,
    "fg": null,
    "bg": null,
    "style": [
      "faint"
    ]
  },
  {
    "line": 21,
    "col": 11,
    "fg": null,
    "bg": null,
    "style": null
  },
  {
    "line": 22,
    "col": 17,
    "fg": null,
    "bg": "#0000ff",
    "style": [
      "faint"
    ]
  },
  {
    "line": 22,
    "col": 18,
    "fg": null,
    "bg": null,
    "style": null
  },
  {
    "line": 23,
    "col": 0,
    "fg": null,
    "bg": "#0000ff",
    "style": [
      "faint"
    ]
  },
  {
    "line": 23,
    "col": 1,
    "fg": null,
    "bg": null,
    "style": null
  },
  {
    "line": 23,
    "col": 5,
    "fg": null,
    "bg": null,
    "style": [
      "faint"
    ]
  },
  {
    "line": 23,
    "col": 8,
    "fg": null,
    "bg": null,
    "style": null
  },
  {
    "line": 24,
    "col": 17,
    "fg": "#000000",
    "bg": null,
    "style": [
      "faint"
    ]
  },
  {
    "line": 24,
    "col": 18,
    "fg": null,
    "bg": null,
    "style": null
  },
  {
    "line": 25,
    "col": 0,
    "fg": null,
    "bg": "#0000ff",
    "style": [
      "faint"
    ]
  },
  {
    "line": 25,
    "col": 1,
    "fg": null,
    "bg": null,
    "style": null
  },
  {
    "line": 25,
    "col": 20,
    "fg": null,
    "bg": "#0000ff",
    "style": [
      "faint"
    ]
  },
  {
    "line": 25,
    "col": 21,
    "fg": null,
    "bg": null,
    "style": null
  },
  {
    "line": 26,
    "col": 0,
    "fg": null,
    "bg": "#0000ff",
    "style": [
      "faint"
    ]
  },
  {
    "line": 26,
    "col": 1,
    "fg": null,
    "bg": null,
    "style": null
  },
  {
    "line": 26,
    "col": 1,
    "fg": null,
    "bg": "#0000ff",
    "style": [
      "faint"
    ]
  },
  {
    "line": 26,
    "col": 7,
    "fg": null,
    "bg": null,
    "style": null
  },
  {
    "line": 26,
    "col": 8,
    "fg": null,
    "bg": "#0000ff",
    "style": [
      "faint"
    ]
  },
  {
    "line": 26,
    "col": 18,
    "fg": null,
    "bg": null,
    "style": null
  },
  {
    "line": 26,
    "col": 19,
    "fg": null,
    "bg": "#0000ff",
    "style": [
      "faint"
    ]
  },
  {
    "line": 26,
    "col": 21,
    "fg": null,
    "bg": null,
    "style": null
  }
]