[
  [
    0,
    0,
    null,
    "#0000ff",
    [
      "faint"
    ]
  ],
  [
    0,
    4,
    null,
    null,
    [
      "bold",
      "faint"
    ]
  ],
  [
    0,
    27,
    null,
    "#0000ff",
    [
      "faint"
    ]
  ],
  [
    0,
    30,
    null,
    null,
    []
  ],
  [
    1,
    0,
    null,
    "#0000ff",
    [
      "faint"
    ]
  ],
  [
    1,
    1,
    null,
    null,
    []
  ],
  [
    1,
    20,
    null,
    "#0000ff",
    [
      "faint"
    ]
  ],
  [
    1,
    21,
    null,
    null,
    []
  ],
  [
    2,
    0,
    null,
    "#0000ff",
    [
      "faint"
    ]
  ],
  [
    2,
    1,
    null,
    null,
    []
  ],
  [
    2,
    3,
    "#000000",
    null,
    [
      "bold",
      "faint"
    ]
  ],
  [
    2,
    9,
    null,
    null,
    []
  ],
  [
    2,
    20,
    "#000000",
    null,
    [
      "faint"
    ]
  ],
  [
    2,
    21,
    null,
    null,
    []
  ],
  [
    3,
    0,
    null,
    "#0000ff",
    [
      "faint"
    ]
  ],
  [
    3,
    1,
    null,
    null,
    []
  ],
  [
    3,
    5,
    null,
    null,
    [
      "faint"
    ]
  ],
  [
    3,
    11,
    null,
    null,
    []
  ],
  [
    4,
    17,
    null,
    "#0000ff",
    [
      "faint"
    ]
  ],
  [
    4,
    18,
    null,
    null,
    []
  ],
  [
    5,
    0,
    null,
    "#0000ff",
    [
      "faint"
    ]
  ],
  [
    5,
    1,
    null,
    null,
    []
  ],
  [
    5,
    5,
    null,
    null,
    [
      "faint"
    ]
  ],
  [
    5,
    11,
    null,
    null,
    []
  ],
  [
    7,
    17,
    null,
    "#0000ff",
    [
      "faint"
    ]
  ],
  [
    7,
    18,
    null,
    null,
    []
  ],
  [
    8,
    0,
    null,
    "#0000ff",
    [
      "faint"
    ]
  ],
  [
    8,
    1,
    null,
    null,
    []
  ],
  [
    8,
    5,
    null,
    null,
    [
      "faint"
    ]
  ],
  [
    8,
    11,
    null,
    null,
    []
  ],
  [
    9,
    17,
    null,
    "#0000ff",
    [
      "faint"
    ]
  ],
  [
    9,
    18,
    null,
    null,
    []
  ],
  [
    10,
    0,
    null,
    "#0000ff",
    [
      "faint"
    ]
  ],
  [
    10,
    1,
    null,
    null,
    []
  ],
  [
    10,
    5,
    null,
    null,
    [
      "faint"
    ]
  ],
  [
    10,
    11,
    null,
    null,
    []
  ],
  [
    11,
    17,
    null,
    "#0000ff",
    [
      "faint"
    ]
  ],
  [
    11,
    18,
    null,
    null,
    []
  ],
  [
    12,
    0,
    null,
    "#0000ff",
    [
      "faint"
    ]
  ],
  [
    12,
    1,
    null,
    null,
    []
  ],
  [
    12,
    5,
    null,
    null,
    [
      "faint"
    ]
  ],
  [
    12,
    8,
    null,
    null,
    []
  ],
  [
    13,
    17,
    null,
    "#0000ff",
    [
      "faint"
    ]
  ],
  [
    13,
    18,
    null,
    null,
    []
  ],
  [
    14,
    0,
    null,
    "#0000ff",
    [
      "faint"
    ]
  ],
  [
    14,
    1,
    null,
    null,
    []
  ],
  [
    14,
    3,
    "#000000",
    null,
    [
      "bold",
      "faint"
    ]
  ],
  [
    14,
    8,
    null,
    null,
    []
  ],
  [
    14,
    20,
    null,
    "#0000ff",
    [
      "faint"
    ]
  ],
  [
    14,
    21,
    null,
    null,
    []
  ],
  [
    15,
    0,
    null,
    "#0000ff",
    [
      "faint"
    ]
  ],
  [
    15,
    1,
    null,
    null,
    []
  ],
  [
    15,
    5,
    null,
    null,
    [
      "faint"
    ]
  ],
  [
    15,
    11,
    null,
    null,
    []
  ],
  [
    16,
    17,
    null,
    "#0000ff",
    [
      "faint"
    ]
  ],
  [
    16,
    18,
    null,
    null,
    []
  ],
  [
    17,
    0,
    null,
    "#0000ff",
    [
      "faint"
    ]
  ],
  [
    17,
    1,
    null,
    null,
    []
  ],
  [
    17,
    5,
    null,
    null,
    [
      "faint"
    ]
  ],
  [
    17,
    11,
    null,
    null,
    []
  ],
  [
    19,
    17,
    null,
    "#0000ff",
    [
      "faint"
    ]
  ],
  [
    19,
    18,
    null,
    null,
    []
  ],
  [
    20,
    0,
    null,
    "#0000ff",
    [
      "faint"
    ]
  ],
  [
    20,
    1,
    null,
    null,
    []
  ],
  [
    20,
    5,
    null,
    null,
    [
      "faint"
    ]
  ],
  [
    20,
    11,
    null,
    null,
    []
  ],
  [
    21,
    17,
    null,
    "#0000ff",
    [
      "faint"
    ]
  ],
  [
    21,
    18,
    null,
    null,
    []
  ],
  [
    22,
    0,
    null,
    "#0000ff",
    [
      "faint"
    ]
  ],
  [
    22,
    1,
    null,
    null,
    []
  ],
  [
    22,
    5,
    null,
    null,
    [
      "faint"
    ]
  ],
  [
    22,
    11,
    null,
    null,
    []
  ],
  [
    24,
    17,
    null,
    "#0000ff",
    [
      "faint"
    ]
  ],
  [
    24,
    18,
    null,
    null,
    []
  ],
  [
    25,
    0,
    null,
    "#0000ff",
    [
      "faint"
    ]
  ],
  [
    25,
    1,
    null,
    null,
    []
  ],
  [
    25,
    5,
    null,
    null,
    [
      "faint"
    ]
  ],
  [
    25,
    7,
    null,
    null,
    []
  ],
  [
    26,
    17,
    "#000000",
    null,
    [
      "faint"
    ]
  ],
  [
    26,
    18,
    null,
    null,
    []
  ],
  [
    27,
    0,
    null,
    "#0000ff",
    [
      "faint"
    ]
  ],
  [
    27,
    1,
    null,
    null,
    []
  ],
  [
    27,
    20,
    null,
    "#0000ff",
    [
      "faint"
    ]
  ],
  [
    27,
    21,
    null,
    null,
    []
  ],
  [
    28,
    0,
    null,
    "#0000ff",
    [
      "faint"
    ]
  ],
  [
    28,
    1,
    null,
    "#0000ff",
    [
      "faint"
    ]
  ],
  [
    28,
    7,
    null,
    null,
    []
  ],
  [
    28,
    8,
    null,
    "#0000ff",
    [
      "faint"
    ]
  ],
  [
    28,
    18,
    null,
    null,
    []
  ],
  [
    28,
    19,
    null,
    "#0000ff",
    [
      "faint"
    ]
  ],
  [
    28,
    21,
    null,
    null,
    []
  ]
]