[
  [
    0,
    0,
    null,
    "#0000ff",
    [
      "faint"
    ]
  ],
  [
    0,
    4,
    null,
    null,
    [
      "bold",
      "faint"
    ]
  ],
  [
    0,
    27,
    null,
    "#0000ff",
    [
      "faint"
    ]
  ],
  [
    0,
    30,
    null,
    null,
    []
  ],
  [
    1,
    0,
    null,
    "#0000ff",
    [
      "faint"
    ]
  ],
  [
    1,
    1,
    null,
    null,
    []
  ],
  [
    1,
    20,
    null,
    "#0000ff",
    [
      "faint"
    ]
  ],
  [
    1,
    21,
    null,
    null,
    []
  ],
  [
    2,
    0,
    null,
    "#0000ff",
    [
      "faint"
    ]
  ],
  [
    2,
    1,
    null,
    null,
    []
  ],
  [
    2,
    5,
    null,
    null,
    [
      "faint"
    ]
  ],
  [
    2,
    7,
    null,
    null,
    []
  ],
  [
    3,
    17,
    "#000000",
    null,
    [
      "faint"
    ]
  ],
  [
    3,
    18,
    null,
    null,
    []
  ],
  [
    4,
    0,
    null,
    "#0000ff",
    [
      "faint"
    ]
  ],
  [
    4,
    1,
    null,
    null,
    []
  ],
  [
    4,
    5,
    null,
    null,
    [
      "faint"
    ]
  ],
  [
    4,
    7,
    null,
    null,
    []
  ],
  [
    5,
    17,
    null,
    "#0000ff",
    [
      "faint"
    ]
  ],
  [
    5,
    18,
    null,
    null,
    []
  ],
  [
    6,
    0,
    null,
    "#0000ff",
    [
      "faint"
    ]
  ],
  [
    6,
    1,
    null,
    null,
    []
  ],
  [
    6,
    5,
    null,
    null,
    [
      "faint"
    ]
  ],
  [
    6,
    7,
    null,
    null,
    []
  ],
  [
    7,
    17,
    null,
    "#0000ff",
    [
      "faint"
    ]
  ],
  [
    7,
    18,
    null,
    null,
    []
  ],
  [
    8,
    0,
    null,
    "#0000ff",
    [
      "faint"
    ]
  ],
  [
    8,
    1,
    null,
    null,
    []
  ],
  [
    8,
    3,
    "#000000",
    null,
    [
      "bold",
      "faint"
    ]
  ],
  [
    8,
    9,
    null,
    null,
    []
  ],
  [
    8,
    20,
    null,
    "#0000ff",
    [
      "faint"
    ]
  ],
  [
    8,
    21,
    null,
    null,
    []
  ],
  [
    9,
    0,
    null,
    "#0000ff",
    [
      "faint"
    ]
  ],
  [
    9,
    1,
    null,
    null,
    []
  ],
  [
    9,
    5,
    null,
    null,
    [
      "faint"
    ]
  ],
  [
    9,
    11,
    null,
    null,
    []
  ],
  [
    10,
    17,
    null,
    "#0000ff",
    [
      "faint"
    ]
  ],
  [
    10,
    18,
    null,
    null,
    []
  ],
  [
    11,
    0,
    null,
    "#0000ff",
    [
      "faint"
    ]
  ],
  [
    11,
    1,
    null,
    null,
    []
  ],
  [
    11,
    5,
    null,
    null,
    [
      "faint"
    ]
  ],
  [
    11,
    11,
    null,
    null,
    []
  ],
  [
    13,
    17,
    null,
    "#0000ff",
    [
      "faint"
    ]
  ],
  [
    13,
    18,
    null,
    null,
    []
  ],
  [
    14,
    0,
    null,
    "#0000ff",
    [
      "faint"
    ]
  ],
  [
    14,
    1,
    null,
    null,
    []
  ],
  [
    14,
    5,
    null,
    null,
    [
      "faint"
    ]
  ],
  [
    14,
    11,
    null,
    null,
    []
  ],
  [
    15,
    17,
    "#000000",
    null,
    [
      "faint"
    ]
  ],
  [
    15,
    18,
    null,
    null,
    []
  ],
  [
    16,
    0,
    null,
    "#0000ff",
    [
      "faint"
    ]
  ],
  [
    16,
    1,
    null,
    null,
    []
  ],
  [
    16,
    5,
    null,
    null,
    [
      "faint"
    ]
  ],
  [
    16,
    11,
    null,
    null,
    []
  ],
  [
    17,
    17,
    null,
    "#0000ff",
    [
      "faint"
    ]
  ],
  [
    17,
    18,
    null,
    null,
    []
  ],
  [
    18,
    0,
    null,
    "#0000ff",
    [
      "faint"
    ]
  ],
  [
    18,
    1,
    null,
    null,
    []
  ],
  [
    18,
    5,
    null,
    null,
    [
      "faint"
    ]
  ],
  [
    18,
    8,
    null,
    null,
    []
  ],
  [
    19,
    17,
    null,
    "#0000ff",
    [
      "faint"
    ]
  ],
  [
    19,
    18,
    null,
    null,
    []
  ],
  [
    20,
    0,
    null,
    "#0000ff",
    [
      "faint"
    ]
  ],
  [
    20,
    1,
    null,
    null,
    []
  ],
  [
    20,
    3,
    "#000000",
    null,
    [
      "bold",
      "faint"
    ]
  ],
  [
    20,
    8,
    null,
    null,
    []
  ],
  [
    20,
    20,
    null,
    "#0000ff",
    [
      "faint"
    ]
  ],
  [
    20,
    21,
    null,
    null,
    []
  ],
  [
    21,
    0,
    null,
    "#0000ff",
    [
      "faint"
    ]
  ],
  [
    21,
    1,
    null,
    null,
    []
  ],
  [
    21,
    5,
    null,
    null,
    [
      "faint"
    ]
  ],
  [
    21,
    11,
    null,
    null,
    []
  ],
  [
    22,
    17,
    null,
    "#0000ff",
    [
      "faint"
    ]
  ],
  [
    22,
    18,
    null,
    null,
    []
  ],
  [
    23,
    0,
    null,
    "#0000ff",
    [
      "faint"
    ]
  ],
  [
    23,
    1,
    null,
    null,
    []
  ],
  [
    23,
    5,
    null,
    null,
    [
      "faint"
    ]
  ],
  [
    23,
    11,
    null,
    null,
    []
  ],
  [
    25,
    17,
    "#000000",
    null,
    [
      "faint"
    ]
  ],
  [
    25,
    18,
    null,
    null,
    []
  ],
  [
    26,
    0,
    null,
    "#0000ff",
    [
      "faint"
    ]
  ],
  [
    26,
    1,
    null,
    null,
    []
  ],
  [
    26,
    20,
    null,
    "#0000ff",
    [
      "faint"
    ]
  ],
  [
    26,
    21,
    null,
    null,
    []
  ],
  [
    27,
    0,
    null,
    "#0000ff",
    [
      "faint"
    ]
  ],
  [
    27,
    1,
    null,
    "#0000ff",
    [
      "faint"
    ]
  ],
  [
    27,
    7,
    null,
    null,
    []
  ],
  [
    27,
    8,
    null,
    "#0000ff",
    [
      "faint"
    ]
  ],
  [
    27,
    18,
    null,
    null,
    []
  ],
  [
    27,
    19,
    null,
    "#0000ff",
    [
      "faint"
    ]
  ],
  [
    27,
    21,
    null,
    null,
    []
  ]
]