[
  [0,0,null,"#0000ff",["faint"]],
  [0,4,null,null,["bold","faint"]],
  [0,27,null,"#0000ff",["faint"]],
  [0,42,null,null,[]],
  [1,0,null,"#0000ff",["faint"]],
  [1,1,null,null,[]],
  [1,41,null,"#0000ff",["faint"]],
  [1,42,null,null,[]],
  [2,0,null,"#0000ff",["faint"]],
  [2,1,null,null,[]],
  [2,3,"#000000",null,["bold","faint"]],
  [2,9,null,null,[]],
  [2,41,"#000000",null,["faint"]],
  [2,42,null,null,[]],
  [3,0,null,"#0000ff",["faint"]],
  [3,1,null,null,[]],
  [3,5,null,null,["faint"]],
  [3,11,null,null,[]],
  [3,41,null,"#0000ff",["faint"]],
  [3,42,null,null,[]],
  [4,0,null,"#0000ff",["faint"]],
  [4,1,null,null,[]],
  [4,5,null,null,["faint"]],
  [4,11,null,null,[]],
  [4,41,null,"#0000ff",["faint"]],
  [4,42,null,null,[]],
  [5,0,null,"#0000ff",["faint"]],
  [5,1,null,null,[]],
  [5,5,null,null,["faint"]],
  [5,11,null,null,[]],
  [5,41,null,"#0000ff",["faint"]],
  [5,42,null,null,[]],
  [6,0,null,"#0000ff",["faint"]],
  [6,1,null,null,[]],
  [6,5,null,null,["faint"]],
  [6,11,null,null,[]],
  [6,41,null,"#0000ff",["faint"]],
  [6,42,null,null,[]],
  [7,0,null,"#0000ff",["faint"]],
  [7,1,null,null,[]],
  [7,5,null,null,["faint"]],
  [7,8,null,null,[]],
  [7,41,null,"#0000ff",["faint"]],
  [7,42,null,null,[]],
  [8,0,null,"#0000ff",["faint"]],
  [8,1,null,null,[]],
  [8,3,"#000000",null,["bold","faint"]],
  [8,8,null,null,[]],
  [8,41,null,"#0000ff",["faint"]],
  [8,42,null,null,[]],
  [9,0,null,"#0000ff",["faint"]],
  [9,1,null,null,[]],
  [9,5,null,null,["faint"]],
  [9,11,null,null,[]],
  [9,41,null,"#0000ff",["faint"]],
  [9,42,null,null,[]],
  [10,0,null,"#0000ff",["faint"]],
  [10,1,null,null,[]],
  [10,5,null,null,["faint"]],
  [10,11,null,null,[]],
  [10,41,null,"#0000ff",["faint"]],
  [10,42,null,null,[]],
  [11,0,null,"#0000ff",["faint"]],
  [11,1,null,null,[]],
  [11,5,null,null,["faint"]],
  [11,11,null,null,[]],
  [11,41,null,"#0000ff",["faint"]],
  [11,42,null,null,[]],
  [12,0,null,"#0000ff",["faint"]],
  [12,1,null,null,[]],
  [12,5,null,null,["faint"]],
  [12,11,null,null,[]],
  [12,41,null,"#0000ff",["faint"]],
  [12,42,null,null,[]],
  [13,0,null,"#0000ff",["faint"]],
  [13,1,null,null,[]],
  [13,5,null,null,["faint"]],
  [13,7,null,null,[]],
  [13,41,"#000000",null,["faint"]],
  [13,42,null,null,[]],
  [14,0,null,"#0000ff",["faint"]],
  [14,1,null,null,[]],
  [14,41,null,"#0000ff",["faint"]],
  [14,42,null,null,[]],
  [15,0,null,"#0000ff",["faint"]],
  [15,1,null,"#0000ff",["faint"]],
  [15,28,null,null,[]],
  [15,29,null,"#0000ff",["faint"]],
  [15,39,null,null,[]],
  [15,40,null,"#0000ff",["faint"]],
  [15,42,null,null,[]]
]