[
  [
    0,
    0,
    null,
    "#0000ff",
    [
      "faint"
    ]
  ],
  [
    0,
    4,
    null,
    null,
    [
      "bold",
      "faint"
    ]
  ],
  [
    0,
    27,
    null,
    "#0000ff",
    [
      "faint"
    ]
  ],
  [
    0,
    30,
    null,
    null,
    []
  ],
  [
    1,
    0,
    null,
    "#0000ff",
    [
      "faint"
    ]
  ],
  [
    1,
    1,
    null,
    null,
    []
  ],
  [
    1,
    20,
    null,
    "#0000ff",
    [
      "faint"
    ]
  ],
  [
    1,
    21,
    null,
    null,
    []
  ],
  [
    2,
    0,
    null,
    "#0000ff",
    [
      "faint"
    ]
  ],
  [
    2,
    1,
    null,
    null,
    []
  ],
  [
    2,
    5,
    null,
    null,
    [
      "faint"
    ]
  ],
  [
    2,
    7,
    null,
    null,
    []
  ],
  [
    3,
    17,
    null,
    "#0000ff",
    [
      "faint"
    ]
  ],
  [
    3,
    18,
    null,
    null,
    []
  ],
  [
    4,
    0,
    null,
    "#0000ff",
    [
      "faint"
    ]
  ],
  [
    4,
    1,
    null,
    null,
    []
  ],
  [
    4,
    5,
    null,
    null,
    [
      "faint"
    ]
  ],
  [
    4,
    7,
    null,
    null,
    []
  ],
  [
    5,
    17,
    null,
    "#0000ff",
    [
      "faint"
    ]
  ],
  [
    5,
    18,
    null,
    null,
    []
  ],
  [
    6,
    0,
    null,
    "#0000ff",
    [
      "faint"
    ]
  ],
  [
    6,
    1,
    null,
    null,
    []
  ],
  [
    6,
    5,
    null,
    null,
    [
      "faint"
    ]
  ],
  [
    6,
    7,
    null,
    null,
    []
  ],
  [
    7,
    17,
    null,
    "#0000ff",
    [
      "faint"
    ]
  ],
  [
    7,
    18,
    null,
    null,
    []
  ],
  [
    8,
    0,
    null,
    "#0000ff",
    [
      "faint"
    ]
  ],
  [
    8,
    1,
    null,
    null,
    []
  ],
  [
    8,
    20,
    null,
    "#0000ff",
    [
      "faint"
    ]
  ],
  [
    8,
    21,
    null,
    null,
    []
  ],
  [
    9,
    0,
    null,
    "#0000ff",
    [
      "faint"
    ]
  ],
  [
    9,
    1,
    null,
    null,
    []
  ],
  [
    9,
    20,
    null,
    "#0000ff",
    [
      "faint"
    ]
  ],
  [
    9,
    21,
    null,
    null,
    []
  ],
  [
    10,
    0,
    null,
    "#0000ff",
    [
      "faint"
    ]
  ],
  [
    10,
    1,
    null,
    null,
    []
  ],
  [
    10,
    20,
    null,
    "#0000ff",
    [
      "faint"
    ]
  ],
  [
    10,
    21,
    null,
    null,
    []
  ],
  [
    11,
    0,
    null,
    "#0000ff",
    [
      "faint"
    ]
  ],
  [
    11,
    1,
    null,
    null,
    []
  ],
  [
    11,
    20,
    null,
    "#0000ff",
    [
      "faint"
    ]
  ],
  [
    11,
    21,
    null,
    null,
    []
  ],
  [
    12,
    0,
    null,
    "#0000ff",
    [
      "faint"
    ]
  ],
  [
    12,
    1,
    null,
    null,
    []
  ],
  [
    12,
    20,
    null,
    "#0000ff",
    [
      "faint"
    ]
  ],
  [
    12,
    21,
    null,
    null,
    []
  ],
  [
    13,
    0,
    null,
    "#0000ff",
    [
      "faint"
    ]
  ],
  [
    13,
    1,
    null,
    null,
    []
  ],
  [
    13,
    20,
    null,
    "#0000ff",
    [
      "faint"
    ]
  ],
  [
    13,
    21,
    null,
    null,
    []
  ],
  [
    14,
    0,
    null,
    "#0000ff",
    [
      "faint"
    ]
  ],
  [
    14,
    1,
    null,
    "#0000ff",
    [
      "faint"
    ]
  ],
  [
    14,
    7,
    null,
    null,
    []
  ],
  [
    14,
    8,
    null,
    "#0000ff",
    [
      "faint"
    ]
  ],
  [
    14,
    18,
    null,
    null,
    []
  ],
  [
    14,
    19,
    null,
    "#0000ff",
    [
      "faint"
    ]
  ],
  [
    14,
    21,
    null,
    null,
    []
  ]
]