[
  {
    "line": 0,
    "col": 0,
    "fg": null,
    "bg": "#0000ff",
    "style": [
      "faint"
    ]
  },
  {
    "line": 0,
    "col": 2,
    "fg": null,
    "bg": null,
    "style": null
  },
  {
    "line": 0,
    "col": 3,
    "fg": null,
    "bg": null,
    "style": [
      "faint"
    ]
  },
  {
    "line": 0,
    "col": 6,
    "fg": null,
    "bg": null,
    "style": null
  },
  {
    "line": 0,
    "col": 6,
    "fg": null,
    "bg": null,
    "style": [
      "faint"
    ]
  },
  {
    "line": 0,
    "col": 44,
    "fg": null,
    "bg": null,
    "style": null
  },
  {
    "line": 0,
    "col": 45,
    "fg": null,
    "bg": "#0000ff",
    "style": [
      "faint"
    ]
  },
  {
    "line": 0,
    "col": 46,
    "fg": null,
    "bg": null,
    "style": null
  },
  {
    "line": 0,
    "col": 46,
    "fg": null,
    "bg": "#0000ff",
    "style": [
      "faint"
    ]
  },
  {
    "line": 0,
    "col": 60,
    "fg": null,
    "bg": null,
    "style": null
  }
]