[
  [
    0,
    0,
    null,
    "#0000ff",
    [
      "faint"
    ]
  ],
  [
    0,
    2,
    null,
    null,
    []
  ],
  [
    0,
    3,
    null,
    "#00ffff",
    [
      "faint"
    ]
  ],
  [
    0,
    6,
    null,
    "#00ffff",
    [
      "faint"
    ]
  ],
  [
    0,
    29,
    null,
    null,
    []
  ],
  [
    0,
    30,
    null,
    "#0000ff",
    [
      "faint"
    ]
  ],
  [
    0,
    31,
    null,
    null,
    []
  ]
]