[
  [
    0,
    0,
    null,
    "#0000ff",
    [
      "faint"
    ]
  ],
  [
    0,
    2,
    null,
    null,
    []
  ],
  [
    0,
    3,
    "#000000",
    null,
    [
      "italic",
      "faint"
    ]
  ],
  [
    0,
    6,
    "#000000",
    null,
    [
      "italic",
      "faint"
    ]
  ],
  [
    0,
    56,
    null,
    null,
    []
  ],
  [
    0,
    57,
    null,
    "#0000ff",
    [
      "faint"
    ]
  ],
  [
    0,
    58,
    null,
    "#0000ff",
    [
      "faint"
    ]
  ],
  [
    0,
    60,
    null,
    null,
    []
  ]
]