[
  [0,0,null,null,["faint"]],
  [0,3,null,null,[]],
  [0,4,null,null,["bold","faint"]],
  [0,16,null,null,[]],
  [0,17,null,null,["faint"]],
  [0,50,null,null,[]],
  [1,0,null,null,["faint"]],
  [1,1,null,null,[]],
  [1,49,null,null,["faint"]],
  [1,50,null,null,[]],
  [2,0,null,null,["faint"]],
  [2,1,null,null,[]],
  [2,3,null,null,["bold","faint"]],
  [2,8,null,null,[]],
  [2,49,null,null,["faint"]],
  [2,50,null,null,[]],
  [3,0,null,null,["faint"]],
  [3,1,null,null,[]],
  [3,3,"#000000","#000000",["faint"]],
  [3,11,"#000000","#000000",["faint"]],
  [3,47,null,null,[]],
  [3,49,null,null,["faint"]],
  [3,50,null,null,[]],
  [4,0,null,null,["faint"]],
  [4,1,null,null,[]],
  [4,49,null,null,["faint"]],
  [4,50,null,null,[]],
  [5,0,null,null,["faint"]],
  [5,1,null,null,["faint"]],
  [5,3,null,null,[]],
  [5,4,"#000000",null,["faint"]],
  [5,9,"#000000",null,["faint"]],
  [5,19,null,null,[]],
  [5,20,null,null,["faint"]],
  [5,33,null,null,[]],
  [5,34,null,null,["faint"]],
  [5,37,"#000000",null,["faint"]],
  [5,46,null,null,[]],
  [5,47,null,null,["faint"]],
  [5,49,null,null,["faint"]],
  [5,50,null,null,[]]
]