╭────────────────────────────────────────────────────────────────────╮
│                                                                    │
│  Criar senha mestra                                                │
│                                                                    │
│  Senha: ✓                                                          │
│  ______                                                            │
│                                                                    │
│  [Fraca]                                                           │
│                                                                    │
│  Confirmar:                                                        │
│  ______                                                            │
│                                                                    │
│                                                                    │
│  Tab Navegar    Enter Criar    Esc Cancelar                        │
│                                                                    │
╰────────────────────────────────────────────────────────────────────╯