╭── Criar senha mestra ──────────────────────────╮
│                                                │
│  Nova senha                                    │
│                                                │
│                                                │
│  Confirmação                                   │
│                                                │
│                                                │
│  Força: Forte                                  │
│                                                │
╰── Enter Confirmar ───────────── Esc Cancelar ──╯