[
  [0,0,null,null,["faint"]],
  [0,70,null,null,[]],
  [1,0,null,null,["faint"]],
  [1,1,null,null,[]],
  [1,69,null,null,["faint"]],
  [1,70,null,null,[]],
  [2,0,null,null,["faint"]],
  [2,1,null,null,[]],
  [2,3,null,null,["bold","faint"]],
  [2,21,null,null,[]],
  [2,69,null,null,["faint"]],
  [2,70,null,null,[]],
  [3,0,null,null,["faint"]],
  [3,1,null,null,[]],
  [3,69,null,null,["faint"]],
  [3,70,null,null,[]],
  [4,0,null,null,["faint"]],
  [4,1,null,null,[]],
  [4,3,null,null,["faint"]],
  [4,11,null,null,[]],
  [4,69,null,null,["faint"]],
  [4,70,null,null,[]],
  [5,0,null,null,["faint"]],
  [5,1,null,null,[]],
  [5,3,null,null,["faint"]],
  [5,9,null,null,[]],
  [5,69,null,null,["faint"]],
  [5,70,null,null,[]],
  [6,0,null,null,["faint"]],
  [6,1,null,null,[]],
  [6,69,null,null,["faint"]],
  [6,70,null,null,[]],
  [7,0,null,null,["faint"]],
  [7,1,null,null,[]],
  [7,3,null,null,["faint"]],
  [7,10,null,null,[]],
  [7,69,null,null,["faint"]],
  [7,70,null,null,[]],
  [8,0,null,null,["faint"]],
  [8,1,null,null,[]],
  [8,69,null,null,["faint"]],
  [8,70,null,null,[]],
  [9,0,null,null,["faint"]],
  [9,1,null,null,[]],
  [9,69,null,null,["faint"]],
  [9,70,null,null,[]],
  [10,0,null,null,["faint"]],
  [10,1,null,null,[]],
  [10,3,null,null,["faint"]],
  [10,9,null,null,[]],
  [10,69,null,null,["faint"]],
  [10,70,null,null,[]],
  [11,0,null,null,["faint"]],
  [11,1,null,null,[]],
  [11,3,null,null,[]],
  [11,69,null,null,["faint"]],
  [11,70,null,null,[]],
  [12,0,null,null,["faint"]],
  [12,1,null,null,[]],
  [12,3,null,null,[]],
  [12,69,null,null,["faint"]],
  [12,70,null,null,[]],
  [13,0,null,null,["faint"]],
  [13,1,null,null,[]],
  [13,3,"#000000",null,["faint"]],
  [13,45,null,null,[]],
  [13,69,null,null,["faint"]],
  [13,70,null,null,[]],
  [14,0,null,null,["faint"]],
  [14,1,null,null,[]],
  [14,69,null,null,["faint"]],
  [14,70,null,null,[]],
  [15,0,null,null,["faint"]],
  [15,70,null,null,[]]
]