╭────────────────────────────────────────────────────────────────────╮
│                                                                    │
│  Senha mestra                                                      │
│                                                                    │
│  ••••••••                                                          │
│                                                                    │
│                                                                    │
│  Enter Confirmar    Esc Cancelar                                   │
│                                                                    │
╰────────────────────────────────────────────────────────────────────╯