[
  [0,0,null,null,["bold","faint"]],
  [0,9,null,null,[]],
  [1,0,"#000000","#000000",["faint"]],
  [1,40,null,null,[]],
  [2,0,null,null,["faint"]],
  [2,40,null,null,[]],
  [3,0,null,null,["faint"]],
  [3,40,null,null,[]],
  [4,0,null,null,["faint"]],
  [4,40,null,null,[]],
  [5,0,null,null,["faint"]],
  [5,40,null,null,[]],
  [6,0,null,null,["faint"]],
  [6,40,null,null,[]],
  [7,0,null,null,["faint"]],
  [7,40,null,null,[]],
  [8,0,null,null,["faint"]],
  [8,27,null,null,["faint"]],
  [8,40,null,null,[]],
  [9,0,null,null,["faint"]],
  [9,38,null,null,["faint"]],
  [9,40,null,null,[]],
  [10,0,null,null,["faint"]],
  [10,3,null,null,[]],
  [10,4,null,null,["faint"]],
  [10,40,null,null,[]],
  [11,0,null,null,["faint"]],
  [11,37,null,null,["faint"]],
  [11,40,null,null,[]],
  [12,0,null,null,["faint"]],
  [12,5,null,null,["faint"]],
  [12,40,null,null,[]],
  [13,0,null,null,["faint"]],
  [13,39,null,null,["faint"]],
  [13,40,null,null,[]],
  [14,0,null,null,["faint"]],
  [14,3,null,null,["faint"]],
  [14,40,null,null,[]],
  [15,0,null,null,["faint"]],
  [15,38,null,null,["faint"]],
  [15,40,null,null,[]],
  [16,0,null,null,["faint"]],
  [16,4,null,null,["faint"]],
  [16,40,null,null,[]],
  [17,0,null,null,["faint"]],
  [17,40,null,null,[]],
  [18,0,null,null,["faint"]],
  [18,7,"#000000",null,["faint"]],
  [18,36,null,null,["faint"]],
  [18,40,null,null,[]],
  [19,0,null,null,["faint"]],
  [19,40,null,null,[]],
  [20,0,null,null,["faint"]],
  [20,40,null,null,[]],
  [21,0,null,null,["faint"]],
  [21,40,null,null,[]],
  [22,0,null,null,["faint"]],
  [22,40,null,null,[]],
  [23,0,null,null,["faint"]],
  [23,40,null,null,[]],
  [24,0,null,null,["faint"]],
  [24,40,null,null,[]],
  [25,0,null,null,["faint"]],
  [25,40,null,null,[]],
  [26,0,"#000000","#000000",["faint"]],
  [26,40,null,null,[]],
  [27,0,null,null,["faint"]],
  [27,2,null,null,["bold","faint"]],
  [27,3,null,null,[]],
  [27,4,null,null,["faint"]],
  [27,9,"#000000",null,["faint"]],
  [27,12,null,null,["bold","faint"]],
  [27,13,null,null,[]],
  [27,14,null,null,["faint"]],
  [27,18,null,null,[]],
  [27,32,null,null,["bold","faint"]],
  [27,34,null,null,[]],
  [27,35,null,null,["faint"]],
  [27,40,null,null,[]]
]