  Abditum
────────────────────────────────────────────────────────────────────────────────
                                                                                
                                                                                
                                                                                
                                                                                
                                                                                
                                                                                
                                                                                
        ╭── ℹ  Test Dialog ────────────────────────────────────────────╮        
        │                                                              │        
        │  This is a test message.                                     │        
        │                                                              │        
        ╰────────────────────────────────────────────────── Enter OK ──╯        
                                                                                
                                                                                
                                                                                
                                                                                
                                                                                
                                                                                
                                                                                
                                                                                
────────────────────────────────────────────────────────────────────────────────
                                                                                