[
  [0,0,null,null,["bold","faint"]],
  [0,9,null,null,[]],
  [1,0,"#000000","#000000",["faint"]],
  [1,80,null,null,[]],
  [9,8,null,null,["faint"]],
  [9,11,null,null,[]],
  [9,12,null,null,["bold","faint"]],
  [9,26,null,null,[]],
  [9,27,null,null,["faint"]],
  [9,72,null,null,[]],
  [10,8,null,null,["faint"]],
  [10,9,null,null,[]],
  [10,71,null,null,["faint"]],
  [10,72,null,null,[]],
  [11,8,null,null,["faint"]],
  [11,9,null,null,[]],
  [11,11,null,null,["faint"]],
  [11,34,null,null,[]],
  [11,71,null,null,["faint"]],
  [11,72,null,null,[]],
  [12,8,null,null,["faint"]],
  [12,9,null,null,[]],
  [12,71,null,null,["faint"]],
  [12,72,null,null,[]],
  [13,8,null,null,["faint"]],
  [13,9,null,null,["faint"]],
  [13,59,null,null,[]],
  [13,60,null,null,["bold","faint"]],
  [13,65,null,null,[]],
  [13,66,null,null,["bold","faint"]],
  [13,68,null,null,[]],
  [13,69,null,null,["faint"]],
  [13,71,null,null,["faint"]],
  [13,72,null,null,[]],
  [22,0,"#000000","#000000",["faint"]],
  [22,80,null,null,[]],
  [23,0,null,null,["faint"]],
  [23,80,null,null,[]]
]