[
  [8,18,null,null,["faint"]],
  [8,45,null,null,[]],
  [9,18,null,null,["faint"]],
  [9,60,null,null,[]],
  [10,18,null,null,["faint"]],
  [10,61,null,null,[]],
  [11,18,null,null,["faint"]],
  [11,61,null,null,[]],
  [12,18,null,null,["faint"]],
  [12,61,null,null,[]],
  [15,37,"#000000",null,["faint"]],
  [15,43,null,null,[]]
]